11-29 22:25:09.096 10619 10653 W .apps.wellbein: Unknown chunk type '200'.
11-29 22:25:09.097 10619 10653 I chatty  : uid=10083(com.google.android.apps.wellbeing) identical 2 lines
11-29 22:25:09.097 10619 10653 W .apps.wellbein: Unknown chunk type '200'.
11-29 22:25:09.147   775  1425 D audio_hw_primary: disable_audio_route: usecase(1) reset and update mixer path: low-latency-playback
11-29 22:25:09.158   775  1425 D audio_hw_primary: disable_snd_device: snd_device(147: vi-feedback)
11-29 22:25:09.158   775  1425 D audio_hw_primary: disable_audio_route: usecase(25) reset and update mixer path: spkr-vi-record
11-29 22:25:09.158   775  1425 D audio_hw_primary: disable_snd_device: snd_device(2: speaker)
11-29 22:25:09.206 10619 10653 W .apps.wellbein: Unknown chunk type '200'.
11-29 22:25:09.601  1612  3322 I ActivityManager: Killing 10340:com.android.chrome:sandboxed_process2/u0a138i611 (adj 906): empty #17
11-29 22:25:09.603  1612  1667 W libprocessgroup: Failed to open process cgroup uid 99611 pid 10340: No such file or directory
11-29 22:25:09.603  1612  1667 E libprocessgroup: Error encountered killing process cgroup uid 99611 pid 10340: No such file or directory
11-29 22:25:09.645  2038  2038 I Zygote  : Process 10340 exited due to signal (9)
11-29 22:25:09.650  1612  3322 W ActivityManager: Scheduling restart of crashed service com.android.chrome/org.chromium.content.app.SandboxedProcessService2 in 1000ms
11-29 22:25:09.655  8897  9226 W cr_ChildProcessConn: onServiceDisconnected (crash or killed by oom): pid=10340 bindings:W   
11-29 22:25:09.665  1612  1671 E KernelUidCpuTimeReader: Malformed cpu data for UID=10056!
11-29 22:25:09.665  1612  1671 E KernelUidCpuTimeReader: Time between reads: +11s815ms
11-29 22:25:09.665  1612  1671 E KernelUidCpuTimeReader: Previous times: u=+711ms s=+851ms
11-29 22:25:09.665  1612  1671 E KernelUidCpuTimeReader: Current times: u=+664ms s=+791ms
11-29 22:25:09.665  1612  1671 E KernelUidCpuTimeReader: Delta: u=-47ms s=-60ms
11-29 22:25:09.684 10619 10653 W .apps.wellbein: Unknown chunk type '200'.
11-29 22:25:09.684 10619 10653 W .apps.wellbein: Unknown chunk type '200'.
11-29 22:25:09.691  1612  1671 D KernelUidCpuTimeReader: Removing uids 99602-99602
11-29 22:25:09.692  1612  1671 D KernelUidCpuTimeReader: Removing uids 99603-99603
11-29 22:25:09.755   753  1311 W qti_sensors_hal: reportSingleEvent: NearBy 1, pData 57, pOffset 254, highThres 0, lowThres 4
11-29 22:25:09.756   775  1956 V MotSpeakerHelperProximity: updated mCurProximityState: NEAR (0.000000)
11-29 22:25:09.756   775  1956 V MotSpeakerHelperProximity: ThreadLoop event mProximityState = NEAR, previous FAR
11-29 22:25:09.772  8897  8897 I cr_TabWebContentsObs: renderProcessGone() for tab id: 5107, already needs reload: false
11-29 22:25:09.937  1612  7005 I MediaFocusControl: abandonAudioFocus() from uid/pid 10138/8897 clientId=android.media.AudioManager@fe49727org.chromium.content.browser.AudioFocusDelegate@748285
11-29 22:25:10.052  1612  1666 I ActivityManager: Start proc 10701:com.android.chrome:privileged_process1/u0a138 for service com.android.chrome/org.chromium.content.app.PrivilegedProcessService1
11-29 22:25:10.070 10701 10701 E ileged_process: Not starting debugger since process cannot load the jdwp agent.
11-29 22:25:10.129  1612  3322 D ActivityManager: ActivityStack{c34a4c4 stackId=0 type=home mode=fullscreen visible=true translucent=false, 1 tasks} occludes Keyguard on display 0
11-29 22:25:10.241 10701 10701 W ileged_process: JIT profile information will not be recorded: profile file does not exits.
11-29 22:25:10.284 10701 10701 I cr_SplitCompatApp: Launched version=107.0.5304.105 minSdkVersion=24 isBundle=true processName=com.android.chrome:privileged_process1 isIsolated=false
11-29 22:25:10.390 10701 10701 I cr_ChildProcessService: Creating new ChildProcessService pid=10701
11-29 22:25:10.398  1612  7005 I ActivityManager: Killing 10039:com.google.android.gms.unstable/u0a58 (adj 906): empty #17
11-29 22:25:10.400  1612  1667 W libprocessgroup: kill(-10039, 9) failed: No such process
11-29 22:25:10.470  1612  1667 W libprocessgroup: kill(-10039, 9) failed: No such process
11-29 22:25:10.476   669   669 I Zygote  : Process 10039 exited due to signal (9)
11-29 22:25:10.484  1612  1667 W libprocessgroup: kill(-10039, 9) failed: No such process
11-29 22:25:10.484  1612  1667 I libprocessgroup: Successfully killed process cgroup uid 10058 pid 10039 in 84ms
11-29 22:25:10.507   753  1318 D NativeSensors: CapSensor:  mPendingEvent.distance=2.000000
11-29 22:25:10.665  1612  7005 I ActivityManager: Killing 9847:com.google.android.gm/u0a110 (adj 906): empty #17
11-29 22:25:10.666  1612  1667 W libprocessgroup: kill(-9847, 9) failed: No such process
11-29 22:25:10.682  1612  1667 W libprocessgroup: kill(-9847, 9) failed: No such process
11-29 22:25:10.690   753  1318 D NativeSensors: CapSensor:  mPendingEvent.distance=2.000000
11-29 22:25:10.697  1612  1667 W libprocessgroup: kill(-9847, 9) failed: No such process
11-29 22:25:10.731  1612  1667 I chatty  : uid=1000(system) ActivityManager identical 13 lines
11-29 22:25:10.740  1612  1667 W libprocessgroup: kill(-9847, 9) failed: No such process
11-29 22:25:10.745   753  1311 W qti_sensors_hal: reportSingleEvent: NearBy 0, pData 57, pOffset -4, highThres 0, lowThres 4
11-29 22:25:10.746   775  1956 V MotSpeakerHelperProximity: updated mCurProximityState: FAR (5.000000)
11-29 22:25:10.746   775  1956 V MotSpeakerHelperProximity: ThreadLoop event mProximityState = FAR, previous NEAR
11-29 22:25:10.754  1612  1667 W libprocessgroup: kill(-9847, 9) failed: No such process
11-29 22:25:10.765  1612  2081 D ConnectivityService: ConnectivityService NetworkRequestInfo binderDied(NetworkRequest [ LISTEN id=1628, [ Capabilities: INTERNET&NOT_RESTRICTED&TRUSTED Unwanted:  Uid: 10110] ], android.os.BinderProxy@3f0f785)
11-29 22:25:10.766  1612  7005 D ConnectivityService: ConnectivityService NetworkRequestInfo binderDied(NetworkRequest [ TRACK_DEFAULT id=1627, [ Capabilities: INTERNET&NOT_RESTRICTED&TRUSTED Unwanted:  Uid: 10110] ], android.os.BinderProxy@ee219da)
11-29 22:25:10.767  1612  1976 D ConnectivityService: releasing NetworkRequest [ TRACK_DEFAULT id=1627, [ Capabilities: INTERNET&NOT_RESTRICTED&TRUSTED Unwanted:  Uid: 10110] ] (release request)
11-29 22:25:10.767  1612  1667 W libprocessgroup: kill(-9847, 9) failed: No such process
11-29 22:25:10.767   669   669 I Zygote  : Process 9847 exited due to signal (9)
11-29 22:25:10.768 10701 10718 I cr_LibraryLoader: Successfully loaded native library
11-29 22:25:10.769  1612  1667 I libprocessgroup: Successfully killed process cgroup uid 10110 pid 9847 in 101ms
11-29 22:25:10.771 10701 10718 I cr_CachingUmaRecorder: Flushed 3 samples from 3 histograms.
11-29 22:25:10.894 10701 10718 I Adreno  : QUALCOMM build                   : ef6512f, I94a6fe707e
11-29 22:25:10.894 10701 10718 I Adreno  : Build Date                       : 04/30/19
11-29 22:25:10.894 10701 10718 I Adreno  : OpenGL ES Shader Compiler Version: EV031.25.03.03
11-29 22:25:10.894 10701 10718 I Adreno  : Local Branch                     : 
11-29 22:25:10.894 10701 10718 I Adreno  : Remote Branch                    : refs/tags/AU_LINUX_ANDROID_LA.UM.7.6.2.R1.09.00.00.463.081
11-29 22:25:10.894 10701 10718 I Adreno  : Remote Branch                    : NONE
11-29 22:25:10.894 10701 10718 I Adreno  : Reconstruct Branch               : NOTHING
11-29 22:25:10.894 10701 10718 I Adreno  : Build Config                     : S L 6.0.7 AArch32
11-29 22:25:10.920 10701 10718 I Adreno  : PFP: 0x005ff113, ME: 0x005ff066
11-29 22:25:10.965 10701 10718 I ConfigStore: android::hardware::configstore::V1_0::ISurfaceFlingerConfigs::hasWideColorDisplay retrieved: 0
11-29 22:25:10.965 10701 10718 I ConfigStore: android::hardware::configstore::V1_0::ISurfaceFlingerConfigs::hasHDRDisplay retrieved: 0
11-29 22:25:11.015  1612  1849 D BatteryService: uevent={POWER_SUPPLY_VOLTAGE_NOW=3586862, POWER_SUPPLY_CHARGING_ENABLED=1, POWER_SUPPLY_HEALTH=Good, POWER_SUPPLY_TECHNOLOGY=Li-ion, POWER_SUPPLY_INPUT_CURRENT_MAX=1500000, POWER_SUPPLY_CHARGE_FULL_DESIGN=3019000, SEQNUM=181513, POWER_SUPPLY_INPUT_CURRENT_SETTLED=1, POWER_SUPPLY_STATUS=Charging, POWER_SUPPLY_BATTERY_CHARGING_ENABLED=1, POWER_SUPPLY_CYCLE_COUNT=79, POWER_SUPPLY_FLASH_ACTIVE=0, POWER_SUPPLY_SAFETY_TIMER_ENABLED=0, POWER_SUPPLY_CAPACITY=12, DEVPATH=/devices/platform/soc/200f000.qcom,spmi/spmi-0/spmi0-02/200f000.qcom,spmi:qcom,pmi8940@2:qcom,qpnp-smbcharger/power_supply/battery, POWER_SUPPLY_VOLTAGE_MAX_DESIGN=4400000, POWER_SUPPLY_CHARGE_TYPE=Trickle, POWER_SUPPLY_FLASH_CURRENT_MAX=0, POWER_SUPPLY_CHARGE_RATE=Normal, POWER_SUPPLY_CURRENT_NOW=694576, POWER_SUPPLY_SYSTEM_TEMP_LEVEL=0, POWER_SUPPLY_PRESENT=1, POWER_SUPPLY_CHARGE_FULL=2724000, SUBSYSTEM=power_supply, POWER_SUPPLY_TEMP_HOTSPOT=0, POWER_SUPPLY_TEMP=322, ACTION=change, POWER_SUPPLY_AGE=90, POWER_SUPPLY_NAME=battery, POWER_SUPPLY_CONSTANT_CHARGE_CURRENT_MAX=1850000, POWER_SUPPLY_VOLTAGE_MAX=4200, POWER_SUPPLY_CHARGE_COUNTER=377167, POWER_SUPPLY_NUM_SYSTEM_TEMP_LEVELS=7}
11-29 22:25:11.021  2129  2129 D QtiCarrierConfigHelper: WARNING, no carrier configs on phone Id: 0
11-29 22:25:11.021  2129  2129 D VideoCall_LowBattery: disconnectVideoCalls on low battery
11-29 22:25:11.021  2129  2129 D VideoCall_LowBattery: disconnectVideoCalls 
11-29 22:25:11.044  2826  2826 I chatty  : uid=10090 com.google.android.googlequicksearchbox:interactor expire 9 lines
11-29 22:25:11.045  1612  1664 W BroadcastQueue: Background execution not allowed: receiving Intent { act=android.intent.action.ACTION_POWER_CONNECTED flg=0x4000010 (has extras) } to com.google.android.gms/.gcm.nts.SchedulerReceiver
11-29 22:25:11.047  2826  3124 I chatty  : uid=10090(com.google.android.googlequicksearchbox) Lite Thread #5 expire 2 lines
11-29 22:25:11.052  1612  1685 I EntropyMixer: Writing entropy...
11-29 22:25:11.054  8897  8897 E cr_BTSPrefs: No data found for task id: 53
11-29 22:25:11.054  8897  8897 E cr_BkgrdTaskScheduler: Task cannot be canceled because no data was found instorage or data was invalid
11-29 22:25:11.056  1612  1849 D BatteryService: uevent={POWER_SUPPLY_VOLTAGE_NOW=3586862, POWER_SUPPLY_CHARGING_ENABLED=1, POWER_SUPPLY_HEALTH=Good, POWER_SUPPLY_TECHNOLOGY=Li-ion, POWER_SUPPLY_INPUT_CURRENT_MAX=1500000, POWER_SUPPLY_CHARGE_FULL_DESIGN=3019000, SEQNUM=181516, POWER_SUPPLY_INPUT_CURRENT_SETTLED=1, POWER_SUPPLY_STATUS=Charging, POWER_SUPPLY_BATTERY_CHARGING_ENABLED=1, POWER_SUPPLY_CYCLE_COUNT=79, POWER_SUPPLY_FLASH_ACTIVE=0, POWER_SUPPLY_SAFETY_TIMER_ENABLED=0, POWER_SUPPLY_CAPACITY=12, DEVPATH=/devices/platform/soc/200f000.qcom,spmi/spmi-0/spmi0-02/200f000.qcom,spmi:qcom,pmi8940@2:qcom,qpnp-smbcharger/power_supply/battery, POWER_SUPPLY_VOLTAGE_MAX_DESIGN=4400000, POWER_SUPPLY_CHARGE_TYPE=Trickle, POWER_SUPPLY_FLASH_CURRENT_MAX=0, POWER_SUPPLY_CHARGE_RATE=Normal, POWER_SUPPLY_CURRENT_NOW=694576, POWER_SUPPLY_SYSTEM_TEMP_LEVEL=0, POWER_SUPPLY_PRESENT=1, POWER_SUPPLY_CHARGE_FULL=2724000, SUBSYSTEM=power_supply, POWER_SUPPLY_TEMP_HOTSPOT=0, POWER_SUPPLY_TEMP=322, ACTION=change, POWER_SUPPLY_AGE=90, POWER_SUPPLY_NAME=battery, POWER_SUPPLY_CONSTANT_CHARGE_CURRENT_MAX=1850000, POWER_SUPPLY_VOLTAGE_MAX=4200, POWER_SUPPLY_CHARGE_COUNTER=377167, POWER_SUPPLY_NUM_SYSTEM_TEMP_LEVELS=7}
11-29 22:25:11.058  2129  2129 D QtiCarrierConfigHelper: WARNING, no carrier configs on phone Id: 0
11-29 22:25:11.058  2129  2129 D VideoCall_LowBattery: disconnectVideoCalls on low battery
11-29 22:25:11.058  2129  2129 D VideoCall_LowBattery: disconnectVideoCalls 
11-29 22:25:11.061  1612  1664 W BroadcastQueue: Background execution not allowed: receiving Intent { act=android.intent.action.ACTION_POWER_CONNECTED flg=0x4000010 (has extras) } to com.google.android.gms/.chimera.GmsIntentOperationService$PersistentTrustedReceiver
11-29 22:25:11.061  1612  1664 W BroadcastQueue: Background execution not allowed: receiving Intent { act=android.intent.action.ACTION_POWER_CONNECTED flg=0x4000010 (has extras) } to com.tracfone.wifiutility/com.tawkon.data.lib.indooroutdoor.sensor.PowerConnectionReceiver
11-29 22:25:11.062  1612  1664 W BroadcastQueue: Background execution not allowed: receiving Intent { act=android.intent.action.ACTION_POWER_CONNECTED flg=0x4000010 (has extras) } to com.tracfone.wifiutility/com.tawkon.data.lib.receiver.PowerConnectionReceiver
11-29 22:25:11.062  1612  1664 W BroadcastQueue: Background execution not allowed: receiving Intent { act=android.intent.action.ACTION_POWER_CONNECTED flg=0x4000010 (has extras) } to com.facebook.katana/com.facebook.battery.monitor.ContinuousBatteryMonitorService$BroadcastReceiver
11-29 22:25:11.064   753  1318 D NativeSensors: CapSensor:  mPendingEvent.distance=0.000000
11-29 22:25:11.068   753  1318 D NativeSensors: CapSensor:  mPendingEvent.distance=0.000000
11-29 22:25:11.103  1612  1849 D BatteryService: uevent={POWER_SUPPLY_VOLTAGE_NOW=3586862, POWER_SUPPLY_CHARGING_ENABLED=1, POWER_SUPPLY_HEALTH=Good, POWER_SUPPLY_TECHNOLOGY=Li-ion, POWER_SUPPLY_INPUT_CURRENT_MAX=1500000, POWER_SUPPLY_CHARGE_FULL_DESIGN=3019000, SEQNUM=181517, POWER_SUPPLY_INPUT_CURRENT_SETTLED=1, POWER_SUPPLY_STATUS=Charging, POWER_SUPPLY_BATTERY_CHARGING_ENABLED=1, POWER_SUPPLY_CYCLE_COUNT=79, POWER_SUPPLY_FLASH_ACTIVE=0, POWER_SUPPLY_SAFETY_TIMER_ENABLED=0, POWER_SUPPLY_CAPACITY=12, DEVPATH=/devices/platform/soc/200f000.qcom,spmi/spmi-0/spmi0-02/200f000.qcom,spmi:qcom,pmi8940@2:qcom,qpnp-smbcharger/power_supply/battery, POWER_SUPPLY_VOLTAGE_MAX_DESIGN=4400000, POWER_SUPPLY_CHARGE_TYPE=Fast, POWER_SUPPLY_FLASH_CURRENT_MAX=0, POWER_SUPPLY_CHARGE_RATE=Normal, POWER_SUPPLY_CURRENT_NOW=694576, POWER_SUPPLY_SYSTEM_TEMP_LEVEL=0, POWER_SUPPLY_PRESENT=1, POWER_SUPPLY_CHARGE_FULL=2724000, SUBSYSTEM=power_supply, POWER_SUPPLY_TEMP_HOTSPOT=0, POWER_SUPPLY_TEMP=322, ACTION=change, POWER_SUPPLY_AGE=90, POWER_SUPPLY_NAME=battery, POWER_SUPPLY_CONSTANT_CHARGE_CURRENT_MAX=1850000, POWER_SUPPLY_VOLTAGE_MAX=4200, POWER_SUPPLY_CHARGE_COUNTER=377167, POWER_SUPPLY_NUM_SYSTEM_TEMP_LEVELS=7}
11-29 22:25:11.146  1612  1612 V MediaPlayer: resetDrmState:  mDrmInfo=null mDrmProvisioningThread=null mPrepareDrmInProgress=false mActiveDrmScheme=false
11-29 22:25:11.146  1612  1612 V MediaPlayer: cleanDrmObj: mDrmObj=null mDrmSessionId=null
11-29 22:25:11.146  1612  1612 V MediaPlayer: resetDrmState:  mDrmInfo=null mDrmProvisioningThread=null mPrepareDrmInProgress=false mActiveDrmScheme=false
11-29 22:25:11.146  1612  1612 V MediaPlayer: cleanDrmObj: mDrmObj=null mDrmSessionId=null
11-29 22:25:11.147  1612  1612 D Ringtone: Problem opening; delegating to remote player
11-29 22:25:11.147  1612  1612 W Ringtone: Use of stream types is deprecated for operations other than volume control
11-29 22:25:11.147  1612  1612 W Ringtone: See the documentation of setStreamType() for what to use instead with android.media.AudioAttributes to qualify your playback use case
11-29 22:25:11.157  6890  6890 I chatty  : uid=10090(com.google.android.googlequicksearchbox) expire 28 lines
11-29 22:25:11.159  6890  7110 I chatty  : uid=10090(com.google.android.googlequicksearchbox) expire 1 line
11-29 22:25:11.160  2826  3119 I chatty  : uid=10090(com.google.android.googlequicksearchbox) Lite Thread #2 expire 4 lines
11-29 22:25:11.169  1612  1671 E BatteryExternalStatsWorker: no controller energy info supplied for bluetooth
11-29 22:25:11.170  1612  1612 V MediaPlayer: resetDrmState:  mDrmInfo=null mDrmProvisioningThread=null mPrepareDrmInProgress=false mActiveDrmScheme=false
11-29 22:25:11.171  1612  1612 V MediaPlayer: cleanDrmObj: mDrmObj=null mDrmSessionId=null
11-29 22:25:11.171  1612  1612 V MediaPlayer: resetDrmState:  mDrmInfo=null mDrmProvisioningThread=null mPrepareDrmInProgress=false mActiveDrmScheme=false
11-29 22:25:11.171  1612  1612 V MediaPlayer: cleanDrmObj: mDrmObj=null mDrmSessionId=null
11-29 22:25:11.172  1612  1612 D Ringtone: Problem opening; delegating to remote player
11-29 22:25:11.179  6890  6920 I chatty  : uid=10090(com.google.android.googlequicksearchbox) expire 3 lines
11-29 22:25:11.222  1612  1612 W Looper  : Slow dispatch took 156ms main h=com.android.server.power.Notifier$NotifierHandler c=null m=6
11-29 22:25:11.226  1612  1612 V SettingsProvider: Notifying for 0: content://settings/global/low_power
11-29 22:25:11.238  1612  1663 W NetworkPolicy: setRestrictBackgroundUL: already false
11-29 22:25:11.257  1612  1849 D BatteryService: uevent={POWER_SUPPLY_VOLTAGE_NOW=3586862, POWER_SUPPLY_CHARGING_ENABLED=1, POWER_SUPPLY_HEALTH=Good, POWER_SUPPLY_TECHNOLOGY=Li-ion, POWER_SUPPLY_INPUT_CURRENT_MAX=1500000, POWER_SUPPLY_CHARGE_FULL_DESIGN=3019000, SEQNUM=181519, POWER_SUPPLY_INPUT_CURRENT_SETTLED=1, POWER_SUPPLY_STATUS=Charging, POWER_SUPPLY_BATTERY_CHARGING_ENABLED=1, POWER_SUPPLY_CYCLE_COUNT=79, POWER_SUPPLY_FLASH_ACTIVE=0, POWER_SUPPLY_SAFETY_TIMER_ENABLED=0, POWER_SUPPLY_CAPACITY=12, DEVPATH=/devices/platform/soc/200f000.qcom,spmi/spmi-0/spmi0-02/200f000.qcom,spmi:qcom,pmi8940@2:qcom,qpnp-smbcharger/power_supply/battery, POWER_SUPPLY_VOLTAGE_MAX_DESIGN=4400000, POWER_SUPPLY_CHARGE_TYPE=Fast, POWER_SUPPLY_FLASH_CURRENT_MAX=0, POWER_SUPPLY_CHARGE_RATE=Normal, POWER_SUPPLY_CURRENT_NOW=694576, POWER_SUPPLY_SYSTEM_TEMP_LEVEL=0, POWER_SUPPLY_PRESENT=1, POWER_SUPPLY_CHARGE_FULL=2724000, SUBSYSTEM=power_supply, POWER_SUPPLY_TEMP_HOTSPOT=0, POWER_SUPPLY_TEMP=322, ACTION=change, POWER_SUPPLY_AGE=90, POWER_SUPPLY_NAME=battery, POWER_SUPPLY_CONSTANT_CHARGE_CURRENT_MAX=1850000, POWER_SUPPLY_VOLTAGE_MAX=4200, POWER_SUPPLY_CHARGE_COUNTER=377167, POWER_SUPPLY_NUM_SYSTEM_TEMP_LEVELS=7}
11-29 22:25:11.265  2008 20086 V MediaPlayer: resetDrmState:  mDrmInfo=null mDrmProvisioningThread=null mPrepareDrmInProgress=false mActiveDrmScheme=false
11-29 22:25:11.265  2008 20086 V MediaPlayer: cleanDrmObj: mDrmObj=null mDrmSessionId=null
11-29 22:25:11.267  2008 20086 V MediaPlayer: resetDrmState:  mDrmInfo=null mDrmProvisioningThread=null mPrepareDrmInProgress=false mActiveDrmScheme=false
11-29 22:25:11.267  2008 20086 V MediaPlayer: cleanDrmObj: mDrmObj=null mDrmSessionId=null
11-29 22:25:11.268  2008 20086 W Ringtone: Remote playback not allowed: java.io.IOException: setDataSource failed.
11-29 22:25:11.268  2008 20086 D Ringtone: Problem opening; delegating to remote player
11-29 22:25:11.268  2008 20086 W Ringtone: Neither local nor remote player available when applying playback properties
11-29 22:25:11.268  2008 20086 W Ringtone: Neither local nor remote player available when applying playback properties
11-29 22:25:11.292   925 13532 D NuPlayerDriver: NuPlayerDriver(0xb0fae1e0) created, clientPid(2008)
11-29 22:25:11.293  8897  8897 W chromium: [WARNING:gpu_process_host.cc(994)] Reinitialized the GPU process after a crash. The reported initialization time was 462 ms
11-29 22:25:11.308   925 10735 D GenericSource: FileSource remote
11-29 22:25:11.327   925 10732 D NuPlayerDriver: notifyListener_l(0xb0fae1e0), (1, 0, 0, -1), loop setting(0, 0)
11-29 22:25:11.339   925 13532 D NuPlayerDriver: start(0xb0fae1e0), state is 4, eos is 0
11-29 22:25:11.339   925 10732 I GenericSource: start
11-29 22:25:11.341   925 10732 W Utils   : track of type 'audio/vorbis' does not publish channel mask, channel count 1
11-29 22:25:11.344   925 10732 W Utils   : track of type 'audio/vorbis' does not publish channel mask, channel count 1
11-29 22:25:11.350   799  2466 I hash_map_utils: key: 'is_hw_dec_session_available' value: 'audio/vorbis'
11-29 22:25:11.353   925 10742 I MediaCodec: (0xadbed000) init name(OMX.google.vorbis.decoder)
11-29 22:25:11.357   925 10743 I OMXClient: IOmx service obtained
11-29 22:25:11.357   930 28682 I OMXMaster: makeComponentInstance(OMX.google.vorbis.decoder) in omx@1.0-service process
11-29 22:25:11.360   925 10743 I MediaCodec: (0xadbed000) Component Allocated (OMX.google.vorbis.decoder)
11-29 22:25:11.361   925 10742 I MediaCodec: (0xadbed000) configure surface(0x0) crypto(0x0) flags(0)
11-29 22:25:11.361   925 10742 D MediaCodec: (0xadbed000) configure format: AMessage(what = 0x00000000) = {
11-29 22:25:11.361   925 10742 D MediaCodec:       string mime = "audio/vorbis"
11-29 22:25:11.361   925 10742 D MediaCodec:       int64_t durationUs = 1567551
11-29 22:25:11.361   925 10742 D MediaCodec:       int32_t bitrate = 80000
11-29 22:25:11.361   925 10742 D MediaCodec:       int32_t channel-count = 1
11-29 22:25:11.361   925 10742 D MediaCodec:       int32_t sample-rate = 44100
11-29 22:25:11.361   925 10742 D MediaCodec:       Buffer csd-0 = {
11-29 22:25:11.361   925 10742 D MediaCodec:         00000000:  01 76 6f 72 62 69 73 00  00 00 00 01 44 ac 00 00  .vorbis.....D...
11-29 22:25:11.361   925 10742 D MediaCodec:         00000010:  00 00 00 00 80 38 01 00  00 00 00 00 b8 01        .....8........
11-29 22:25:11.361   925 10742 D MediaCodec:       }
11-29 22:25:11.361   925 10742 D MediaCodec:       Buffer *csd-1 = 0xb0fa0fc8
11-29 22:25:11.361   925 10742 D MediaCodec:       int32_t priority = 0
11-29 22:25:11.361   925 10742 D MediaCodec:       int32_t pcm-encoding = 2
11-29 22:25:11.361   925 10742 D MediaCodec:     }
11-29 22:25:11.362   930 25232 E OMXNodeInstance: setConfig(0xb0c9cd80:google.vorbis.decoder, ConfigPriority(0x6f800002)) ERROR: Undefined(0x80001001)
11-29 22:25:11.362   925 10743 I ACodec  : codec does not support config priority (err -2147483648)
11-29 22:25:11.362  1612  1671 E BatteryExternalStatsWorker: no controller energy info supplied for bluetooth
11-29 22:25:11.363   930 25232 E OMXNodeInstance: getConfig(0xb0c9cd80:google.vorbis.decoder, ConfigAndroidVendorExtension(0x6f100004)) ERROR: Undefined(0x80001001)
11-29 22:25:11.364   925 10743 I MediaCodec: MediaCodec will operate in async mode
11-29 22:25:11.364   925 10742 I MediaCodec: (0xadbed000) start
11-29 22:25:11.366  2008  2008 V MediaRouter: onRestoreRoute() : route=RouteInfo{ name=Phone, description=null, status=null, category=RouteCategory{ name=System types=ROUTE_TYPE_LIVE_AUDIO ROUTE_TYPE_LIVE_VIDEO  groupable=false }, supportedTypes=ROUTE_TYPE_LIVE_AUDIO ROUTE_TYPE_LIVE_VIDEO , presentationDisplay=null }
11-29 22:25:11.367  2008  2008 V MediaRouter: Selecting route: RouteInfo{ name=Phone, description=null, status=null, category=RouteCategory{ name=System types=ROUTE_TYPE_LIVE_AUDIO ROUTE_TYPE_LIVE_VIDEO  groupable=false }, supportedTypes=ROUTE_TYPE_LIVE_AUDIO ROUTE_TYPE_LIVE_VIDEO , presentationDisplay=null }
11-29 22:25:11.369   754   754 W AshmemAllocator: ashmem_create_region(32768) returning hidl_memory(0xafb96170, 32768)
11-29 22:25:11.380   754   754 I chatty  : uid=1000(system) allocator@1.0-s identical 14 lines
11-29 22:25:11.381   754   754 W AshmemAllocator: ashmem_create_region(32768) returning hidl_memory(0xafb96170, 32768)
11-29 22:25:11.382   925 10743 I MediaCodec: (0xadbed000) kWhatStartCompleted
11-29 22:25:11.398   754   754 W AshmemAllocator: ashmem_create_region(32768) returning hidl_memory(0xafb96170, 32768)
11-29 22:25:11.401   754   754 W AshmemAllocator: ashmem_create_region(32768) returning hidl_memory(0xafb96170, 32768)
11-29 22:25:11.403   925 10743 D MediaCodec: (0xadbed000) kWhatOutputBuffersChanged
11-29 22:25:11.405   925 10743 D MediaCodec: (0xadbed000) [OMX.google.vorbis.decoder] output format changed to: AMessage(what = 0x00000000) = {
11-29 22:25:11.405   925 10743 D MediaCodec:       string mime = "audio/raw"
11-29 22:25:11.405   925 10743 D MediaCodec:       int32_t channel-count = 1
11-29 22:25:11.405   925 10743 D MediaCodec:       int32_t sample-rate = 44100
11-29 22:25:11.405   925 10743 D MediaCodec:       int32_t pcm-encoding = 2
11-29 22:25:11.405   925 10743 D MediaCodec:     }
11-29 22:25:11.407   925 10742 I ExtendedNuUtils: Both src and dst missing for bit-width
11-29 22:25:11.407   925 10742 I ExtendedNuUtils: Overriding durationUs: with 64 bit src value 1567551
11-29 22:25:11.407   925 10742 I ExtendedNuUtils: Both src and dst missing for channel-mask
11-29 22:25:11.410   799 12587 D AudioFlinger: Client defaulted notificationFrames to 7350 for frameCount 22050
11-29 22:25:11.413   799 24858 D APM_AudioPolicyManager: startOutput() output 13, stream 1, session 8377
11-29 22:25:11.415   925 10732 D NuPlayerDriver: notifyListener_l(0xb0fae1e0), (6, 0, 0, -1), loop setting(0, 0)
11-29 22:25:11.461   775  1963 V msm8974_platform: platform_get_output_snd_device: enter: output devices(0x2)
11-29 22:25:11.461   775  1963 V msm8974_platform: platform_get_output_snd_device: exit: snd_device(speaker)
11-29 22:25:11.461   775  1963 V msm8974_platform: platform_get_backend_index:napb: backend port - 0 device - 2 
11-29 22:25:11.461   775  1963 V msm8974_platform: platform_check_and_set_playback_backend_cfg: usecase->stream.out->config.format (0)
11-29 22:25:11.461   775  1963 V msm8974_platform: platform_check_and_set_playback_backend_cfg:becf: afe: bitwidth 16, samplerate 48000 channels 2, backend_idx 0 usecase = 1 device (speaker)
11-29 22:25:11.461   775  1963 V msm8974_platform: platform_check_and_set_playback_backend_cfg: new_snd_devices[0] is 2
11-29 22:25:11.461   775  1963 V msm8974_platform: platform_get_backend_index:napb: backend port - 0 device - 2 
11-29 22:25:11.461   775  1963 V msm8974_platform: platform_check_playback_backend_cfg:becf: afe: bitwidth 16, samplerate 48000 channels 2, backend_idx 0 usecase = 1 device (speaker)
11-29 22:25:11.461   775  1963 V msm8974_platform: platform_check_playback_backend_cfg:becf: afe: Codec selected backend: 0 updated bit width: 16 andsample rate: 48000
11-29 22:25:11.461   775  1963 V msm8974_platform: platform_send_audio_calibration: sending audio calibration for snd_device(2) acdb_id(14)
11-29 22:25:11.461   775  1963 D ACDB-LOADER: ACDB -> send_audio_cal, acdb_id = 14, path = 0, app id = 0x11130, sample rate = 48000
11-29 22:25:11.461   782   829 E ANDR-PERF-RESOURCEQS: Failed to apply optimization [2, 0]
11-29 22:25:11.461   775  1963 D ACDB-LOADER: ACDB -> send_asm_topology
11-29 22:25:11.461   775  1963 D ACDB-LOADER: ACDB -> ACDB_CMD_GET_AUDPROC_STREAM_TOPOLOGY_ID
11-29 22:25:11.462   775  1963 D ACDB-LOADER: ACDB -> send_adm_topology
11-29 22:25:11.462   775  1963 D ACDB-LOADER: ACDB -> ACDB_CMD_GET_AUDPROC_COMMON_TOPOLOGY_ID
11-29 22:25:11.462   775  1963 D ACDB-LOADER: ACDB -> send_audtable
11-29 22:25:11.462   775  1963 D ACDB-LOADER: ACDB -> ACDB_CMD_GET_AUDPROC_COMMON_TABLE_SIZE
11-29 22:25:11.462   775  1963 D ACDB-LOADER: ACDB -> ACDB_CMD_GET_AUDPROC_COMMON_TABLE
11-29 22:25:11.462   775  1963 D ACDB-LOADER: ACDB -> AUDIO_SET_AUDPROC_CAL
11-29 22:25:11.462   775  1963 D ACDB-LOADER: ACDB -> send_audvoltable
11-29 22:25:11.462   775  1963 D ACDB-LOADER: ACDB -> ACDB_CMD_GET_AUDPROC_VOL_STEP_TABLE_SIZE
11-29 22:25:11.462   775  1963 D ACDB-LOADER: ACDB -> ACDB_CMD_GET_AUDPROC_GAIN_DEP_STEP_TABLE, vol index 0
11-29 22:25:11.462   775  1963 D ACDB-LOADER: ACDB -> AUDIO_SET_VOL_CAL cal type = 12
11-29 22:25:11.462   775  1963 D ACDB-LOADER: ACDB -> ACDB_CMD_GET_AUDPROC_STREAM_TABLE_SIZE
11-29 22:25:11.462   775  1963 D ACDB-LOADER: ACDB -> send_audstrmtable
11-29 22:25:11.462   775  1963 D ACDB-LOADER: ACDB -> ACDB_CMD_GET_AUDPROC_STREAM_TABLE_V2
11-29 22:25:11.462   775  1963 D ACDB-LOADER: ACDB -> audstrm_cal->cal_type.cal_data.cal_size = 16
11-29 22:25:11.462   775  1963 D ACDB-LOADER: ACDB -> send_afe_topology
11-29 22:25:11.462   775  1963 D ACDB-LOADER: ACDB -> ACDB_CMD_GET_AFE_TOPOLOGY_ID
11-29 22:25:11.462   775  1963 D ACDB-LOADER: ACDB -> GET_AFE_TOPOLOGY_ID for adcd_id 14, Topology Id 1000b910
11-29 22:25:11.462   775  1963 D ACDB-LOADER: ACDB -> send_afe_cal
11-29 22:25:11.462   775  1963 D ACDB-LOADER: ACDB -> ACDB_CMD_GET_AFE_COMMON_TABLE_SIZE
11-29 22:25:11.462   775  1963 D ACDB-LOADER: ACDB -> ACDB_CMD_GET_AFE_COMMON_TABLE
11-29 22:25:11.462   775  1963 D ACDB-LOADER: ACDB -> AUDIO_SET_AFE_CAL
11-29 22:25:11.462   775  1963 D ACDB-LOADER: ACDB -> send_hw_delay : acdb_id = 14 path = 0
11-29 22:25:11.462   775  1963 D ACDB-LOADER: ACDB -> ACDB_AVSYNC_INFO: ACDB_CMD_GET_DEVICE_PROPERTY
11-29 22:25:11.462   775  1963 V msm8974_platform: platform_send_audio_calibration: sending audio calibration for snd_device(147) acdb_id(102)
11-29 22:25:11.462   775  1963 D ACDB-LOADER: ACDB -> send_audio_cal, acdb_id = 102, path = 1, app id = 0x11130, sample rate = 48000
11-29 22:25:11.462   775  1963 D ACDB-LOADER: ACDB -> send_asm_topology
11-29 22:25:11.462   775  1963 D ACDB-LOADER: ACDB -> ACDB_CMD_GET_AUDPROC_STREAM_TOPOLOGY_ID
11-29 22:25:11.462   775  1963 D ACDB-LOADER: ACDB -> send_adm_topology
11-29 22:25:11.462   775  1963 D ACDB-LOADER: ACDB -> ACDB_CMD_GET_AUDPROC_COMMON_TOPOLOGY_ID
11-29 22:25:11.462   775  1963 D ACDB-LOADER: ACDB -> send_audtable
11-29 22:25:11.462   775  1963 D ACDB-LOADER: ACDB -> ACDB_CMD_GET_AUDPROC_COMMON_TABLE_SIZE
11-29 22:25:11.462   775  1963 D ACDB-LOADER: ACDB -> ACDB_CMD_GET_AUDPROC_COMMON_TABLE
11-29 22:25:11.462   775  1963 D ACDB-LOADER: ACDB -> AUDIO_SET_AUDPROC_CAL
11-29 22:25:11.462   775  1963 D ACDB-LOADER: ACDB -> send_audvoltable
11-29 22:25:11.462   775  1963 D ACDB-LOADER: ACDB -> ACDB_CMD_GET_AUDPROC_VOL_STEP_TABLE_SIZE
11-29 22:25:11.462   775  1963 D ACDB-LOADER: ACDB -> ACDB_CMD_GET_AUDPROC_GAIN_DEP_STEP_TABLE, vol index 0
11-29 22:25:11.462   775  1963 D         : Failed to fetch the lookup information of the device 00000066 
11-29 22:25:11.462   775  1963 E ACDB-LOADER: Error: ACDB AudProc vol returned = -19
11-29 22:25:11.462   775  1963 D ACDB-LOADER: ACDB -> AUDIO_SET_VOL_CAL cal type = 12
11-29 22:25:11.462   775  1963 D ACDB-LOADER: ACDB -> ACDB_CMD_GET_AUDPROC_STREAM_TABLE_SIZE
11-29 22:25:11.462   775  1963 D ACDB-LOADER: ACDB -> send_audstrmtable
11-29 22:25:11.462   775  1963 D ACDB-LOADER: ACDB -> ACDB_CMD_GET_AUDPROC_STREAM_TABLE_V2
11-29 22:25:11.462   775  1963 D ACDB-LOADER: ACDB -> audstrm_cal->cal_type.cal_data.cal_size = 16
11-29 22:25:11.463   775  1963 D ACDB-LOADER: ACDB -> send_afe_topology
11-29 22:25:11.463   775  1963 D ACDB-LOADER: ACDB -> ACDB_CMD_GET_AFE_TOPOLOGY_ID
11-29 22:25:11.463   775  1963 D ACDB-LOADER: ACDB -> GET_AFE_TOPOLOGY_ID for adcd_id 102, Topology Id 1000b909
11-29 22:25:11.463   775  1963 D ACDB-LOADER: ACDB -> send_afe_cal
11-29 22:25:11.463   775  1963 D ACDB-LOADER: ACDB -> ACDB_CMD_GET_AFE_COMMON_TABLE_SIZE
11-29 22:25:11.463   775  1963 D ACDB-LOADER: ACDB -> ACDB_CMD_GET_AFE_COMMON_TABLE
11-29 22:25:11.463   775  1963 D ACDB-LOADER: ACDB -> AUDIO_SET_AFE_CAL
11-29 22:25:11.463   775  1963 D ACDB-LOADER: ACDB -> send_hw_delay : acdb_id = 102 path = 1
11-29 22:25:11.463   775  1963 D ACDB-LOADER: ACDB -> ACDB_AVSYNC_INFO: ACDB_CMD_GET_DEVICE_PROPERTY
11-29 22:25:11.463   775  1963 D audio_hw_primary: enable_snd_device: snd_device(147: vi-feedback)
11-29 22:25:11.463   775  1963 D audio_route: Apply path: vi-feedback
11-29 22:25:11.463   775  1963 D audio_hw_primary: enable_audio_route: usecase(25) apply and update mixer path: spkr-vi-record
11-29 22:25:11.463   775  1963 D audio_route: Apply path: spkr-vi-record
11-29 22:25:11.477   775  1963 D audio_hw_primary: enable_snd_device: snd_device(2: speaker)
11-29 22:25:11.477   775  1963 D audio_route: Apply path: speaker
11-29 22:25:11.478   775  1963 V msm8974_platform: platform_get_snd_device_backend_index: enter with device 2
11-29 22:25:11.478   775  1963 V msm8974_platform: platform_get_backend_index:napb: backend port - 0 device - 2 
11-29 22:25:11.478   775  1963 I audio_hw_utils: Set Audio Stream 12 App Type Cfg: app_type 69936, acdb_dev_id 14, sample_rate 48000, snd_device_be_idx 2
11-29 22:25:11.478   775  1963 D audio_hw_primary: enable_audio_route: usecase(1) apply and update mixer path: low-latency-playback
11-29 22:25:11.478   775  1963 D audio_route: Apply path: low-latency-playback
11-29 22:25:11.479  2625  2625 D BoundBrokerSvc: onBind: Intent { act=com.google.android.gms.common.BIND_SHARED_PREFS pkg=com.google.android.gms }
11-29 22:25:11.479  2625  2625 D BoundBrokerSvc: Loading bound service for intent: Intent { act=com.google.android.gms.common.BIND_SHARED_PREFS pkg=com.google.android.gms }
11-29 22:25:11.480   775  1439 D MotSpeakerHelper: Speaker ON: volume 0.500000 (step 12), usecase SAFE
11-29 22:25:11.491  2625  2625 D BoundBrokerSvc: onUnbind: Intent { act=com.google.android.gms.common.BIND_SHARED_PREFS pkg=com.google.android.gms }
11-29 22:25:11.505  2625  2625 D BoundBrokerSvc: onBind: Intent { act=com.google.android.gms.common.BIND_SHARED_PREFS pkg=com.google.android.gms }
11-29 22:25:11.505  2625  2625 D BoundBrokerSvc: Loading bound service for intent: Intent { act=com.google.android.gms.common.BIND_SHARED_PREFS pkg=com.google.android.gms }
11-29 22:25:11.510   775  1963 D audio_hw_primary: out_write: retry previous failed cal level set
11-29 22:25:11.516  2625  2625 D BoundBrokerSvc: onUnbind: Intent { act=com.google.android.gms.common.BIND_SHARED_PREFS pkg=com.google.android.gms }
11-29 22:25:11.522  2625  2625 D BoundBrokerSvc: onBind: Intent { act=com.google.android.gms.common.BIND_SHARED_PREFS pkg=com.google.android.gms }
11-29 22:25:11.523  2625  2625 D BoundBrokerSvc: Loading bound service for intent: Intent { act=com.google.android.gms.common.BIND_SHARED_PREFS pkg=com.google.android.gms }
11-29 22:25:11.541  2625  2625 D BoundBrokerSvc: onUnbind: Intent { act=com.google.android.gms.common.BIND_SHARED_PREFS pkg=com.google.android.gms }
11-29 22:25:11.562  1612  1684 D UsbDeviceManager: push notification:USB file transfer turned on
11-29 22:25:11.566   925 10732 D NuPlayerDriver: notifyListener_l(0xb0fae1e0), (211, 0, 0, 20), loop setting(0, 0)
11-29 22:25:11.595  1612  1849 D BatteryService: uevent={POWER_SUPPLY_VOLTAGE_NOW=3586862, POWER_SUPPLY_CHARGING_ENABLED=1, POWER_SUPPLY_HEALTH=Good, POWER_SUPPLY_TECHNOLOGY=Li-ion, POWER_SUPPLY_INPUT_CURRENT_MAX=1500000, POWER_SUPPLY_CHARGE_FULL_DESIGN=3019000, SEQNUM=181523, POWER_SUPPLY_INPUT_CURRENT_SETTLED=1, POWER_SUPPLY_STATUS=Charging, POWER_SUPPLY_BATTERY_CHARGING_ENABLED=1, POWER_SUPPLY_CYCLE_COUNT=79, POWER_SUPPLY_FLASH_ACTIVE=0, POWER_SUPPLY_SAFETY_TIMER_ENABLED=0, POWER_SUPPLY_CAPACITY=12, DEVPATH=/devices/platform/soc/200f000.qcom,spmi/spmi-0/spmi0-02/200f000.qcom,spmi:qcom,pmi8940@2:qcom,qpnp-smbcharger/power_supply/battery, POWER_SUPPLY_VOLTAGE_MAX_DESIGN=4400000, POWER_SUPPLY_CHARGE_TYPE=Fast, POWER_SUPPLY_FLASH_CURRENT_MAX=0, POWER_SUPPLY_CHARGE_RATE=Normal, POWER_SUPPLY_CURRENT_NOW=694576, POWER_SUPPLY_SYSTEM_TEMP_LEVEL=0, POWER_SUPPLY_PRESENT=1, POWER_SUPPLY_CHARGE_FULL=2724000, SUBSYSTEM=power_supply, POWER_SUPPLY_TEMP_HOTSPOT=0, POWER_SUPPLY_TEMP=322, ACTION=change, POWER_SUPPLY_AGE=90, POWER_SUPPLY_NAME=battery, POWER_SUPPLY_CONSTANT_CHARGE_CURRENT_MAX=1850000, POWER_SUPPLY_VOLTAGE_MAX=4200, POWER_SUPPLY_CHARGE_COUNTER=377167, POWER_SUPPLY_NUM_SYSTEM_TEMP_LEVELS=7}
11-29 22:25:11.602  2129  2129 D QtiCarrierConfigHelper: WARNING, no carrier configs on phone Id: 0
11-29 22:25:11.602  2129  2129 D VideoCall_LowBattery: disconnectVideoCalls on low battery
11-29 22:25:11.602  2129  2129 D VideoCall_LowBattery: disconnectVideoCalls 
11-29 22:25:11.629   925 10732 D NuPlayerDriver: notifyListener_l(0xb0fae1e0), (211, 0, 0, 20), loop setting(0, 0)
11-29 22:25:11.693   925 10732 D NuPlayerDriver: notifyListener_l(0xb0fae1e0), (211, 0, 0, 20), loop setting(0, 0)
11-29 22:25:11.714 21694  8893 I NetworkScheduler.Stats: Task com.google.android.gms/com.google.android.gms.checkin.EventLogService started execution. cause:6 exec_start_elapsed_seconds: 80262 [CONTEXT service_id=218 ]
11-29 22:25:11.721  2625   532 I Checkin : [EventLogChimeraService] Opted in for usage reporting: true
11-29 22:25:11.722  2625   532 I Checkin : [EventLogChimeraService] Aggregate from 1669780451996 (log), 1669780451996 (data)
11-29 22:25:11.736 21694 10472 I NetworkScheduler.Stats: Task com.google.android.gms/com.google.android.gms.romanesco.ContactsLoggerUploadService started execution. cause:6 exec_start_elapsed_seconds: 80262 [CONTEXT service_id=218 ]
11-29 22:25:11.756   925 10732 D NuPlayerDriver: notifyListener_l(0xb0fae1e0), (211, 0, 0, 20), loop setting(0, 0)
11-29 22:25:11.847  1612  1664 W BroadcastQueue: Background execution not allowed: receiving Intent { act=android.intent.action.DROPBOX_ENTRY_ADDED flg=0x10 (has extras) } to com.google.android.gms/.stats.service.DropBoxEntryAddedReceiver
11-29 22:25:11.847  1612  1664 W BroadcastQueue: Background execution not allowed: receiving Intent { act=android.intent.action.DROPBOX_ENTRY_ADDED flg=0x10 (has extras) } to com.google.android.gms/.chimera.GmsIntentOperationService$PersistentTrustedReceiver
11-29 22:25:11.918 21694  8893 I NetworkScheduler.Stats: Task com.google.android.gms/com.google.android.gms.checkin.EventLogService finished executing. cause:6 result: 1 elapsed_millis: 287 uptime_millis: 287 exec_start_elapsed_seconds: 80262 [CONTEXT service_id=218 ]
11-29 22:25:12.100  2625  3000 I PeopleChimeraService: onService. callbacks = asun@b0ab29a, request = com.google.android.gms.common.internal.GetServiceRequest@31527cb
11-29 22:25:12.148  1612  2081 E WindowManager: App trying to use insecure INPUT_FEATURE_NO_INPUT_CHANNEL flag. Ignoring
11-29 22:25:12.178  1612  1612 W WindowManager: removeWindowToken: Attempted to remove non-existing token: android.os.Binder@f8023f3
11-29 22:25:12.202  2625   532 I ReadContactsHelper: Group ID : starting fetch of Groups [CONTEXT service_id=135 ]
11-29 22:25:12.224  1612  1843 E system_server: No package ID ff found for ID 0xffffffff.
11-29 22:25:12.225  1612  1843 I WindowManager:   SURFACE show Surface(name=Screenshot_delete_dialog)/@0x392f23e: Screenshot_delete_dialog
11-29 22:25:12.237  2625   532 I ContactsLogger: Nothing to upload! [CONTEXT service_id=135 ]
11-29 22:25:12.286 21694  8893 I NetworkScheduler.Stats: Task com.google.android.gms/com.google.android.gms.romanesco.ContactsLoggerUploadService finished executing. cause:6 result: 1 elapsed_millis: 605 uptime_millis: 605 exec_start_elapsed_seconds: 80262 [CONTEXT service_id=218 ]
11-29 22:25:12.527   925 10732 D NuPlayerDriver: notifyListener_l(0xb0fae1e0), (211, 0, 0, 20), loop setting(0, 0)
11-29 22:25:12.538   925 10742 I NuPlayerDecoder: [audio] saw output EOS
11-29 22:25:12.764 17083 17083 D MtpService: starting MTP server in MTP mode with storage /storage/emulated/0 unlocked as user 0
11-29 22:25:12.788   925 10741 D AudioTrack: stop() called with 69129 frames delivered
11-29 22:25:12.788   925 10732 D NuPlayerDriver: notifyListener_l(0xb0fae1e0), (211, 0, 0, 20), loop setting(0, 0)
11-29 22:25:12.794 17083 17083 I MtpService: Couldn't get control FD!
11-29 22:25:12.800 17083 17083 V MtpService: Adding MTP storage:/storage/emulated/0
11-29 22:25:12.800 17083 17083 V MtpService: Adding MTP storage:/storage/543D-1C18
11-29 22:25:13.035  2008  2008 I QuickScreenshotOverlay: Closing quick screenshot overlay
11-29 22:25:13.047   801   869 W SurfaceFlinger: Attempting to destroy on removed layer: c9e22f9 Screenshot_delete_dialog#0
11-29 22:25:13.055  2008  2008 I StatusBar: quitScreenshot remove DISABLE_EXPAND
11-29 22:25:13.088  1612  5413 I WindowManager:   SURFACE show Surface(name=com.android.systemui.ImageWallpaper)/@0x84e90e1: com.android.systemui.ImageWallpaper
11-29 22:25:13.088  1612  5413 I WindowManager:   SURFACE show Surface(name=NavigationBar)/@0xc501556: NavigationBar
11-29 22:25:13.099  1612  5413 V WindowManager: Focus changed from Window{b1cbad2 u0 QuickScreenshot} to Window{7d44979 u0 com.motorola.launcher3/com.android.launcher3.CustomizationPanelLauncher}
11-29 22:25:13.106  1612  5413 E WindowManager: App trying to use insecure INPUT_FEATURE_NO_INPUT_CHANNEL flag. Ignoring
11-29 22:25:13.134   925 10732 D NuPlayerDriver: notifyListener_l(0xb0fae1e0), (2, 0, 0, -1), loop setting(0, 0)
11-29 22:25:13.136  1998  1998 I GoogleInputMethodService: GoogleInputMethodService.onFinishInput():3220 
11-29 22:25:13.137   925 10732 D NuPlayerDriver: notifyListener_l(0xb0fae1e0), (211, 0, 0, 20), loop setting(0, 0)
11-29 22:25:13.138  1998  1998 I GoogleInputMethodService: GoogleInputMethodService.updateDeviceLockedStatus():2085 repeatCheckTimes = 0, unlocked = true
11-29 22:25:13.145  1998  1998 I GoogleInputMethodService: GoogleInputMethodService.onStartInput():1876 onStartInput(EditorInfo{inputType=0x0(NULL) imeOptions=0x0 privateImeOptions=null actionName=UNSPECIFIED actionLabel=null actionId=0 initialSelStart=-1 initialSelEnd=-1 initialCapsMode=0x0 hintText=null label=null packageName=com.motorola.launcher3 fieldId=-1 fieldName=null extras=null}, false)
11-29 22:25:13.146  1998  1998 I GoogleInputMethodService: GoogleInputMethodService.shouldHideHeaderOnInitialState():3985 ShouldHideHeaderOnInitialState = false
11-29 22:25:13.147   801  1319 W SurfaceFlinger: Attempting to destroy on removed layer: b1cbad2 QuickScreenshot#0
11-29 22:25:13.147  1998  1998 I GoogleInputMethodService: GoogleInputMethodService.updateDeviceLockedStatus():2085 repeatCheckTimes = 2, unlocked = true
11-29 22:25:13.149  2008  2008 D StatusBar: disable<e!i a s b h r c s > disable2<q i n >
11-29 22:25:13.164   799  1121 D APM_AudioPolicyManager: stopOutput() output 13, stream 1, session 8377
11-29 22:25:13.205  1612  1843 I WindowManager:   SURFACE show Surface(name=Toast)/@0xe39d987: Toast
11-29 22:25:13.284 10675 10765 W roid.calculato: Accessing hidden field Ljava/util/Collections$SynchronizedCollection;->mutex:Ljava/lang/Object; (dark greylist, reflection)
11-29 22:25:13.285 10675 10765 W roid.calculato: Accessing hidden method Ljava/util/Collections$SynchronizedSet;-><init>(Ljava/util/Set;Ljava/lang/Object;)V (dark greylist, reflection)
11-29 22:25:13.285 10675 10765 W roid.calculato: Accessing hidden method Ljava/util/Collections$SynchronizedCollection;-><init>(Ljava/util/Collection;Ljava/lang/Object;)V (dark greylist, reflection)
11-29 22:25:13.406 21694  9846 I NetworkScheduler.Stats: Task com.google.android.gms/com.google.android.gms.ipa.base.IpaGcmTaskService started execution. cause:9 exec_start_elapsed_seconds: 80264 [CONTEXT service_id=218 ]
11-29 22:25:13.423 21694 10472 I NetworkScheduler.Stats: Task com.google.android.gms/com.google.android.gms.ipa.base.IpaGcmTaskService finished executing. cause:9 result: 1 elapsed_millis: 66 uptime_millis: 66 exec_start_elapsed_seconds: 80264 [CONTEXT service_id=218 ]
11-29 22:25:13.599  1612  1849 D BatteryService: uevent={POWER_SUPPLY_VOLTAGE_NOW=3671853, POWER_SUPPLY_CHARGING_ENABLED=1, POWER_SUPPLY_HEALTH=Good, POWER_SUPPLY_TECHNOLOGY=Li-ion, POWER_SUPPLY_INPUT_CURRENT_MAX=1500000, POWER_SUPPLY_CHARGE_FULL_DESIGN=3019000, SEQNUM=181528, POWER_SUPPLY_INPUT_CURRENT_SETTLED=1, POWER_SUPPLY_STATUS=Charging, POWER_SUPPLY_BATTERY_CHARGING_ENABLED=1, POWER_SUPPLY_CYCLE_COUNT=79, POWER_SUPPLY_FLASH_ACTIVE=0, POWER_SUPPLY_SAFETY_TIMER_ENABLED=0, POWER_SUPPLY_CAPACITY=12, DEVPATH=/devices/platform/soc/200f000.qcom,spmi/spmi-0/spmi0-02/200f000.qcom,spmi:qcom,pmi8940@2:qcom,qpnp-smbcharger/power_supply/battery, POWER_SUPPLY_VOLTAGE_MAX_DESIGN=4400000, POWER_SUPPLY_CHARGE_TYPE=Fast, POWER_SUPPLY_FLASH_CURRENT_MAX=0, POWER_SUPPLY_CHARGE_RATE=Normal, POWER_SUPPLY_CURRENT_NOW=170744, POWER_SUPPLY_SYSTEM_TEMP_LEVEL=0, POWER_SUPPLY_PRESENT=1, POWER_SUPPLY_CHARGE_FULL=2724000, SUBSYSTEM=power_supply, POWER_SUPPLY_TEMP_HOTSPOT=0, POWER_SUPPLY_TEMP=322, ACTION=change, POWER_SUPPLY_AGE=90, POWER_SUPPLY_NAME=battery, POWER_SUPPLY_CONSTANT_CHARGE_CURRENT_MAX=1850000, POWER_SUPPLY_VOLTAGE_MAX=4200, POWER_SUPPLY_CHARGE_COUNTER=376909, POWER_SUPPLY_NUM_SYSTEM_TEMP_LEVELS=7}
11-29 22:25:13.606  2129  2129 D QtiCarrierConfigHelper: WARNING, no carrier configs on phone Id: 0
11-29 22:25:13.606  2129  2129 D VideoCall_LowBattery: disconnectVideoCalls on low battery
11-29 22:25:13.606  2129  2129 D VideoCall_LowBattery: disconnectVideoCalls 
11-29 22:25:14.104  4305  4305 I adbd    : Calling send_auth_request...
11-29 22:25:14.121  4305  4305 I adbd    : Loading keys from /data/misc/adb/adb_keys
11-29 22:25:14.138  4305  4305 I adbd    : adb client authorized
11-29 22:25:14.886   753  1311 W qti_sensors_hal: reportSingleEvent: NearBy 1, pData 57, pOffset -26, highThres 0, lowThres 4
11-29 22:25:14.888   775  1956 V MotSpeakerHelperProximity: updated mCurProximityState: NEAR (0.000000)
11-29 22:25:14.888   775  1956 V MotSpeakerHelperProximity: ThreadLoop event mProximityState = NEAR, previous FAR
11-29 22:25:15.044  2008  2008 D StatusBar: disable<e i a s b h r c s > disable2<q i n >
11-29 22:25:15.052  2008  2008 D StatusBar: disable<e i a s b h r c s > disable2<q i n >
11-29 22:25:15.059  1612  5413 I WindowManager:   SURFACE SIZE set 720x1440: StatusBar
11-29 22:25:15.066   753  1311 W qti_sensors_hal: reportSingleEvent: NearBy 0, pData 57, pOffset 129, highThres 0, lowThres 4
11-29 22:25:15.067   775  1956 V MotSpeakerHelperProximity: updated mCurProximityState: FAR (5.000000)
11-29 22:25:15.067   775  1956 V MotSpeakerHelperProximity: ThreadLoop event mProximityState = FAR, previous NEAR
11-29 22:25:15.083  1612  5413 V WindowManager: Focus changed from Window{7d44979 u0 com.motorola.launcher3/com.android.launcher3.CustomizationPanelLauncher} to Window{e7bec76 u0 StatusBar}
11-29 22:25:15.125  1612  6377 W NotificationService: Toast already killed. pkg=com.android.systemui callback=android.app.ITransientNotification$Stub$Proxy@6240cfe
11-29 22:25:15.158   801  1319 W SurfaceFlinger: Attempting to destroy on removed layer: 2fb625 Toast#0
11-29 22:25:16.117   775  2465 D audio_hw_primary: disable_audio_route: usecase(1) reset and update mixer path: low-latency-playback
11-29 22:25:16.129   775  2465 D audio_hw_primary: disable_snd_device: snd_device(147: vi-feedback)
11-29 22:25:16.130   775  2465 D audio_hw_primary: disable_audio_route: usecase(25) reset and update mixer path: spkr-vi-record
11-29 22:25:16.130   775  2465 D audio_hw_primary: disable_snd_device: snd_device(2: speaker)
11-29 22:25:16.244   925 13532 D NuPlayerDriver: reset(0xb0fae1e0) at state 6
11-29 22:25:16.246   925 13532 D NuPlayerDriver: notifyListener_l(0xb0fae1e0), (8, 0, 0, -1), loop setting(0, 0)
11-29 22:25:16.247   925 10742 I MediaCodec: (0xadbed000) flush
11-29 22:25:16.248   925 10732 D NuPlayerDriver: notifyListener_l(0xb0fae1e0), (211, 0, 0, 20), loop setting(0, 0)
11-29 22:25:16.249   925 10742 I MediaCodec: (0xadbed000) release
11-29 22:25:16.274   925 10732 D NuPlayerDriver: notifyResetComplete(0xb0fae1e0)
11-29 22:25:16.275   925 13532 D NuPlayerDriver: reset(0xb0fae1e0) at state 0
11-29 22:25:16.275   925 13532 W AMessage: failed to post message as target looper for handler 0 is gone.
11-29 22:25:16.276  2008 17630 V MediaPlayer: resetDrmState:  mDrmInfo=null mDrmProvisioningThread=null mPrepareDrmInProgress=false mActiveDrmScheme=false
11-29 22:25:16.276  2008 17630 V MediaPlayer: cleanDrmObj: mDrmObj=null mDrmSessionId=null
11-29 22:25:16.277  2008 17630 V MediaPlayer: resetDrmState:  mDrmInfo=null mDrmProvisioningThread=null mPrepareDrmInProgress=false mActiveDrmScheme=false
11-29 22:25:16.277  2008 17630 V MediaPlayer: cleanDrmObj: mDrmObj=null mDrmSessionId=null
11-29 22:25:16.611  1612  1686 W WindowManager: Unable to start animation, surface is null or no children.
11-29 22:25:17.329  2008  2008 W NotificationEntryMgr: removeNotification for unknown key: 0|com.facebook.orca|10000|ONE_TO_ONE:100003293274003:100000956048224|10195
11-29 22:25:17.857   753  1311 W qti_sensors_hal: reportSingleEvent: NearBy 1, pData 57, pOffset 239, highThres 0, lowThres 4
11-29 22:25:17.858  2008  2008 D StatusBar: disable<e i a s b h r c s > disable2<q i n >
11-29 22:25:17.860   775  1956 V MotSpeakerHelperProximity: updated mCurProximityState: NEAR (0.000000)
11-29 22:25:17.860   775  1956 V MotSpeakerHelperProximity: ThreadLoop event mProximityState = NEAR, previous FAR
11-29 22:25:17.866  1612  6377 V WindowManager: Focus changed from Window{e7bec76 u0 StatusBar} to Window{7d44979 u0 com.motorola.launcher3/com.android.launcher3.CustomizationPanelLauncher}
11-29 22:25:17.883  2008  2008 D StatusBar: disable<e i a s b h r c s > disable2<q i n >
11-29 22:25:17.892  1612  6377 I WindowManager:   SURFACE SIZE set 720x48: StatusBar
11-29 22:25:17.947   753  1311 W qti_sensors_hal: reportSingleEvent: NearBy 0, pData 57, pOffset 134, highThres 0, lowThres 4
11-29 22:25:17.949   775  1956 V MotSpeakerHelperProximity: updated mCurProximityState: FAR (5.000000)
11-29 22:25:17.949   775  1956 V MotSpeakerHelperProximity: ThreadLoop event mProximityState = FAR, previous NEAR
11-29 22:25:23.814  1612  1666 I ActivityManager: Start proc 10770:com.motorola.camera2/u0a30 for content provider com.motorola.camera2/com.motorola.camera.provider.photos.PhotosProvider
11-29 22:25:23.833 10770 10770 E otorola.camera: Not starting debugger since process cannot load the jdwp agent.
11-29 22:25:23.875  1612  5413 D ActivityManager: ActivityStack{c34a4c4 stackId=0 type=home mode=fullscreen visible=true translucent=false, 1 tasks} occludes Keyguard on display 0
11-29 22:25:23.920 10770 10770 I otorola.camera: The ClassLoaderContext is a special shared library.
11-29 22:25:23.940 10770 10770 I otorola.camera: The ClassLoaderContext is a special shared library.
11-29 22:25:23.977   753  1311 W qti_sensors_hal: reportSingleEvent: NearBy 1, pData 57, pOffset -205, highThres 0, lowThres 4
11-29 22:25:23.979   775  1956 V MotSpeakerHelperProximity: updated mCurProximityState: NEAR (0.000000)
11-29 22:25:23.979   775  1956 V MotSpeakerHelperProximity: ThreadLoop event mProximityState = NEAR, previous FAR
11-29 22:25:24.301  1612  5413 W ActivityManager: No permission grants found for com.google.android.apps.photos
11-29 22:25:24.428   753  1311 W qti_sensors_hal: reportSingleEvent: NearBy 0, pData 57, pOffset 35, highThres 0, lowThres 4
11-29 22:25:24.429   775  1956 V MotSpeakerHelperProximity: updated mCurProximityState: FAR (5.000000)
11-29 22:25:24.429   775  1956 V MotSpeakerHelperProximity: ThreadLoop event mProximityState = FAR, previous NEAR
