11-29 15:24:37.078 22051 22051 E SchedPolicy: set_timerslack_ns write failed: Operation not permitted
11-29 15:24:37.078 22051 22051 E SchedPolicy: set_timerslack_ns write failed: Operation not permitted
11-29 15:24:37.111  1612  4466 I chatty  : uid=1000(system) Binder:1612_11 expire 2 lines
11-29 15:24:37.148  1612  1843 I chatty  : uid=1000(system) android.anim expire 4 lines
11-29 15:24:37.332 22051 22051 E SchedPolicy: set_timerslack_ns write failed: Operation not permitted
11-29 15:24:37.395  1612  1627 I chatty  : uid=1000(system) Binder:1612_1 expire 4 lines
11-29 15:25:03.602  1612  6377 I chatty  : uid=1000(system) Binder:1612_19 expire 4 lines
11-29 15:25:03.828  1612  6899 I chatty  : uid=1000(system) Binder:1612_1C expire 7 lines
11-29 15:25:20.451  1612  4466 I chatty  : uid=1000(system) Binder:1612_11 expire 9 lines
11-29 15:25:20.690  1612  1997 I chatty  : uid=1000(system) Binder:1612_4 expire 7 lines
11-29 15:25:21.414  1612  6565 I chatty  : uid=1000(system) Binder:1612_1A expire 8 lines
11-29 15:25:21.580  1612  1843 I chatty  : uid=1000(system) android.anim expire 8 lines
11-29 15:25:26.113  1612  1664 I chatty  : uid=1000(system) ActivityManager expire 20 lines
11-29 15:25:28.214   928  1115 E storaged: getDiskStats failed with result NOT_SUPPORTED and size 0
11-29 15:25:32.616  1612  5413 I chatty  : uid=1000(system) Binder:1612_14 expire 9 lines
11-29 15:25:32.630  1612  1976 I chatty  : uid=1000(system) ConnectivitySer expire 15 lines
11-29 15:25:32.683  1612  1671 I chatty  : uid=1000(system) batterystats-wo expire 8 lines
11-29 15:25:52.527  1612  1849 I chatty  : uid=1000(system) UEventObserver expire 4 lines
11-29 15:26:28.216   928  1115 E storaged: getDiskStats failed with result NOT_SUPPORTED and size 0
11-29 15:26:50.657   929   929 W wificond: Scan aborted
11-29 15:26:55.385  1612  5607 I chatty  : uid=1000(system) Binder:1612_17 expire 2 lines
11-29 15:26:55.390  1612  1664 I chatty  : uid=1000(system) ActivityManager expire 14 lines
11-29 15:26:55.447  1612  1666 I chatty  : uid=1000(system) ActivityManager expire 3 lines
11-29 15:26:55.765  1612  8808 I chatty  : uid=1000(system) Binder:1612_20 expire 7 lines
11-29 15:26:57.013  2008  2008 V DeadZone: consuming errant click: (570.20807,17.05481)
11-29 15:26:57.013  2008  2008 V DeadZone: consuming errant click: (570.20807,17.05481)
11-29 15:26:58.565  1612  1686 I chatty  : uid=1000(system) android.display expire 6 lines
11-29 15:26:59.467  1612  1665 I chatty  : uid=1000(system) android.ui expire 5 lines
11-29 15:26:59.469  1612  1612 I chatty  : uid=1000 system_server expire 13 lines
11-29 15:26:59.578  1612  1690 I chatty  : uid=1000(system) PowerManagerSer expire 6 lines
11-29 15:26:59.639  1612  3317 I chatty  : uid=1000(system) Binder:1612_E expire 9 lines
11-29 15:27:00.069   929   929 W wificond: Skip match ssid for pno scan: MINDOVERMIND, partyhouse23, Guest Network, BethMiitch, LRPD HUB, Arras, ATTM7ATZqs, Linksys00515, iPhone, Dominos, Landers Auto Guest Internet, Verizon-SM-F711U-7224, Taco Bell WiFi, Super 8 Vernon, RodewayInnSuites, Verizon-5004S-XS9P, WAVLINK-N, Danny’s iPhone, NETGEAR_EXT, Twin Peaks Guest, SouthlandCasinoGuest, Wendys, DontGottaBlockMe, KM-Visitor, Days Inn Guest, Zyxel20027, AndroidAP_6925, URWHOUKEEPSEEKING, Starbucks WiFi, Galaxy A13 5G9209, Hardees_Wireless, GUEST, Loves-Customer-WiFi, CRAINGUEST, SIKES, ASUS, Big Red Public, Galaxy A51DA0D, Verizon-SM-G960U-E7C9, Cantina Guest, HP-Print-E5-Officejet 4630, Free River Market WIFI, Pimpin Ain't Ea$y, Freddy's Guest, SETUP, ubnt20, LR-Guest, GEN2 Trailer 497F, Broadcom, ccbccguest , TP-Link_Outdoor_3A200E, Verizon-5004S-P5T5
11-29 15:27:00.281   929   929 I wificond: Pno scan started
11-29 15:27:28.219   928  1115 E storaged: getDiskStats failed with result NOT_SUPPORTED and size 0
11-29 15:27:31.769  1612  1663 I chatty  : uid=1000(system) android.bg expire 1 line
11-29 15:31:53.251   929   929 I wificond: Pno scan result ready event
11-29 15:32:01.004  1612  1684 I chatty  : uid=1000(system) android.fg expire 9 lines
11-29 15:32:04.978  1612  2802 I chatty  : uid=1000(system) Binder:1612_8 expire 6 lines
11-29 15:32:13.282   929   929 I wificond: Pno scan stopped
11-29 15:32:13.311   929   929 W wificond: Skip match ssid for pno scan: MINDOVERMIND, partyhouse23, Guest Network, BethMiitch, LRPD HUB, Arras, ATTM7ATZqs, Linksys00515, iPhone, Dominos, Landers Auto Guest Internet, Verizon-SM-F711U-7224, Taco Bell WiFi, Super 8 Vernon, RodewayInnSuites, Verizon-5004S-XS9P, WAVLINK-N, Danny’s iPhone, NETGEAR_EXT, Twin Peaks Guest, SouthlandCasinoGuest, Wendys, DontGottaBlockMe, KM-Visitor, Days Inn Guest, Zyxel20027, AndroidAP_6925, URWHOUKEEPSEEKING, Starbucks WiFi, Galaxy A13 5G9209, Hardees_Wireless, GUEST, Loves-Customer-WiFi, CRAINGUEST, SIKES, ASUS, Big Red Public, Galaxy A51DA0D, Verizon-SM-G960U-E7C9, Cantina Guest, HP-Print-E5-Officejet 4630, Free River Market WIFI, Pimpin Ain't Ea$y, Freddy's Guest, SETUP, ubnt20, LR-Guest, GEN2 Trailer 497F, Broadcom, ccbccguest , TP-Link_Outdoor_3A200E, Verizon-5004S-P5T5
11-29 15:32:13.490   929   929 I wificond: Pno scan started
11-29 15:32:14.513  1612  1954 I chatty  : uid=1000(system) InputReader expire 2 lines
11-29 15:32:14.653   929   929 I wificond: Pno scan stopped
11-29 15:32:14.918  1612  6921 I chatty  : uid=1000(system) Binder:1612_1D expire 4 lines
11-29 15:32:19.301   928  1115 E storaged: getDiskStats failed with result NOT_SUPPORTED and size 0
11-29 15:32:29.674   929   929 W wificond: Skip match ssid for pno scan: MINDOVERMIND, partyhouse23, Guest Network, BethMiitch, LRPD HUB, Arras, ATTM7ATZqs, Linksys00515, iPhone, Dominos, Landers Auto Guest Internet, Verizon-SM-F711U-7224, Taco Bell WiFi, Super 8 Vernon, RodewayInnSuites, Verizon-5004S-XS9P, WAVLINK-N, Danny’s iPhone, NETGEAR_EXT, Twin Peaks Guest, SouthlandCasinoGuest, Wendys, DontGottaBlockMe, KM-Visitor, Days Inn Guest, Zyxel20027, AndroidAP_6925, URWHOUKEEPSEEKING, Starbucks WiFi, Galaxy A13 5G9209, Hardees_Wireless, GUEST, Loves-Customer-WiFi, CRAINGUEST, SIKES, ASUS, Big Red Public, Galaxy A51DA0D, Verizon-SM-G960U-E7C9, Cantina Guest, HP-Print-E5-Officejet 4630, Free River Market WIFI, Pimpin Ain't Ea$y, Freddy's Guest, SETUP, ubnt20, LR-Guest, GEN2 Trailer 497F, Broadcom, ccbccguest , TP-Link_Outdoor_3A200E, Verizon-5004S-P5T5
11-29 15:32:29.893   929   929 I wificond: Pno scan started
11-29 15:32:30.251   929   929 I wificond: Pno scan stopped
11-29 15:32:33.403  1612  2081 I chatty  : uid=1000(system) Binder:1612_5 expire 2 lines
11-29 15:32:37.550   929   929 W wificond: Scan is not started. Ignore abort request
11-29 15:32:37.854  1612  1664 I chatty  : uid=1000(system) ActivityManager expire 6 lines
11-29 15:32:38.137  1612  1971 I chatty  : uid=1000(system) WifiStateMachin expire 1 line
11-29 15:32:38.137  1612  1976 I chatty  : uid=1000(system) ConnectivitySer expire 15 lines
11-29 15:32:38.237  1612  1664 I chatty  : uid=1000(system) ActivityManager expire 9 lines
11-29 15:32:39.375  1612  2802 I chatty  : uid=1000(system) Binder:1612_8 expire 10 lines
11-29 15:32:39.403  1612  1971 I chatty  : uid=1000(system) WifiStateMachin expire 2 lines
11-29 15:32:39.489   668   690 E NetlinkEvent: NetlinkEvent::FindParam(): Parameter 'INTERFACE' not found
11-29 15:32:39.489   668   690 E NetlinkEvent: NetlinkEvent::FindParam(): Parameter 'STATE' not found
11-29 15:32:39.489   668   690 E NetlinkEvent: NetlinkEvent::FindParam(): Parameter 'TIME_NS' not found
11-29 15:32:39.489   668   690 E NetlinkEvent: NetlinkEvent::FindParam(): Parameter 'UID' not found
11-29 15:32:39.573  1612  3322 I chatty  : uid=1000(system) Binder:1612_10 expire 4 lines
11-29 15:32:39.589  1612  1847 I chatty  : uid=1000(system) Binder:1612_3 expire 1 line
11-29 15:32:40.657  1612  1666 I chatty  : uid=1000(system) ActivityManager expire 8 lines
11-29 15:32:40.715  1612  6921 I chatty  : uid=1000(system) Binder:1612_1D expire 19 lines
11-29 15:32:41.067  1612  1997 I chatty  : uid=1000(system) Binder:1612_4 expire 10 lines
11-29 15:32:41.188  1612  1843 I chatty  : uid=1000(system) android.anim expire 12 lines
11-29 15:32:41.503 20044 20044 D ActivityThread: Loading provider com.google.android.gm.sapi: com.google.android.gm.sapi.SapiUiProvider
11-29 15:32:44.881  1612  1628 I chatty  : uid=1000(system) Binder:1612_2 expire 23 lines
11-29 15:32:44.889 20064 20064 W ActivityThread: serviceCreate starts in 3611 ms, CreateServiceData = CreateServiceData{token=android.os.BinderProxy@b9a27f5 className=com.squareup.cash.integration.analytics.JobBatchScheduler$Service packageName=com.squareup.cash intent=null}
11-29 15:32:44.891 20064 20064 W ActivityThread: serviceCreate starts in 3612 ms, CreateServiceData = CreateServiceData{token=android.os.BinderProxy@54dd98a className=androidx.work.impl.background.systemjob.SystemJobService packageName=com.squareup.cash intent=null}
11-29 15:32:45.038  1612  8739 I chatty  : uid=1000(system) Binder:1612_1F expire 10 lines
11-29 15:32:46.386  1612  1686 I chatty  : uid=1000(system) android.display expire 7 lines
11-29 15:32:47.926  1612  1849 I chatty  : uid=1000(system) UEventObserver expire 2 lines
11-29 15:32:58.604  1612  1612 I chatty  : uid=1000 system_server expire 12 lines
11-29 15:32:58.902  1612  1663 I chatty  : uid=1000(system) android.bg expire 2 lines
11-29 15:33:19.302   928  1115 E storaged: getDiskStats failed with result NOT_SUPPORTED and size 0
11-29 15:33:34.842  1612  1953 I chatty  : uid=1000(system) InputDispatcher expire 15 lines
11-29 15:33:35.050  1612  8808 I chatty  : uid=1000(system) Binder:1612_20 expire 11 lines
11-29 15:33:37.852 20463 20482 E SchedPolicy: set_timerslack_ns write failed: Operation not permitted
11-29 15:33:38.444 20463 20463 E ActivityThread: Performing stop of activity that is already stopped: {com.facebook.orca/com.facebook.orca.auth.StartScreenActivity}
11-29 15:33:38.444 20463 20463 E ActivityThread: java.lang.RuntimeException: Performing stop of activity that is already stopped: {com.facebook.orca/com.facebook.orca.auth.StartScreenActivity}
11-29 15:33:38.444 20463 20463 E ActivityThread: 	at android.app.ActivityThread.performStopActivityInner(ActivityThread.java:4324)
11-29 15:33:38.444 20463 20463 E ActivityThread: 	at android.app.ActivityThread.performStopActivity(ActivityThread.java:4269)
11-29 15:33:38.444 20463 20463 E ActivityThread: 	at java.lang.reflect.Method.invoke(Native Method)
11-29 15:33:38.444 20463 20463 E ActivityThread: 	at X.0SL.A04(:504)
11-29 15:33:38.444 20463 20463 E ActivityThread: 	at X.0Rr.A06(:4)
11-29 15:33:38.444 20463 20463 E ActivityThread: 	at X.0Rp.onCreate(:17)
11-29 15:33:38.444 20463 20463 E ActivityThread: 	at android.app.Instrumentation.callApplicationOnCreate(Instrumentation.java:1176)
11-29 15:33:38.444 20463 20463 E ActivityThread: 	at android.app.ActivityThread.handleBindApplication(ActivityThread.java:6127)
11-29 15:33:38.444 20463 20463 E ActivityThread: 	at android.app.ActivityThread.access$1200(ActivityThread.java:213)
11-29 15:33:38.444 20463 20463 E ActivityThread: 	at android.app.ActivityThread$H.handleMessage(ActivityThread.java:1816)
11-29 15:33:38.444 20463 20463 E ActivityThread: 	at android.os.Handler.dispatchMessage(Handler.java:106)
11-29 15:33:38.444 20463 20463 E ActivityThread: 	at android.os.Looper.loop(Looper.java:215)
11-29 15:33:38.444 20463 20463 E ActivityThread: 	at android.app.ActivityThread.main(ActivityThread.java:6939)
11-29 15:33:38.444 20463 20463 E ActivityThread: 	at java.lang.reflect.Method.invoke(Native Method)
11-29 15:33:38.444 20463 20463 E ActivityThread: 	at com.android.internal.os.RuntimeInit$MethodAndArgsCaller.run(RuntimeInit.java:493)
11-29 15:33:38.444 20463 20463 E ActivityThread: 	at com.android.internal.os.ZygoteInit.main(ZygoteInit.java:870)
11-29 15:33:38.444 20463 20463 E ActivityThread: ActivityClientRecord{paused=true, stopped=true, hideForNow=false, startsNotResumed=false, isForward=true, pendingConfigChanges=0, preserveWindow=false, Activity{resumed=false, stopped=true, finished=false, destroyed=false, startedActivity=false, temporaryPause=false, changingConfigurations=false}}
11-29 15:33:38.669 20463 20530 E SchedPolicy: set_timerslack_ns write failed: Operation not permitted
11-29 15:33:38.674 20463 20530 E SchedPolicy: set_timerslack_ns write failed: Operation not permitted
11-29 15:33:38.816  1612  8739 I chatty  : uid=1000(system) Binder:1612_1F expire 8 lines
11-29 15:33:39.151  1612  1997 I chatty  : uid=1000(system) Binder:1612_4 expire 6 lines
11-29 15:33:39.189  1612  1843 I chatty  : uid=1000(system) android.anim expire 13 lines
11-29 15:33:40.710 20463 20524 E SchedPolicy: set_timerslack_ns write failed: Operation not permitted
11-29 15:33:42.233 20463 20624 E SchedPolicy: set_timerslack_ns write failed: Operation not permitted
11-29 15:33:56.083  1612  1665 I chatty  : uid=1000(system) android.ui expire 2 lines
11-29 15:34:03.118  1612  3104 I chatty  : uid=1000(system) Binder:1612_C expire 11 lines
11-29 15:34:08.524  1612  1628 I chatty  : uid=1000(system) Binder:1612_2 expire 1 line
11-29 15:34:08.905  1612  1666 I chatty  : uid=1000(system) ActivityManager expire 16 lines
11-29 15:34:08.961  1612  3322 I chatty  : uid=1000(system) Binder:1612_10 expire 7 lines
11-29 15:34:09.109  1612  8808 I chatty  : uid=1000(system) Binder:1612_20 expire 7 lines
11-29 15:34:10.602  1612  1976 I chatty  : uid=1000(system) ConnectivitySer expire 6 lines
11-29 15:34:10.914  1612  6921 I chatty  : uid=1000(system) Binder:1612_1D expire 4 lines
11-29 15:34:11.251  1612  2802 I chatty  : uid=1000(system) Binder:1612_8 expire 3 lines
11-29 15:34:11.305  1612  1849 I chatty  : uid=1000(system) UEventObserver expire 2 lines
11-29 15:34:18.321  1612  8739 I chatty  : uid=1000(system) Binder:1612_1F expire 1 line
11-29 15:34:18.322  1612  4466 I chatty  : uid=1000(system) Binder:1612_11 expire 11 lines
11-29 15:34:19.315   928  1115 E storaged: getDiskStats failed with result NOT_SUPPORTED and size 0
11-29 15:34:19.418  1612  5607 I chatty  : uid=1000(system) Binder:1612_17 expire 5 lines
11-29 15:34:19.581  1612  1847 I chatty  : uid=1000(system) Binder:1612_3 expire 11 lines
11-29 15:34:19.621  1612  1843 I chatty  : uid=1000(system) android.anim expire 7 lines
11-29 15:34:19.662  1612  1686 I chatty  : uid=1000(system) android.display expire 2 lines
11-29 15:34:20.104  1612  5413 I chatty  : uid=1000(system) Binder:1612_14 expire 5 lines
11-29 15:34:20.131  1612  3317 I chatty  : uid=1000(system) Binder:1612_E expire 33 lines
11-29 15:34:20.458  1612  3321 I chatty  : uid=1000(system) Binder:1612_F expire 7 lines
11-29 15:34:29.502  1612  1664 I chatty  : uid=1000(system) ActivityManager expire 15 lines
11-29 15:34:32.226  1612  1612 I chatty  : uid=1000 system_server expire 14 lines
11-29 15:34:33.010  1612  1663 I chatty  : uid=1000(system) android.bg expire 4 lines
11-29 15:34:41.114  1612  5681 I chatty  : uid=1000(system) Binder:1612_18 expire 3 lines
11-29 15:34:46.707  1612  2318 I chatty  : uid=1000(system) Binder:1612_6 expire 4 lines
11-29 15:35:09.950  1612  4594 I chatty  : uid=1000(system) Binder:1612_12 expire 13 lines
11-29 15:35:16.155 21432 21432 W ActivityThread: serviceCreate starts in 5373 ms, CreateServiceData = CreateServiceData{token=android.os.BinderProxy@e3296b0 className=com.taobao.accs.internal.AccsJobService packageName=com.alibaba.aliexpresshd intent=null}
11-29 15:35:16.455  1612  1612 I chatty  : uid=1000 system_server expire 8 lines
11-29 15:35:17.992 21419 21419 W ActivityThread: serviceCreate starts in 7226 ms, CreateServiceData = CreateServiceData{token=android.os.BinderProxy@7160531 className=androidx.work.impl.background.systemjob.SystemJobService packageName=com.mcdonalds.app intent=null}
11-29 15:35:18.477 21406 21406 W ActivityThread: serviceCreate starts in 7736 ms, CreateServiceData = CreateServiceData{token=android.os.BinderProxy@b3f4339 className=androidx.work.impl.background.systemjob.SystemJobService packageName=com.picsart.studio intent=null}
11-29 15:35:18.742  1612  1666 I chatty  : uid=1000(system) ActivityManager expire 5 lines
11-29 15:35:18.744  1612  3317 I chatty  : uid=1000(system) Binder:1612_E expire 3 lines
11-29 15:35:18.948  1612  1671 I chatty  : uid=1000(system) batterystats-wo expire 2 lines
11-29 15:35:19.356   928  1115 E storaged: getDiskStats failed with result NOT_SUPPORTED and size 0
11-29 15:35:21.372  1612  1684 I chatty  : uid=1000(system) android.fg expire 1 line
11-29 15:35:23.484 21447 21447 D SystemConfig: Removed unavailable feature android.hardware.fingerprint
11-29 15:35:23.490 21447 21447 D SystemConfig: Removed unavailable feature android.hardware.sensor.compass
11-29 15:35:23.578 21447 21447 W SystemConfig: No directory /oem/etc/motorola/bgintents, skipping
11-29 15:35:23.578 21447 21447 W SystemConfig: No directory /system/etc/motorola/sysconfig, skipping
11-29 15:35:23.578 21447 21447 W SystemConfig: No directory /oem/etc/motorola/sysconfig, skipping
11-29 15:35:24.253  1612  3104 I chatty  : uid=1000(system) Binder:1612_C expire 2 lines
11-29 15:35:24.309 22310 22310 W ActivityThread: serviceCreate starts in 2549 ms, CreateServiceData = CreateServiceData{token=android.os.BinderProxy@3011d8e className=androidx.work.impl.background.systemjob.SystemJobService packageName=com.google.android.apps.youtube.music intent=null}
11-29 15:35:25.214  1612  1997 I chatty  : uid=1000(system) Binder:1612_4 expire 2 lines
11-29 15:35:26.512  1612  5537 I chatty  : uid=1000(system) Binder:1612_16 expire 1 line
11-29 15:35:26.512  1612  1627 I chatty  : uid=1000(system) Binder:1612_1 expire 3 lines
11-29 15:35:28.668  1612  1612 I chatty  : uid=1000 system_server expire 10 lines
11-29 15:35:28.812  1612  5506 I chatty  : uid=1000(system) Binder:1612_15 expire 1 line
11-29 15:35:30.325  1612  1847 I chatty  : uid=1000(system) Binder:1612_3 expire 17 lines
11-29 15:35:30.901  1612  2448 I chatty  : uid=1000(system) Binder:1612_7 expire 2 lines
11-29 15:35:31.333 21447 21447 W ActivityThread: serviceCreate starts in 20472 ms, CreateServiceData = CreateServiceData{token=android.os.BinderProxy@2ed5d1c className=com.google.android.datatransport.runtime.scheduling.jobscheduling.JobInfoSchedulerService packageName=com.paypal.android.p2pmobile intent=null}
11-29 15:35:31.341 21447 21447 W ActivityThread: serviceCreate starts in 20478 ms, CreateServiceData = CreateServiceData{token=android.os.BinderProxy@1175d25 className=androidx.work.impl.background.systemjob.SystemJobService packageName=com.paypal.android.p2pmobile intent=null}
11-29 15:35:31.572  1612  1666 I chatty  : uid=1000(system) ActivityManager expire 10 lines
11-29 15:35:31.591  1612  3321 I chatty  : uid=1000(system) Binder:1612_F expire 4 lines
11-29 15:35:31.647  1612  1671 I chatty  : uid=1000(system) batterystats-wo expire 7 lines
11-29 15:35:32.426 21447 21447 W ActivityThread: serviceCreate starts in 3741 ms, CreateServiceData = CreateServiceData{token=android.os.BinderProxy@f062ffa className=androidx.work.impl.background.systemjob.SystemJobService packageName=com.paypal.android.p2pmobile intent=null}
11-29 15:35:32.974  1612  1976 I chatty  : uid=1000(system) ConnectivitySer expire 5 lines
11-29 15:35:32.998  1612  2865 I chatty  : uid=1000(system) Binder:1612_9 expire 4 lines
11-29 15:35:33.377  1612  1663 I chatty  : uid=1000(system) android.bg expire 5 lines
11-29 15:35:33.742  1612  1849 I chatty  : uid=1000(system) UEventObserver expire 2 lines
11-29 15:35:33.897  1612  4466 I chatty  : uid=1000(system) Binder:1612_11 expire 7 lines
11-29 15:35:34.308  1612  5681 I chatty  : uid=1000(system) Binder:1612_18 expire 11 lines
11-29 15:35:35.857  1612  2879 I chatty  : uid=1000(system) Binder:1612_B expire 16 lines
11-29 15:35:38.859  1612  1664 I chatty  : uid=1000(system) ActivityManager expire 4 lines
11-29 15:35:40.567  1612  3105 I chatty  : uid=1000(system) Binder:1612_D expire 1 line
11-29 15:35:43.583  1612  2081 I chatty  : uid=1000(system) Binder:1612_5 expire 5 lines
11-29 15:35:45.773  1612  4594 I chatty  : uid=1000(system) Binder:1612_12 expire 8 lines
11-29 15:35:54.997 23108 23108 W ActivityThread: serviceCreate starts in 2828 ms, CreateServiceData = CreateServiceData{token=android.os.BinderProxy@375e90c className=androidx.work.impl.background.systemjob.SystemJobService packageName=com.mcdonalds.app intent=null}
11-29 15:36:02.860  1612  7005 I chatty  : uid=1000(system) Binder:1612_1E expire 4 lines
11-29 15:36:03.320  1612  3322 I chatty  : uid=1000(system) Binder:1612_10 expire 17 lines
11-29 15:36:03.406 20064 20064 E SchedPolicy: set_timerslack_ns write failed: Operation not permitted
11-29 15:36:04.695  1612  1997 I chatty  : uid=1000(system) Binder:1612_4 expire 1 line
11-29 15:36:05.188 20064 20064 E SchedPolicy: set_timerslack_ns write failed: Operation not permitted
11-29 15:36:05.821  1612  1612 I chatty  : uid=1000 system_server expire 11 lines
11-29 15:36:13.165  1612  1665 I chatty  : uid=1000(system) android.ui expire 8 lines
11-29 15:36:13.318  1612  1690 I chatty  : uid=1000(system) PowerManagerSer expire 26 lines
11-29 15:36:13.510  1612  1686 I chatty  : uid=1000(system) android.display expire 5 lines
11-29 15:36:13.633  1612  6634 I chatty  : uid=1000(system) Binder:1612_1B expire 5 lines
11-29 15:36:14.225  1612  1954 I chatty  : uid=1000(system) InputReader expire 2 lines
11-29 15:36:14.912  1612  1843 I chatty  : uid=1000(system) android.anim expire 2 lines
11-29 15:36:19.028  1612  8808 I chatty  : uid=1000(system) Binder:1612_20 expire 2 lines
11-29 15:36:19.410   928  1115 E storaged: getDiskStats failed with result NOT_SUPPORTED and size 0
11-29 15:36:19.997  1612  1612 I chatty  : uid=1000 system_server expire 10 lines
11-29 15:36:20.502  2625 20656 W PackageParser: Unknown element under <manifest>: queries at /data/user_de/0/com.google.android.gms/app_chimera/m/0000009f/dl-AdsFdrDynamite.integ_223104600100000.apk Binary XML file line #11
11-29 15:36:20.651  2625 20656 W PackageParser: Unknown element under <manifest>: queries at /data/user_de/0/com.google.android.gms/app_chimera/m/000000cd/dl-AdsFdrDynamite.integ_223712200100000.apk Binary XML file line #11
11-29 15:36:21.112  2625 20656 W PackageParser: Unknown element under <manifest>: queries at /data/user_de/0/com.google.android.gms/app_chimera/m/0000009f/dl-AdsFdrDynamite.integ_223104600100000.apk Binary XML file line #11
11-29 15:36:21.211  2625 20656 W PackageParser: Unknown element under <manifest>: queries at /data/user_de/0/com.google.android.gms/app_chimera/m/000000cd/dl-AdsFdrDynamite.integ_223712200100000.apk Binary XML file line #11
11-29 15:36:21.540  2625 20656 W PackageParser: Unknown element under <manifest>: queries at /data/user_de/0/com.google.android.gms/app_chimera/m/0000009f/dl-AdsFdrDynamite.integ_223104600100000.apk Binary XML file line #11
11-29 15:36:21.635  2625 20656 W PackageParser: Unknown element under <manifest>: queries at /data/user_de/0/com.google.android.gms/app_chimera/m/000000cd/dl-AdsFdrDynamite.integ_223712200100000.apk Binary XML file line #11
11-29 15:36:37.334  1612  1847 I chatty  : uid=1000(system) Binder:1612_3 expire 1 line
11-29 15:36:37.506  1612  6565 I chatty  : uid=1000(system) Binder:1612_1A expire 1 line
11-29 15:36:37.972  1612  5296 I chatty  : uid=1000(system) Binder:1612_13 expire 2 lines
11-29 15:36:39.943   929   929 W wificond: Scan is not started. Ignore abort request
11-29 15:36:40.473  1612  1666 I chatty  : uid=1000(system) ActivityManager expire 7 lines
11-29 15:36:42.582  1612  2865 I chatty  : uid=1000(system) Binder:1612_9 expire 4 lines
11-29 15:36:42.588  1612  1971 I chatty  : uid=1000(system) WifiStateMachin expire 5 lines
11-29 15:36:42.690  1612  1664 I chatty  : uid=1000(system) ActivityManager expire 11 lines
11-29 15:36:57.542  1612  4594 I chatty  : uid=1000(system) Binder:1612_12 expire 2 lines
11-29 15:36:59.238  1612  1612 I chatty  : uid=1000 system_server expire 17 lines
11-29 15:36:59.369  1612  1663 I chatty  : uid=1000(system) android.bg expire 4 lines
11-29 15:37:01.503  1612  1849 I chatty  : uid=1000(system) UEventObserver expire 3 lines
11-29 15:37:14.616  1612  7005 I chatty  : uid=1000(system) Binder:1612_1E expire 19 lines
11-29 15:37:14.701  1612  1847 I chatty  : uid=1000(system) Binder:1612_3 expire 2 lines
11-29 15:37:14.702  1612  1976 I chatty  : uid=1000(system) ConnectivitySer expire 15 lines
11-29 15:37:25.200  1612  3322 I chatty  : uid=1000(system) Binder:1612_10 expire 11 lines
11-29 15:37:28.514   928  1115 E storaged: getDiskStats failed with result NOT_SUPPORTED and size 0
11-29 15:37:41.558  1612  1665 I chatty  : uid=1000(system) android.ui expire 6 lines
11-29 15:39:07.905  1612  7005 I chatty  : uid=1000(system) Binder:1612_1E expire 1 line
11-29 15:39:10.116  1612  1671 I chatty  : uid=1000(system) batterystats-wo expire 7 lines
11-29 15:39:11.075  1612  2802 I chatty  : uid=1000(system) Binder:1612_8 expire 1 line
11-29 15:39:29.480  1612  6565 I chatty  : uid=1000(system) Binder:1612_1A expire 1 line
11-29 15:39:29.497  1612  5681 I chatty  : uid=1000(system) Binder:1612_18 expire 1 line
11-29 15:39:29.579   929   929 W wificond: Skip match ssid for pno scan: MINDOVERMIND, partyhouse23, Guest Network, BethMiitch, LRPD HUB, Arras, ATTM7ATZqs, Linksys00515, iPhone, Dominos, Landers Auto Guest Internet, Verizon-SM-F711U-7224, Taco Bell WiFi, Super 8 Vernon, RodewayInnSuites, Verizon-5004S-XS9P, WAVLINK-N, Danny’s iPhone, NETGEAR_EXT, Twin Peaks Guest, SouthlandCasinoGuest, Wendys, DontGottaBlockMe, KM-Visitor, Days Inn Guest, Zyxel20027, AndroidAP_6925, URWHOUKEEPSEEKING, Starbucks WiFi, Galaxy A13 5G9209, Hardees_Wireless, GUEST, Loves-Customer-WiFi, CRAINGUEST, SIKES, ASUS, Big Red Public, Galaxy A51DA0D, Verizon-SM-G960U-E7C9, Cantina Guest, HP-Print-E5-Officejet 4630, Free River Market WIFI, Pimpin Ain't Ea$y, Freddy's Guest, SETUP, ubnt20, LR-Guest, GEN2 Trailer 497F, Broadcom, ccbccguest , TP-Link_Outdoor_3A200E, Verizon-5004S-P5T5
11-29 15:39:29.753   929   929 I wificond: Pno scan started
11-29 15:40:09.769   928  1115 E storaged: getDiskStats failed with result NOT_SUPPORTED and size 0
11-29 15:40:26.614  1612  1627 I chatty  : uid=1000(system) Binder:1612_1 expire 1 line
11-29 15:41:11.914  1612  1927 I chatty  : uid=1000(system) AlarmManager expire 1 line
11-29 15:41:12.222  1612  1628 I chatty  : uid=1000(system) Binder:1612_2 expire 5 lines
11-29 15:41:14.971  1612  1664 I chatty  : uid=1000(system) ActivityManager expire 14 lines
11-29 15:41:39.479  1612  1684 I chatty  : uid=1000(system) android.fg expire 3 lines
11-29 15:41:39.719  1612  1997 I chatty  : uid=1000(system) Binder:1612_4 expire 3 lines
11-29 15:42:45.939   929   929 I wificond: Pno scan result ready event
11-29 15:42:46.054   929   929 W wificond: Scan is not started. Ignore abort request
11-29 15:42:47.262  1612  6634 I chatty  : uid=1000(system) Binder:1612_1B expire 7 lines
11-29 15:42:47.282  1612  5537 I chatty  : uid=1000(system) Binder:1612_16 expire 1 line
11-29 15:43:48.094  1612  5506 I chatty  : uid=1000(system) Binder:1612_15 expire 4 lines
11-29 15:44:00.680 21694 21694 W ActivityThread: serviceStart lasts for 12239 ms, ServiceArgsData = ServiceArgsData{token=android.os.BinderProxy@31270a startId=475 args=Intent { act=com.google.android.location.internal.action.AR_TRANSITION_RESULT pkg=com.google.android.gms cmp=com.google.android.gms/com.google.android.location.internal.PendingIntentCallbackService (has extras) }}
11-29 15:44:01.852  1612  1954 I chatty  : uid=1000(system) InputReader expire 1 line
11-29 15:44:01.853  1612  1612 I chatty  : uid=1000 system_server expire 3 lines
11-29 15:44:01.949  1612  1686 I chatty  : uid=1000(system) android.display expire 1 line
11-29 15:44:02.259   929   929 I wificond: Pno scan stopped
11-29 15:44:02.299   929   929 E wificond: NL80211_CMD_TRIGGER_SCAN failed: Device or resource busy
11-29 15:44:02.457  1612  1690 I chatty  : uid=1000(system) PowerManagerSer expire 1 line
11-29 15:44:02.662  1612  1664 I chatty  : uid=1000(system) ActivityManager expire 16 lines
11-29 15:44:04.325   929   929 E wificond: NL80211_CMD_TRIGGER_SCAN failed: Device or resource busy
11-29 15:44:04.975   929   929 I wificond: Received external scan result notification from kernel.
11-29 15:44:05.004  1612  5413 I chatty  : uid=1000(system) Binder:1612_14 expire 3 lines
11-29 15:44:05.738   668   690 E NetlinkEvent: NetlinkEvent::FindParam(): Parameter 'INTERFACE' not found
11-29 15:44:05.738   668   690 E NetlinkEvent: NetlinkEvent::FindParam(): Parameter 'STATE' not found
11-29 15:44:05.738   668   690 E NetlinkEvent: NetlinkEvent::FindParam(): Parameter 'TIME_NS' not found
11-29 15:44:05.738   668   690 E NetlinkEvent: NetlinkEvent::FindParam(): Parameter 'UID' not found
11-29 15:44:05.851  1612  1976 I chatty  : uid=1000(system) ConnectivitySer expire 5 lines
11-29 15:44:07.567  1612  3322 I chatty  : uid=1000(system) Binder:1612_10 expire 2 lines
11-29 15:44:08.925  1612  3105 I chatty  : uid=1000(system) Binder:1612_D expire 1 line
11-29 15:44:09.434 24196 24196 W ActivityThread: serviceCreate starts in 3946 ms, CreateServiceData = CreateServiceData{token=android.os.BinderProxy@bf0a9f3 className=com.taobao.accs.internal.AccsJobService packageName=com.alibaba.aliexpresshd intent=null}
11-29 15:44:10.931  1612  6899 I chatty  : uid=1000(system) Binder:1612_1C expire 4 lines
11-29 15:44:11.178  1612  1664 I chatty  : uid=1000(system) ActivityManager expire 13 lines
11-29 15:44:11.229  1612  1666 I chatty  : uid=1000(system) ActivityManager expire 4 lines
11-29 15:44:11.353  1612  6634 I chatty  : uid=1000(system) Binder:1612_1B expire 2 lines
11-29 15:44:11.826  1612  1690 I chatty  : uid=1000(system) PowerManagerSer expire 11 lines
11-29 15:44:11.956  1612  1612 I chatty  : uid=1000 system_server expire 11 lines
11-29 15:44:12.701  1612  1686 I chatty  : uid=1000(system) android.display expire 8 lines
11-29 15:44:14.009  1612  5506 I chatty  : uid=1000(system) Binder:1612_15 expire 2 lines
11-29 15:44:14.212  1612  5413 I chatty  : uid=1000(system) Binder:1612_14 expire 2 lines
11-29 15:44:14.295  1612  1628 I chatty  : uid=1000(system) Binder:1612_2 expire 1 line
11-29 15:44:14.325  1612  3104 I chatty  : uid=1000(system) Binder:1612_C expire 3 lines
11-29 15:44:14.407  1612  3322 I chatty  : uid=1000(system) Binder:1612_10 expire 4 lines
11-29 15:44:14.408  1612  1976 I chatty  : uid=1000(system) ConnectivitySer expire 12 lines
11-29 15:44:14.928  1612  1954 I chatty  : uid=1000(system) InputReader expire 2 lines
11-29 15:44:15.067  1612  1684 I chatty  : uid=1000(system) android.fg expire 7 lines
11-29 15:44:15.254  1612  1665 I chatty  : uid=1000(system) android.ui expire 5 lines
11-29 15:44:15.826  1612  4466 I chatty  : uid=1000(system) Binder:1612_11 expire 7 lines
11-29 15:44:16.461  1612  1671 I chatty  : uid=1000(system) batterystats-wo expire 7 lines
11-29 15:44:16.524  1612  1843 I chatty  : uid=1000(system) android.anim expire 9 lines
11-29 15:44:17.302  1612  5296 I chatty  : uid=1000(system) Binder:1612_13 expire 3 lines
11-29 15:44:17.720  1612  8739 I chatty  : uid=1000(system) Binder:1612_1F expire 7 lines
11-29 15:44:17.932  1612  2081 I chatty  : uid=1000(system) Binder:1612_5 expire 7 lines
11-29 15:44:19.792  1612  2318 I chatty  : uid=1000(system) Binder:1612_6 expire 2 lines
11-29 15:44:20.327  1612  5537 I chatty  : uid=1000(system) Binder:1612_16 expire 11 lines
11-29 15:44:21.702  1612  1663 I chatty  : uid=1000(system) android.bg expire 2 lines
11-29 15:44:21.970  1612  1847 I chatty  : uid=1000(system) Binder:1612_3 expire 7 lines
11-29 15:44:22.037  1612  2865 I chatty  : uid=1000(system) Binder:1612_9 expire 12 lines
11-29 15:44:22.285   929   929 I wificond: Received external scan result notification from kernel.
11-29 15:44:25.237   928  1115 E storaged: getDiskStats failed with result NOT_SUPPORTED and size 0
11-29 15:44:30.345  1612  1612 I chatty  : uid=1000 system_server expire 4 lines
11-29 15:44:30.577  1612  8808 I chatty  : uid=1000(system) Binder:1612_20 expire 1 line
11-29 15:44:31.356  1612  6921 I chatty  : uid=1000(system) Binder:1612_1D expire 1 line
11-29 15:44:31.634  1612  6377 I chatty  : uid=1000(system) Binder:1612_19 expire 2 lines
11-29 15:44:31.801  1612  3105 I chatty  : uid=1000(system) Binder:1612_D expire 2 lines
11-29 15:44:31.801  1612  2448 I chatty  : uid=1000(system) Binder:1612_7 expire 1 line
11-29 15:44:32.994 24800 24800 E SchedPolicy: set_timerslack_ns write failed: Operation not permitted
11-29 15:44:33.737  1612  1664 I chatty  : uid=1000(system) ActivityManager expire 6 lines
11-29 15:44:33.879  1612  6565 I chatty  : uid=1000(system) Binder:1612_1A expire 1 line
11-29 15:44:33.880  1612  1976 I chatty  : uid=1000(system) ConnectivitySer expire 10 lines
11-29 15:44:33.893  1612  2802 I chatty  : uid=1000(system) Binder:1612_8 expire 1 line
11-29 15:44:33.893  1612  6921 I chatty  : uid=1000(system) Binder:1612_1D expire 4 lines
11-29 15:44:33.893  1612  5607 I chatty  : uid=1000(system) Binder:1612_17 expire 4 lines
11-29 15:44:33.894  1612  1627 I chatty  : uid=1000(system) Binder:1612_1 expire 3 lines
11-29 15:44:34.210  1612  1671 I chatty  : uid=1000(system) batterystats-wo expire 3 lines
11-29 15:44:34.403  1612  1665 I chatty  : uid=1000(system) android.ui expire 5 lines
11-29 15:44:34.404  1612  1612 I chatty  : uid=1000 system_server expire 10 lines
11-29 15:44:34.493  1612  1690 I chatty  : uid=1000(system) PowerManagerSer expire 7 lines
11-29 15:44:34.531  1612  8739 I chatty  : uid=1000(system) Binder:1612_1F expire 30 lines
11-29 15:44:34.535  1612  1686 I chatty  : uid=1000(system) android.display expire 9 lines
11-29 15:44:34.560  1612  5681 I chatty  : uid=1000(system) Binder:1612_18 expire 5 lines
11-29 15:44:34.570  1612  4594 I chatty  : uid=1000(system) Binder:1612_12 expire 16 lines
11-29 15:44:38.948  1612  1666 I chatty  : uid=1000(system) ActivityManager expire 4 lines
11-29 15:44:51.841 24850 24873 E SchedPolicy: set_timerslack_ns write failed: Operation not permitted
11-29 15:44:52.105  1612  5506 I chatty  : uid=1000(system) Binder:1612_15 expire 4 lines
11-29 15:44:52.326 24850 24850 W ActivityThread: serviceCreate starts in 13291 ms, CreateServiceData = CreateServiceData{token=android.os.BinderProxy@e389c15 className=com.facebook.push.registration.FacebookPushServerFinishNotifiedLollipopService packageName=com.facebook.orca intent=null}
11-29 15:44:52.428  1612  5296 I chatty  : uid=1000(system) Binder:1612_13 expire 9 lines
11-29 15:45:02.383  1612  1954 I chatty  : uid=1000(system) InputReader expire 1 line
11-29 15:45:02.984  1612  1663 I chatty  : uid=1000(system) android.bg expire 4 lines
11-29 15:45:04.263 24850 24909 E SchedPolicy: set_timerslack_ns write failed: Operation not permitted
11-29 15:45:05.510  1612  1843 I chatty  : uid=1000(system) android.anim expire 12 lines
11-29 15:45:06.084 24929 24929 W ActivityThread: serviceCreate starts in 13928 ms, CreateServiceData = CreateServiceData{token=android.os.BinderProxy@453785e className=androidx.work.impl.background.systemjob.SystemJobService packageName=com.squareup.cash intent=null}
11-29 15:45:06.859 24850 24913 E SchedPolicy: set_timerslack_ns write failed: Operation not permitted
11-29 15:45:15.018  1612  3105 I chatty  : uid=1000(system) Binder:1612_D expire 7 lines
11-29 15:45:22.299  1612  1849 I chatty  : uid=1000(system) UEventObserver expire 3 lines
11-29 15:45:38.366 25330 25330 D ActivityThread: Loading provider com.google.android.gm.sapi: com.google.android.gm.sapi.SapiUiProvider
11-29 15:45:48.189   928  1115 E storaged: getDiskStats failed with result NOT_SUPPORTED and size 0
11-29 15:46:16.279  1612  1612 I chatty  : uid=1000 system_server expire 3 lines
11-29 15:46:23.232  2008  2455 I PowerUI.Notification: show low battery warning: level=15 [-1] playSound=true
11-29 15:46:25.154  2008  2008 I PowerUI.Notification: Received PNW.dismissedWarning
11-29 15:46:25.154  2008  2008 I PowerUI.Notification: dismissing low battery notification
11-29 15:46:38.680  1612  8739 I chatty  : uid=1000(system) Binder:1612_1F expire 1 line
11-29 15:46:39.187  1612  3321 I chatty  : uid=1000(system) Binder:1612_F expire 1 line
11-29 15:46:39.365  1612  6377 I chatty  : uid=1000(system) Binder:1612_19 expire 1 line
11-29 15:46:48.192   928  1115 E storaged: getDiskStats failed with result NOT_SUPPORTED and size 0
11-29 15:46:50.400  1612  3317 I chatty  : uid=1000(system) Binder:1612_E expire 9 lines
11-29 15:46:51.896  1612  8808 I chatty  : uid=1000(system) Binder:1612_20 expire 1 line
11-29 15:46:52.695  1612  3322 I chatty  : uid=1000(system) Binder:1612_10 expire 7 lines
11-29 15:47:31.788  1612  3317 I chatty  : uid=1000(system) Binder:1612_E expire 11 lines
11-29 15:47:31.809  1612  5296 I chatty  : uid=1000(system) Binder:1612_13 expire 8 lines
11-29 15:47:31.858  1612  8808 I chatty  : uid=1000(system) Binder:1612_20 expire 3 lines
11-29 15:47:31.903  1612  1843 I chatty  : uid=1000(system) android.anim expire 15 lines
11-29 15:47:31.933  1612  5681 I chatty  : uid=1000(system) Binder:1612_18 expire 1 line
11-29 15:47:31.937  1612  1686 I chatty  : uid=1000(system) android.display expire 7 lines
11-29 15:47:32.649  1612  1627 I chatty  : uid=1000(system) Binder:1612_1 expire 2 lines
11-29 15:47:33.617  1612  6565 I chatty  : uid=1000(system) Binder:1612_1A expire 7 lines
11-29 15:47:34.400  1612  2865 I chatty  : uid=1000(system) Binder:1612_9 expire 15 lines
11-29 15:47:34.985  1612  1666 I chatty  : uid=1000(system) ActivityManager expire 10 lines
11-29 15:47:35.046  1612  8739 I chatty  : uid=1000(system) Binder:1612_1F expire 4 lines
11-29 15:47:38.243  1612  1976 I chatty  : uid=1000(system) ConnectivitySer expire 8 lines
11-29 15:47:48.195  1612  1671 I chatty  : uid=1000(system) batterystats-wo expire 6 lines
11-29 15:47:48.196   928  1115 E storaged: getDiskStats failed with result NOT_SUPPORTED and size 0
11-29 15:47:48.521  1612  2865 I chatty  : uid=1000(system) Binder:1612_9 expire 3 lines
11-29 15:47:50.487  1612  6899 I chatty  : uid=1000(system) Binder:1612_1C expire 7 lines
11-29 15:47:57.440  1612  5607 I chatty  : uid=1000(system) Binder:1612_17 expire 1 line
11-29 15:48:00.372  1612  1849 I chatty  : uid=1000(system) UEventObserver expire 4 lines
11-29 15:48:29.746  1612  1953 I chatty  : uid=1000(system) InputDispatcher expire 6 lines
11-29 15:48:29.984  1612  3317 I chatty  : uid=1000(system) Binder:1612_E expire 2 lines
11-29 15:48:31.509  1612  4466 I chatty  : uid=1000(system) Binder:1612_11 expire 7 lines
11-29 15:48:33.075  1612  6921 I chatty  : uid=1000(system) Binder:1612_1D expire 4 lines
11-29 15:48:39.821  1612  1664 I chatty  : uid=1000(system) ActivityManager expire 1 line
11-29 15:48:45.783  1612  1612 I chatty  : uid=1000 system_server expire 11 lines
11-29 15:48:46.083  1612  1663 I chatty  : uid=1000(system) android.bg expire 2 lines
11-29 15:48:48.200   928  1115 E storaged: getDiskStats failed with result NOT_SUPPORTED and size 0
11-29 15:48:57.648  1612  1666 I chatty  : uid=1000(system) ActivityManager expire 4 lines
11-29 15:49:48.202   928  1115 E storaged: getDiskStats failed with result NOT_SUPPORTED and size 0
11-29 15:50:45.166  1612  1663 I chatty  : uid=1000(system) android.bg expire 3 lines
11-29 15:50:48.203   928  1115 E storaged: getDiskStats failed with result NOT_SUPPORTED and size 0
11-29 15:50:49.460  1612  1612 I chatty  : uid=1000 system_server expire 8 lines
11-29 15:51:30.275  1612  1849 I chatty  : uid=1000(system) UEventObserver expire 9 lines
11-29 15:51:34.472  1612  6899 I chatty  : uid=1000(system) Binder:1612_1C expire 2 lines
11-29 15:51:34.851  1612  1976 I chatty  : uid=1000(system) ConnectivitySer expire 3 lines
11-29 15:51:48.205   928  1115 E storaged: getDiskStats failed with result NOT_SUPPORTED and size 0
11-29 15:52:20.751  1612  1953 I chatty  : uid=1000(system) InputDispatcher expire 5 lines
11-29 15:52:20.863  1612  3317 I chatty  : uid=1000(system) Binder:1612_E expire 4 lines
11-29 15:52:20.949  1612  5681 I chatty  : uid=1000(system) Binder:1612_18 expire 5 lines
11-29 15:52:21.086  1612  1843 I chatty  : uid=1000(system) android.anim expire 10 lines
11-29 15:52:21.218  1612  1686 I chatty  : uid=1000(system) android.display expire 8 lines
11-29 15:52:23.289  1612  2876 I chatty  : uid=1000(system) Binder:1612_A expire 9 lines
11-29 15:52:24.438  1612  1664 I chatty  : uid=1000(system) ActivityManager expire 49 lines
11-29 15:52:48.207   928  1115 E storaged: getDiskStats failed with result NOT_SUPPORTED and size 0
11-29 15:53:16.140  1612  1664 I chatty  : uid=1000(system) ActivityManager expire 8 lines
11-29 15:53:20.878  1612  3322 I chatty  : uid=1000(system) Binder:1612_10 expire 3 lines
11-29 15:53:30.011  1612  1685 I chatty  : uid=1000(system) android.io expire 1 line
11-29 15:53:30.209  1612  1671 I chatty  : uid=1000(system) batterystats-wo expire 6 lines
11-29 15:53:30.738  1612  1665 I chatty  : uid=1000(system) android.ui expire 5 lines
11-29 15:53:31.185  1612  2865 I chatty  : uid=1000(system) Binder:1612_9 expire 1 line
11-29 15:53:31.699 22051 22051 E SchedPolicy: set_timerslack_ns write failed: Operation not permitted
11-29 15:53:31.768  1612  5296 I chatty  : uid=1000(system) Binder:1612_13 expire 3 lines
11-29 15:53:31.902 22051 22051 E SchedPolicy: set_timerslack_ns write failed: Operation not permitted
11-29 15:53:33.389  1612  3105 I chatty  : uid=1000(system) Binder:1612_D expire 3 lines
11-29 15:53:33.421  1612  5681 I chatty  : uid=1000(system) Binder:1612_18 expire 4 lines
11-29 15:53:33.602 22051 22051 E SchedPolicy: set_timerslack_ns write failed: Operation not permitted
11-29 15:53:33.670  1612  6921 I chatty  : uid=1000(system) Binder:1612_1D expire 4 lines
11-29 15:53:33.701  1612  1843 I chatty  : uid=1000(system) android.anim expire 5 lines
11-29 15:53:33.820 22051 22051 E SchedPolicy: set_timerslack_ns write failed: Operation not permitted
11-29 15:53:33.873  1612  5296 I chatty  : uid=1000(system) Binder:1612_13 expire 10 lines
11-29 15:53:33.928  1612  1849 I chatty  : uid=1000(system) UEventObserver expire 11 lines
11-29 15:53:34.720  1612  1686 I chatty  : uid=1000(system) android.display expire 4 lines
11-29 15:53:35.026  1612  1612 I chatty  : uid=1000 system_server expire 16 lines
11-29 15:53:35.541  1612  1663 I chatty  : uid=1000(system) android.bg expire 3 lines
11-29 15:53:36.042 26780 26780 W ActivityThread: serviceCreate starts in 2573 ms, CreateServiceData = CreateServiceData{token=android.os.BinderProxy@b166537 className=com.google.android.gms.droidguard.DroidGuardService packageName=com.google.android.gms intent=null}
11-29 15:53:36.155 26780 26780 W ActivityThread: serviceStart starts in 2686 ms, ServiceArgsData = ServiceArgsData{token=android.os.BinderProxy@b166537 startId=1 args=Intent { act=com.google.android.gms.droidguard.service.PING pkg=com.google.android.gms (has extras) }}
11-29 15:53:36.240  1612  1666 I chatty  : uid=1000(system) ActivityManager expire 5 lines
11-29 15:53:37.339  1612  1664 I chatty  : uid=1000(system) ActivityManager expire 15 lines
11-29 15:53:39.690  1612  2876 I chatty  : uid=1000(system) Binder:1612_A expire 5 lines
11-29 15:53:45.429  1612  6565 I chatty  : uid=1000(system) Binder:1612_1A expire 8 lines
11-29 15:53:45.430  1612  1976 I chatty  : uid=1000(system) ConnectivitySer expire 9 lines
11-29 15:53:46.835  1612  2318 I chatty  : uid=1000(system) Binder:1612_6 expire 1 line
11-29 15:53:48.214   928  1115 E storaged: getDiskStats failed with result NOT_SUPPORTED and size 0
11-29 15:53:54.182  1612  4594 I chatty  : uid=1000(system) Binder:1612_12 expire 2 lines
11-29 15:53:59.434  1612  6899 I chatty  : uid=1000(system) Binder:1612_1C expire 2 lines
11-29 15:54:09.180  1612  5296 I chatty  : uid=1000(system) Binder:1612_13 expire 1 line
11-29 15:54:21.008  1612  5607 I chatty  : uid=1000(system) Binder:1612_17 expire 1 line
11-29 15:54:48.216   928  1115 E storaged: getDiskStats failed with result NOT_SUPPORTED and size 0
11-29 15:55:21.063  1612  2802 I chatty  : uid=1000(system) Binder:1612_8 expire 1 line
11-29 15:55:31.105  1612  1612 I chatty  : uid=1000 system_server expire 3 lines
11-29 15:55:43.299  1612  1627 I chatty  : uid=1000(system) Binder:1612_1 expire 5 lines
11-29 15:55:43.794  1612  1997 I chatty  : uid=1000(system) Binder:1612_4 expire 1 line
11-29 15:55:43.810  1612  5413 I chatty  : uid=1000(system) Binder:1612_14 expire 1 line
11-29 15:55:44.065  1612  7005 I chatty  : uid=1000(system) Binder:1612_1E expire 2 lines
11-29 15:55:44.065  1612  8739 I chatty  : uid=1000(system) Binder:1612_1F expire 2 lines
11-29 15:55:44.702  1612  2865 I chatty  : uid=1000(system) Binder:1612_9 expire 1 line
11-29 15:55:45.386  1612  6634 I chatty  : uid=1000(system) Binder:1612_1B expire 1 line
11-29 15:55:48.222   928  1115 E storaged: getDiskStats failed with result NOT_SUPPORTED and size 0
11-29 15:56:27.465  1612  1849 I chatty  : uid=1000(system) UEventObserver expire 5 lines
11-29 15:56:29.733  1612  1671 I chatty  : uid=1000(system) batterystats-wo expire 2 lines
11-29 15:56:29.942  1612  3104 I chatty  : uid=1000(system) Binder:1612_C expire 1 line
11-29 15:56:30.610  1612  1685 I chatty  : uid=1000(system) android.io expire 3 lines
11-29 15:56:30.612  1612  1664 I chatty  : uid=1000(system) ActivityManager expire 18 lines
11-29 15:56:30.616  1612  1849 I chatty  : uid=1000(system) UEventObserver expire 21 lines
11-29 15:56:30.672  1612  1671 I chatty  : uid=1000(system) batterystats-wo expire 10 lines
11-29 15:56:30.713  1612  1663 I chatty  : uid=1000(system) android.bg expire 2 lines
11-29 15:56:30.763  1612  1612 I chatty  : uid=1000 system_server expire 7 lines
11-29 15:56:48.223   928  1115 E storaged: getDiskStats failed with result NOT_SUPPORTED and size 0
11-29 15:56:48.922  1612  1849 I chatty  : uid=1000(system) UEventObserver expire 11 lines
11-29 15:57:20.549  1612  1666 I chatty  : uid=1000(system) ActivityManager expire 2 lines
11-29 15:57:20.654  1612  3104 I chatty  : uid=1000(system) Binder:1612_C expire 3 lines
11-29 15:57:21.859  1612  2802 I chatty  : uid=1000(system) Binder:1612_8 expire 3 lines
11-29 15:57:22.197  1612  7005 I chatty  : uid=1000(system) Binder:1612_1E expire 2 lines
11-29 15:57:22.198  1612  2865 I chatty  : uid=1000(system) Binder:1612_9 expire 2 lines
11-29 15:57:22.198  1612  1976 I chatty  : uid=1000(system) ConnectivitySer expire 4 lines
11-29 15:57:48.228   928  1115 E storaged: getDiskStats failed with result NOT_SUPPORTED and size 0
11-29 15:58:48.229   928  1115 E storaged: getDiskStats failed with result NOT_SUPPORTED and size 0
11-29 15:59:48.230   928  1115 E storaged: getDiskStats failed with result NOT_SUPPORTED and size 0
11-29 16:00:48.231   928  1115 E storaged: getDiskStats failed with result NOT_SUPPORTED and size 0
11-29 16:01:02.997  1612  1690 I chatty  : uid=1000(system) PowerManagerSer expire 9 lines
11-29 16:01:03.235  1612  1671 I chatty  : uid=1000(system) batterystats-wo expire 5 lines
11-29 16:01:03.249  1612  3317 I chatty  : uid=1000(system) Binder:1612_E expire 2 lines
11-29 16:01:03.253  1612  1686 I chatty  : uid=1000(system) android.display expire 3 lines
11-29 16:01:03.300  1612  8808 I chatty  : uid=1000(system) Binder:1612_20 expire 2 lines
11-29 16:01:03.451  1612  4594 I chatty  : uid=1000(system) Binder:1612_12 expire 2 lines
11-29 16:01:03.452  1612  2448 I chatty  : uid=1000(system) Binder:1612_7 expire 1 line
11-29 16:01:03.452  1612  6565 I chatty  : uid=1000(system) Binder:1612_1A expire 1 line
11-29 16:01:03.454  1612  6921 I chatty  : uid=1000(system) Binder:1612_1D expire 2 lines
11-29 16:01:03.459  1612  2318 I chatty  : uid=1000(system) Binder:1612_6 expire 4 lines
11-29 16:01:04.545  1612  3322 I chatty  : uid=1000(system) Binder:1612_10 expire 1 line
11-29 16:01:21.579  1612  1849 I chatty  : uid=1000(system) UEventObserver expire 5 lines
11-29 16:01:24.248  1612  3321 I chatty  : uid=1000(system) Binder:1612_F expire 1 line
11-29 16:01:25.017  1612  1843 I chatty  : uid=1000(system) android.anim expire 3 lines
11-29 16:01:25.057  1612  1664 I chatty  : uid=1000(system) ActivityManager expire 2 lines
11-29 16:01:25.059  1612  1849 I chatty  : uid=1000(system) UEventObserver expire 12 lines
11-29 16:01:25.068  1612  1671 I chatty  : uid=1000(system) batterystats-wo expire 6 lines
11-29 16:01:25.127  1612  1612 I chatty  : uid=1000 system_server expire 13 lines
11-29 16:01:25.194  1612  1663 I chatty  : uid=1000(system) android.bg expire 2 lines
11-29 16:01:36.022  1612  5607 I chatty  : uid=1000(system) Binder:1612_17 expire 11 lines
11-29 16:01:48.232   928  1115 E storaged: getDiskStats failed with result NOT_SUPPORTED and size 0
11-29 16:02:16.826  1612  1666 I chatty  : uid=1000(system) ActivityManager expire 3 lines
11-29 16:02:16.861  1612  3104 I chatty  : uid=1000(system) Binder:1612_C expire 5 lines
11-29 16:02:19.209  1612  6565 I chatty  : uid=1000(system) Binder:1612_1A expire 9 lines
11-29 16:02:19.262  1612  2318 I chatty  : uid=1000(system) Binder:1612_6 expire 4 lines
11-29 16:02:48.233   928  1115 E storaged: getDiskStats failed with result NOT_SUPPORTED and size 0
11-29 16:02:49.297  1612  2865 I chatty  : uid=1000(system) Binder:1612_9 expire 2 lines
11-29 16:03:06.565  1612  1849 I chatty  : uid=1000(system) UEventObserver expire 13 lines
11-29 16:03:48.235   928  1115 E storaged: getDiskStats failed with result NOT_SUPPORTED and size 0
11-29 16:04:48.236   928  1115 E storaged: getDiskStats failed with result NOT_SUPPORTED and size 0
11-29 16:05:48.237   928  1115 E storaged: getDiskStats failed with result NOT_SUPPORTED and size 0
11-29 16:06:24.088  1612  1690 I chatty  : uid=1000(system) PowerManagerSer expire 11 lines
11-29 16:06:24.379  1612  2802 I chatty  : uid=1000(system) Binder:1612_8 expire 3 lines
