11-29 21:02:41.565  1612  1690 I chatty  : uid=1000(system) PowerManagerSer expire 1 line
11-29 21:02:44.099  1612  1663 I chatty  : uid=1000(system) android.bg expire 1 line
11-29 21:02:44.673  1612  1843 I chatty  : uid=1000(system) android.anim expire 24 lines
11-29 21:02:45.904  1612  1847 I chatty  : uid=1000(system) Binder:1612_3 expire 16 lines
11-29 21:02:45.928  1612  3105 I chatty  : uid=1000(system) Binder:1612_D expire 10 lines
11-29 21:02:45.936  1612  1664 I chatty  : uid=1000(system) ActivityManager expire 11 lines
11-29 21:02:47.060  1612  1628 I chatty  : uid=1000(system) Binder:1612_2 expire 10 lines
11-29 21:02:47.215  1612  3322 I chatty  : uid=1000(system) Binder:1612_10 expire 10 lines
11-29 21:02:48.638  1612  8739 I chatty  : uid=1000(system) Binder:1612_1F expire 5 lines
11-29 21:02:49.026 28164 29395 E SchedPolicy: set_timerslack_ns write failed: Operation not permitted
11-29 21:02:49.619 28164  1516 E SchedPolicy: set_timerslack_ns write failed: Operation not permitted
11-29 21:02:50.684 28164  1373 E SchedPolicy: set_timerslack_ns write failed: Operation not permitted
11-29 21:02:51.231  1612  1849 I chatty  : uid=1000(system) UEventObserver expire 3 lines
11-29 21:02:51.459 28164  1327 E SchedPolicy: set_timerslack_ns write failed: Operation not permitted
11-29 21:03:05.724  1612  1997 I chatty  : uid=1000(system) Binder:1612_4 expire 8 lines
11-29 21:03:06.271  1612  1612 I chatty  : uid=1000 system_server expire 2 lines
11-29 21:03:08.130   928  1115 E storaged: getDiskStats failed with result NOT_SUPPORTED and size 0
11-29 21:03:08.315  1612  1847 I chatty  : uid=1000(system) Binder:1612_3 expire 9 lines
11-29 21:03:08.605  1612  1664 I chatty  : uid=1000(system) ActivityManager expire 2 lines
11-29 21:03:12.096  1612  2802 I chatty  : uid=1000(system) Binder:1612_8 expire 3 lines
11-29 21:03:20.941  1612  1666 I chatty  : uid=1000(system) ActivityManager expire 1 line
11-29 21:03:21.513  1762  1762 E SchedPolicy: set_timerslack_ns write failed: Operation not permitted
11-29 21:03:23.366  1612  3105 I chatty  : uid=1000(system) Binder:1612_D expire 5 lines
11-29 21:03:23.767  1612  1843 I chatty  : uid=1000(system) android.anim expire 13 lines
11-29 21:03:23.915  1612  2318 I chatty  : uid=1000(system) Binder:1612_6 expire 2 lines
11-29 21:04:06.706  1612  3322 I chatty  : uid=1000(system) Binder:1612_10 expire 3 lines
11-29 21:04:08.132   928  1115 E storaged: getDiskStats failed with result NOT_SUPPORTED and size 0
11-29 21:04:09.156  1612  1628 I chatty  : uid=1000(system) Binder:1612_2 expire 6 lines
11-29 21:05:05.842  1612  1843 I chatty  : uid=1000(system) android.anim expire 11 lines
11-29 21:05:08.154   928  1115 E storaged: getDiskStats failed with result NOT_SUPPORTED and size 0
11-29 21:05:08.303  1612  1847 I chatty  : uid=1000(system) Binder:1612_3 expire 7 lines
11-29 21:05:13.372  1612  8739 I chatty  : uid=1000(system) Binder:1612_1F expire 10 lines
11-29 21:05:13.443  1612  1997 I chatty  : uid=1000(system) Binder:1612_4 expire 10 lines
11-29 21:05:19.453  1612  1976 I chatty  : uid=1000(system) ConnectivitySer expire 4 lines
11-29 21:05:20.454 28164 28164 D TextClassifierService: No configured system TextClassifierService
11-29 21:05:20.461 28164 28164 D TextClassifierService: No configured system TextClassifierService
11-29 21:05:20.473 28164  2252 D TextClassifierService: No configured system TextClassifierService
11-29 21:05:20.740 28164  2252 D androidtc: Loading ModelFile { path=/data/misc/textclassifier/textclassifier.model name=textclassifier.model version=611 locales=en }
11-29 21:05:21.149 28164  2252 D TextClassifierService: No configured system TextClassifierService
11-29 21:05:21.183  1612  6565 I chatty  : uid=1000(system) Binder:1612_1A expire 2 lines
11-29 21:05:27.439  1612  2448 I chatty  : uid=1000(system) Binder:1612_7 expire 10 lines
11-29 21:05:36.383  1612  6921 I chatty  : uid=1000(system) Binder:1612_1D expire 3 lines
11-29 21:05:36.523  1612  3105 I chatty  : uid=1000(system) Binder:1612_D expire 11 lines
11-29 21:05:36.872  1612  1686 I chatty  : uid=1000(system) android.display expire 5 lines
11-29 21:05:36.882  1612  5296 I chatty  : uid=1000(system) Binder:1612_13 expire 2 lines
11-29 21:05:36.891  1612  1664 I chatty  : uid=1000(system) ActivityManager expire 11 lines
11-29 21:05:40.247  1612  1671 I chatty  : uid=1000(system) batterystats-wo expire 1 line
11-29 21:05:55.123  1612  1849 I chatty  : uid=1000(system) UEventObserver expire 4 lines
11-29 21:05:59.412  1612  1685 I chatty  : uid=1000(system) android.io expire 2 lines
11-29 21:06:00.369  1612  6377 I chatty  : uid=1000(system) Binder:1612_19 expire 13 lines
11-29 21:06:08.156   928  1115 E storaged: getDiskStats failed with result NOT_SUPPORTED and size 0
11-29 21:06:12.149  1612  1843 I chatty  : uid=1000(system) android.anim expire 15 lines
11-29 21:07:08.477   928  1115 E storaged: getDiskStats failed with result NOT_SUPPORTED and size 0
11-29 21:07:14.059  1612  1612 I chatty  : uid=1000 system_server expire 8 lines
11-29 21:07:30.957  1612  1997 I chatty  : uid=1000(system) Binder:1612_4 expire 11 lines
11-29 21:07:32.054  1612  3105 I chatty  : uid=1000(system) Binder:1612_D expire 3 lines
11-29 21:07:32.621  1612  6377 I chatty  : uid=1000(system) Binder:1612_19 expire 3 lines
11-29 21:07:35.508  1612  5506 I chatty  : uid=1000(system) Binder:1612_15 expire 13 lines
11-29 21:07:35.509  1612  2879 I chatty  : uid=1000(system) Binder:1612_B expire 1 line
11-29 21:07:36.467  1612  1666 I chatty  : uid=1000(system) ActivityManager expire 9 lines
11-29 21:07:37.771  2536  2573 E SchedPolicy: set_timerslack_ns write failed: Operation not permitted
11-29 21:07:37.964  2536  2570 E SchedPolicy: set_timerslack_ns write failed: Operation not permitted
11-29 21:07:47.121  2536  2595 E ActivityThread: Failed to find provider info for com.android.launcher3.cornermark.unreadbadge
11-29 21:07:47.236  2693  2722 E ActivityThread: Failed to find provider info for com.facebook.appmanager.nekodirect
11-29 21:07:48.071  1612  1843 I chatty  : uid=1000(system) android.anim expire 8 lines
11-29 21:07:48.144  1612  3322 I chatty  : uid=1000(system) Binder:1612_10 expire 3 lines
11-29 21:07:52.746  1612  1627 I chatty  : uid=1000(system) Binder:1612_1 expire 2 lines
11-29 21:07:54.143  1612  3321 I chatty  : uid=1000(system) Binder:1612_F expire 4 lines
11-29 21:08:06.257  1612  8808 I chatty  : uid=1000(system) Binder:1612_20 expire 4 lines
11-29 21:08:08.486   928  1115 E storaged: getDiskStats failed with result NOT_SUPPORTED and size 0
11-29 21:08:29.402  1612  5506 I chatty  : uid=1000(system) Binder:1612_15 expire 1 line
11-29 21:08:49.587  2693  3224 D SystemConfig: Removed unavailable feature android.hardware.fingerprint
11-29 21:08:49.592  2693  3224 D SystemConfig: Removed unavailable feature android.hardware.sensor.compass
11-29 21:08:49.648  2693  3224 W SystemConfig: No directory /oem/etc/motorola/bgintents, skipping
11-29 21:08:49.648  2693  3224 W SystemConfig: No directory /system/etc/motorola/sysconfig, skipping
11-29 21:08:49.648  2693  3224 W SystemConfig: No directory /oem/etc/motorola/sysconfig, skipping
11-29 21:09:08.488   928  1115 E storaged: getDiskStats failed with result NOT_SUPPORTED and size 0
11-29 21:09:18.589  1612  5607 I chatty  : uid=1000(system) Binder:1612_17 expire 9 lines
11-29 21:09:30.815  1612  1627 I chatty  : uid=1000(system) Binder:1612_1 expire 1 line
11-29 21:09:32.337  1612  1686 I chatty  : uid=1000(system) android.display expire 6 lines
11-29 21:09:32.822  1612  5506 I chatty  : uid=1000(system) Binder:1612_15 expire 4 lines
11-29 21:09:32.964  1612  1843 I chatty  : uid=1000(system) android.anim expire 11 lines
11-29 21:09:36.366  1612  8808 I chatty  : uid=1000(system) Binder:1612_20 expire 4 lines
11-29 21:09:37.337  1612  1664 I chatty  : uid=1000(system) ActivityManager expire 8 lines
11-29 21:09:41.793  1612  1612 I chatty  : uid=1000 system_server expire 2 lines
11-29 21:10:00.884  1612  1849 I chatty  : uid=1000(system) UEventObserver expire 8 lines
11-29 21:10:04.676  1612  2448 I chatty  : uid=1000(system) Binder:1612_7 expire 10 lines
11-29 21:10:08.490   928  1115 E storaged: getDiskStats failed with result NOT_SUPPORTED and size 0
11-29 21:10:17.397  1612  3322 I chatty  : uid=1000(system) Binder:1612_10 expire 2 lines
11-29 21:10:17.414  1612  1976 I chatty  : uid=1000(system) ConnectivitySer expire 6 lines
11-29 21:11:06.569  1612  1663 I chatty  : uid=1000(system) android.bg expire 1 line
11-29 21:11:08.492   928  1115 E storaged: getDiskStats failed with result NOT_SUPPORTED and size 0
11-29 21:11:20.232  1612  5413 I chatty  : uid=1000(system) Binder:1612_14 expire 10 lines
11-29 21:12:08.493   928  1115 E storaged: getDiskStats failed with result NOT_SUPPORTED and size 0
11-29 21:13:08.496   928  1115 E storaged: getDiskStats failed with result NOT_SUPPORTED and size 0
11-29 21:13:32.420  1612  1953 I chatty  : uid=1000(system) InputDispatcher expire 2 lines
11-29 21:13:32.459  1612  6565 I chatty  : uid=1000(system) Binder:1612_1A expire 10 lines
11-29 21:13:32.977  1612  8739 I chatty  : uid=1000(system) Binder:1612_1F expire 12 lines
11-29 21:13:33.920  1612  3317 I chatty  : uid=1000(system) Binder:1612_E expire 15 lines
11-29 21:13:35.894  1612  1628 I chatty  : uid=1000(system) Binder:1612_2 expire 14 lines
11-29 21:13:37.101  1612  1666 I chatty  : uid=1000(system) ActivityManager expire 10 lines
11-29 21:13:37.265  1612  1671 I chatty  : uid=1000(system) batterystats-wo expire 11 lines
11-29 21:14:08.499   928  1115 E storaged: getDiskStats failed with result NOT_SUPPORTED and size 0
11-29 21:14:34.239  1612  6565 I chatty  : uid=1000(system) Binder:1612_1A expire 4 lines
11-29 21:14:35.112  1612  1843 I chatty  : uid=1000(system) android.anim expire 6 lines
11-29 21:15:08.501   928  1115 E storaged: getDiskStats failed with result NOT_SUPPORTED and size 0
11-29 21:15:22.109  1612  3317 I chatty  : uid=1000(system) Binder:1612_E expire 2 lines
11-29 21:15:22.240  1612  1628 I chatty  : uid=1000(system) Binder:1612_2 expire 3 lines
11-29 21:15:34.094  2937  2937 D TextClassifierService: No configured system TextClassifierService
11-29 21:15:34.785  2937  2996 D androidtc: Loading ModelFile { path=/data/misc/textclassifier/textclassifier.model name=textclassifier.model version=611 locales=en }
11-29 21:15:35.575  1612  1666 I chatty  : uid=1000(system) ActivityManager expire 5 lines
11-29 21:15:35.597  1612  2802 I chatty  : uid=1000(system) Binder:1612_8 expire 6 lines
11-29 21:15:35.637  1612  5413 I chatty  : uid=1000(system) Binder:1612_14 expire 2 lines
11-29 21:15:46.279  2937  2937 D TextClassifierService: No configured system TextClassifierService
11-29 21:15:47.235  1612  2448 I chatty  : uid=1000(system) Binder:1612_7 expire 2 lines
11-29 21:15:49.752  2937  2937 D TextClassifierService: No configured system TextClassifierService
11-29 21:16:08.506   928  1115 E storaged: getDiskStats failed with result NOT_SUPPORTED and size 0
11-29 21:16:09.646  1612  1671 I chatty  : uid=1000(system) batterystats-wo expire 2 lines
11-29 21:16:09.812  1612  2318 I chatty  : uid=1000(system) Binder:1612_6 expire 10 lines
11-29 21:16:29.359  1612  8739 I chatty  : uid=1000(system) Binder:1612_1F expire 3 lines
11-29 21:16:29.420  1612  2448 I chatty  : uid=1000(system) Binder:1612_7 expire 12 lines
11-29 21:16:30.383  1612  6565 I chatty  : uid=1000(system) Binder:1612_1A expire 10 lines
11-29 21:16:31.274  1612  1843 I chatty  : uid=1000(system) android.anim expire 10 lines
11-29 21:16:31.304  1612  1686 I chatty  : uid=1000(system) android.display expire 10 lines
11-29 21:16:31.979  1612  5413 I chatty  : uid=1000(system) Binder:1612_14 expire 10 lines
11-29 21:16:32.221  1612  1976 I chatty  : uid=1000(system) ConnectivitySer expire 5 lines
11-29 21:16:39.257  1612  1664 I chatty  : uid=1000(system) ActivityManager expire 4 lines
11-29 21:16:39.955  1612  3317 I chatty  : uid=1000(system) Binder:1612_E expire 11 lines
11-29 21:16:39.996  1612  5607 I chatty  : uid=1000(system) Binder:1612_17 expire 6 lines
11-29 21:16:52.947  1612  1612 I chatty  : uid=1000 system_server expire 10 lines
11-29 21:17:08.517   928  1115 E storaged: getDiskStats failed with result NOT_SUPPORTED and size 0
11-29 21:17:10.985  1612  1849 I chatty  : uid=1000(system) UEventObserver expire 9 lines
11-29 21:17:15.742  1612  1843 I chatty  : uid=1000(system) android.anim expire 5 lines
11-29 21:17:16.026  2747  2747 W ViewRootImpl[WatchWhileActivity]: Dropping event due to root view being removed: MotionEvent { action=ACTION_MOVE, actionButton=0, id[0]=0, x[0]=681.0541, y[0]=-742.3401, toolType[0]=TOOL_TYPE_FINGER, buttonState=0, metaState=0, flags=0x0, edgeFlags=0x0, pointerCount=1, historySize=0, eventTime=54696508, downTime=54695756, deviceId=3, source=0x1002 }
11-29 21:17:16.353  1612  6565 I chatty  : uid=1000(system) Binder:1612_1A expire 2 lines
11-29 21:17:16.360  2747  2747 W ViewRootImpl[WatchWhileActivity]: Dropping event due to root view being removed: MotionEvent { action=ACTION_MOVE, actionButton=0, id[0]=0, x[0]=628.06104, y[0]=-38.33728, toolType[0]=TOOL_TYPE_FINGER, buttonState=0, metaState=0, flags=0x0, edgeFlags=0x0, pointerCount=1, historySize=0, eventTime=54696852, downTime=54695756, deviceId=3, source=0x1002 }
11-29 21:17:19.322  1612  1953 I chatty  : uid=1000(system) InputDispatcher expire 1 line
11-29 21:17:19.617  2008  2008 V DeadZone: consuming errant click: (186.74065,60.024902)
11-29 21:17:19.618  2008  2008 V DeadZone: consuming errant click: (186.74065,60.024902)
11-29 21:17:21.149  1612  1665 I chatty  : uid=1000(system) android.ui expire 4 lines
11-29 21:17:21.270  1612  1690 I chatty  : uid=1000(system) PowerManagerSer expire 15 lines
11-29 21:17:21.382  1612  4466 I chatty  : uid=1000(system) Binder:1612_11 expire 10 lines
11-29 21:17:25.544  1612  1671 I chatty  : uid=1000(system) batterystats-wo expire 14 lines
11-29 21:17:51.040  1612  1954 I chatty  : uid=1000(system) InputReader expire 2 lines
11-29 21:18:12.884   928  1115 E storaged: getDiskStats failed with result NOT_SUPPORTED and size 0
11-29 21:19:12.885   928  1115 E storaged: getDiskStats failed with result NOT_SUPPORTED and size 0
11-29 21:19:54.192  2008  2008 V DeadZone: consuming errant click: (718.0028,57.0271)
11-29 21:19:54.192  2008  2008 V DeadZone: consuming errant click: (718.0028,57.0271)
11-29 21:19:56.724  2008  2008 V DeadZone: consuming errant click: (718.0028,10.059692)
11-29 21:19:56.725  2008  2008 V DeadZone: consuming errant click: (718.0028,10.059692)
11-29 21:20:05.110  1612  4466 I chatty  : uid=1000(system) Binder:1612_11 expire 10 lines
11-29 21:20:12.887   928  1115 E storaged: getDiskStats failed with result NOT_SUPPORTED and size 0
11-29 21:21:08.787  1612  5413 I chatty  : uid=1000(system) Binder:1612_14 expire 2 lines
11-29 21:21:12.889   928  1115 E storaged: getDiskStats failed with result NOT_SUPPORTED and size 0
11-29 21:22:12.891   928  1115 E storaged: getDiskStats failed with result NOT_SUPPORTED and size 0
11-29 21:23:12.892   928  1115 E storaged: getDiskStats failed with result NOT_SUPPORTED and size 0
11-29 21:23:56.646  1612  3317 I chatty  : uid=1000(system) Binder:1612_E expire 2 lines
11-29 21:24:12.895   928  1115 E storaged: getDiskStats failed with result NOT_SUPPORTED and size 0
11-29 21:24:21.626  1612  1612 I chatty  : uid=1000 system_server expire 12 lines
11-29 21:27:25.603 17121 17121 W ActivityThread: serviceCreate lasts for 3043 ms, CreateServiceData = CreateServiceData{token=android.os.BinderProxy@6b10ca6 className=androidx.work.impl.background.systemjob.SystemJobService packageName=com.google.android.googlequicksearchbox intent=null}
11-29 21:28:48.795   928  1115 E storaged: getDiskStats failed with result NOT_SUPPORTED and size 0
11-29 21:29:22.213  1612  1684 I chatty  : uid=1000(system) android.fg expire 3 lines
11-29 21:34:00.916  1612  1690 I chatty  : uid=1000(system) PowerManagerSer expire 1 line
11-29 21:34:01.021  1612  1666 I chatty  : uid=1000(system) ActivityManager expire 1 line
11-29 21:34:01.149  1612  3322 I chatty  : uid=1000(system) Binder:1612_10 expire 1 line
11-29 21:34:02.888  1612  1671 I chatty  : uid=1000(system) batterystats-wo expire 4 lines
11-29 21:34:04.152  1612  1843 I chatty  : uid=1000(system) android.anim expire 16 lines
11-29 21:34:05.529  1612  2448 I chatty  : uid=1000(system) Binder:1612_7 expire 13 lines
11-29 21:34:05.787  1612  1612 I chatty  : uid=1000 system_server expire 10 lines
11-29 21:34:05.789  1612  2318 I chatty  : uid=1000(system) Binder:1612_6 expire 8 lines
11-29 21:34:05.850  1612  1684 I chatty  : uid=1000(system) android.fg expire 7 lines
11-29 21:34:05.876  1612  8739 I chatty  : uid=1000(system) Binder:1612_1F expire 11 lines
11-29 21:34:06.056  1612  4466 I chatty  : uid=1000(system) Binder:1612_11 expire 8 lines
11-29 21:34:06.288  1612  1664 I chatty  : uid=1000(system) ActivityManager expire 10 lines
11-29 21:34:06.667  1612  5413 I chatty  : uid=1000(system) Binder:1612_14 expire 5 lines
11-29 21:34:16.012   928  1115 E storaged: getDiskStats failed with result NOT_SUPPORTED and size 0
11-29 21:34:19.488  1612  1666 I chatty  : uid=1000(system) ActivityManager expire 3 lines
11-29 21:34:19.558  1612  3322 I chatty  : uid=1000(system) Binder:1612_10 expire 15 lines
11-29 21:34:19.565  1612  1665 I chatty  : uid=1000(system) android.ui expire 4 lines
11-29 21:34:20.099  1612  3317 I chatty  : uid=1000(system) Binder:1612_E expire 11 lines
11-29 21:34:21.186  1612  1686 I chatty  : uid=1000(system) android.display expire 10 lines
11-29 21:34:29.686  1612  1849 I chatty  : uid=1000(system) UEventObserver expire 10 lines
11-29 21:35:04.999  1612  1976 I chatty  : uid=1000(system) ConnectivitySer expire 5 lines
11-29 21:35:16.023   928  1115 E storaged: getDiskStats failed with result NOT_SUPPORTED and size 0
11-29 21:35:34.317  1612  2879 I chatty  : uid=1000(system) Binder:1612_B expire 1 line
11-29 21:36:16.031   928  1115 E storaged: getDiskStats failed with result NOT_SUPPORTED and size 0
11-29 21:37:16.033   928  1115 E storaged: getDiskStats failed with result NOT_SUPPORTED and size 0
11-29 21:37:34.039  1612  1664 I chatty  : uid=1000(system) ActivityManager expire 2 lines
11-29 21:38:16.035   928  1115 E storaged: getDiskStats failed with result NOT_SUPPORTED and size 0
11-29 21:39:16.037   928  1115 E storaged: getDiskStats failed with result NOT_SUPPORTED and size 0
11-29 21:40:16.038   928  1115 E storaged: getDiskStats failed with result NOT_SUPPORTED and size 0
11-29 21:41:16.039   928  1115 E storaged: getDiskStats failed with result NOT_SUPPORTED and size 0
11-29 21:41:39.358  1612  1663 I chatty  : uid=1000(system) android.bg expire 1 line
11-29 21:42:16.040   928  1115 E storaged: getDiskStats failed with result NOT_SUPPORTED and size 0
11-29 21:42:41.237  1612  1849 I chatty  : uid=1000(system) UEventObserver expire 2 lines
11-29 21:43:12.526  1612  1843 I chatty  : uid=1000(system) android.anim expire 9 lines
11-29 21:43:13.048  1612  3321 I chatty  : uid=1000(system) Binder:1612_F expire 10 lines
11-29 21:43:13.416  1612  4594 I chatty  : uid=1000(system) Binder:1612_12 expire 3 lines
11-29 21:43:14.899  1612  6565 I chatty  : uid=1000(system) Binder:1612_1A expire 1 line
11-29 21:43:16.042   928  1115 E storaged: getDiskStats failed with result NOT_SUPPORTED and size 0
11-29 21:43:16.061  1612  2448 I chatty  : uid=1000(system) Binder:1612_7 expire 1 line
11-29 21:43:16.285  1612  2802 I chatty  : uid=1000(system) Binder:1612_8 expire 1 line
11-29 21:43:16.286  1612  7005 I chatty  : uid=1000(system) Binder:1612_1E expire 1 line
11-29 21:43:16.287  1612  5681 I chatty  : uid=1000(system) Binder:1612_18 expire 1 line
11-29 21:43:16.766  1612  6634 I chatty  : uid=1000(system) Binder:1612_1B expire 2 lines
11-29 21:43:59.311  1612  5537 I chatty  : uid=1000(system) Binder:1612_16 expire 17 lines
11-29 21:43:59.501  1612  1843 I chatty  : uid=1000(system) android.anim expire 18 lines
11-29 21:44:00.868  1612  8739 I chatty  : uid=1000(system) Binder:1612_1F expire 1 line
11-29 21:44:01.111  1612  6634 I chatty  : uid=1000(system) Binder:1612_1B expire 3 lines
11-29 21:44:03.118  1612  4594 I chatty  : uid=1000(system) Binder:1612_12 expire 2 lines
11-29 21:44:04.616  1612  1686 I chatty  : uid=1000(system) android.display expire 8 lines
11-29 21:44:14.114  1612  1612 I chatty  : uid=1000 system_server expire 16 lines
11-29 21:44:16.045   928  1115 E storaged: getDiskStats failed with result NOT_SUPPORTED and size 0
11-29 21:44:17.669  1612  1976 I chatty  : uid=1000(system) ConnectivitySer expire 8 lines
11-29 21:44:44.084  1612  1849 I chatty  : uid=1000(system) UEventObserver expire 10 lines
11-29 21:45:16.047   928  1115 E storaged: getDiskStats failed with result NOT_SUPPORTED and size 0
11-29 21:46:16.048   928  1115 E storaged: getDiskStats failed with result NOT_SUPPORTED and size 0
11-29 21:46:47.277  1612  1664 I chatty  : uid=1000(system) ActivityManager expire 3 lines
11-29 21:46:47.323  1612  2865 I chatty  : uid=1000(system) Binder:1612_9 expire 11 lines
11-29 21:46:59.851  1612  5413 I chatty  : uid=1000(system) Binder:1612_14 expire 12 lines
11-29 21:47:03.014  1612  1666 I chatty  : uid=1000(system) ActivityManager expire 6 lines
11-29 21:47:03.810  5227  5227 D ActivityThread: Loading provider com.google.android.gm.sapi: com.google.android.gm.sapi.SapiUiProvider
11-29 21:47:05.921  1612  5506 I chatty  : uid=1000(system) Binder:1612_15 expire 2 lines
11-29 21:47:16.050   928  1115 E storaged: getDiskStats failed with result NOT_SUPPORTED and size 0
11-29 21:48:16.052   928  1115 E storaged: getDiskStats failed with result NOT_SUPPORTED and size 0
11-29 21:48:40.490  1612  5681 I chatty  : uid=1000(system) Binder:1612_18 expire 3 lines
11-29 21:49:16.053   928  1115 E storaged: getDiskStats failed with result NOT_SUPPORTED and size 0
11-29 21:49:29.546  1612  2802 I chatty  : uid=1000(system) Binder:1612_8 expire 4 lines
11-29 21:50:16.055   928  1115 E storaged: getDiskStats failed with result NOT_SUPPORTED and size 0
11-29 21:50:23.820  1612  1847 I chatty  : uid=1000(system) Binder:1612_3 expire 9 lines
11-29 21:50:26.091  1612  7005 I chatty  : uid=1000(system) Binder:1612_1E expire 6 lines
11-29 21:51:16.057   928  1115 E storaged: getDiskStats failed with result NOT_SUPPORTED and size 0
11-29 21:51:28.428  1612  1665 I chatty  : uid=1000(system) android.ui expire 2 lines
11-29 21:51:28.533  1612  1690 I chatty  : uid=1000(system) PowerManagerSer expire 9 lines
11-29 21:51:28.619  1612  1671 I chatty  : uid=1000(system) batterystats-wo expire 3 lines
11-29 21:52:02.849  1612  1954 I chatty  : uid=1000(system) InputReader expire 2 lines
11-29 21:52:04.300  1612  1628 I chatty  : uid=1000(system) Binder:1612_2 expire 5 lines
11-29 21:52:05.675  1612  1953 I chatty  : uid=1000(system) InputDispatcher expire 1 line
11-29 21:52:06.070  1612  5413 I chatty  : uid=1000(system) Binder:1612_14 expire 13 lines
11-29 21:52:39.870   928  1115 E storaged: getDiskStats failed with result NOT_SUPPORTED and size 0
11-29 21:52:41.406  1612  2865 I chatty  : uid=1000(system) Binder:1612_9 expire 8 lines
11-29 21:52:41.699  1612  1843 I chatty  : uid=1000(system) android.anim expire 6 lines
11-29 21:52:58.888  1612  5537 I chatty  : uid=1000(system) Binder:1612_16 expire 5 lines
11-29 21:53:39.872   928  1115 E storaged: getDiskStats failed with result NOT_SUPPORTED and size 0
11-29 21:53:52.148  1612  5413 I chatty  : uid=1000(system) Binder:1612_14 expire 11 lines
11-29 21:53:56.747  1612  1665 I chatty  : uid=1000(system) android.ui expire 3 lines
11-29 21:53:56.852  1612  5537 I chatty  : uid=1000(system) Binder:1612_16 expire 6 lines
11-29 21:53:56.998  1612  1843 I chatty  : uid=1000(system) android.anim expire 13 lines
11-29 21:53:57.024  1612  5681 I chatty  : uid=1000(system) Binder:1612_18 expire 13 lines
11-29 21:53:57.084  1612  7005 I chatty  : uid=1000(system) Binder:1612_1E expire 2 lines
11-29 21:53:57.796  1612  1686 I chatty  : uid=1000(system) android.display expire 4 lines
11-29 21:54:02.285  1612  2802 I chatty  : uid=1000(system) Binder:1612_8 expire 5 lines
11-29 21:54:02.396  1612  1847 I chatty  : uid=1000(system) Binder:1612_3 expire 2 lines
11-29 21:54:02.396  1612  1976 I chatty  : uid=1000(system) ConnectivitySer expire 9 lines
11-29 21:54:02.557  1612  2081 I chatty  : uid=1000(system) Binder:1612_5 expire 2 lines
11-29 21:54:02.559  1612  3322 I chatty  : uid=1000(system) Binder:1612_10 expire 6 lines
11-29 21:54:02.562  1612  3321 I chatty  : uid=1000(system) Binder:1612_F expire 11 lines
11-29 21:54:02.563  1612  2448 I chatty  : uid=1000(system) Binder:1612_7 expire 11 lines
11-29 21:54:02.618  1612  2879 I chatty  : uid=1000(system) Binder:1612_B expire 1 line
11-29 21:54:03.030  1612  5296 I chatty  : uid=1000(system) Binder:1612_13 expire 17 lines
11-29 21:54:03.239  1612  6899 I chatty  : uid=1000(system) Binder:1612_1C expire 1 line
11-29 21:54:03.245  1612  5506 I chatty  : uid=1000(system) Binder:1612_15 expire 11 lines
11-29 21:54:03.266  1612  3317 I chatty  : uid=1000(system) Binder:1612_E expire 2 lines
11-29 21:54:03.309  1612  6377 I chatty  : uid=1000(system) Binder:1612_19 expire 15 lines
11-29 21:54:03.317  1612  3105 I chatty  : uid=1000(system) Binder:1612_D expire 9 lines
11-29 21:54:03.507  1612  1666 I chatty  : uid=1000(system) ActivityManager expire 11 lines
11-29 21:54:06.541  1612  8808 I chatty  : uid=1000(system) Binder:1612_20 expire 2 lines
11-29 21:54:07.208  5873  5873 W ActivityThread: serviceCreate starts in 3456 ms, CreateServiceData = CreateServiceData{token=android.os.BinderProxy@1c87bc1 className=com.google.android.ims.services.RcsService packageName=com.google.android.ims intent=null}
11-29 21:54:07.219  5873  5873 W ActivityThread: serviceStart starts in 3466 ms, ServiceArgsData = ServiceArgsData{token=android.os.BinderProxy@1c87bc1 startId=41 args=null}
11-29 21:54:07.306  1612  1627 I chatty  : uid=1000(system) Binder:1612_1 expire 3 lines
11-29 21:54:08.096  5897  5952 E SchedPolicy: set_timerslack_ns write failed: Operation not permitted
11-29 21:54:08.342  5897  5952 E SchedPolicy: set_timerslack_ns write failed: Operation not permitted
11-29 21:54:08.379  5897  5953 E SchedPolicy: set_timerslack_ns write failed: Operation not permitted
11-29 21:54:08.548  5897  5936 E SchedPolicy: set_timerslack_ns write failed: Operation not permitted
11-29 21:54:08.622  1612  5413 I chatty  : uid=1000(system) Binder:1612_14 expire 2 lines
11-29 21:54:12.189  1612  1664 I chatty  : uid=1000(system) ActivityManager expire 6 lines
11-29 21:54:16.628  1612  1671 I chatty  : uid=1000(system) batterystats-wo expire 2 lines
11-29 21:54:16.995  1612  1849 I chatty  : uid=1000(system) UEventObserver expire 5 lines
11-29 21:54:21.389  5897  6230 E SchedPolicy: set_timerslack_ns write failed: Operation not permitted
11-29 21:54:22.442  1612  1666 I chatty  : uid=1000(system) ActivityManager expire 2 lines
11-29 21:54:23.064  5897  6233 E ActivityThread: Failed to find provider info for com.android.launcher3.cornermark.unreadbadge
11-29 21:54:23.184  6336  6362 E ActivityThread: Failed to find provider info for com.facebook.appmanager.nekodirect
11-29 21:54:39.269  1612  1684 I chatty  : uid=1000(system) android.fg expire 1 line
11-29 21:54:39.882   928  1115 E storaged: getDiskStats failed with result NOT_SUPPORTED and size 0
11-29 21:55:02.940  1612  1843 I chatty  : uid=1000(system) android.anim expire 8 lines
11-29 21:55:39.887   928  1115 E storaged: getDiskStats failed with result NOT_SUPPORTED and size 0
11-29 21:56:24.837  1612  6377 I chatty  : uid=1000(system) Binder:1612_19 expire 4 lines
11-29 21:56:39.889   928  1115 E storaged: getDiskStats failed with result NOT_SUPPORTED and size 0
11-29 21:57:25.224  6559  6559 D ActivityThread: Loading provider com.google.android.gm.sapi: com.google.android.gm.sapi.SapiUiProvider
11-29 21:57:39.891   928  1115 E storaged: getDiskStats failed with result NOT_SUPPORTED and size 0
11-29 21:57:53.612  1612  3321 I chatty  : uid=1000(system) Binder:1612_F expire 3 lines
11-29 21:57:54.534  1612  4466 I chatty  : uid=1000(system) Binder:1612_11 expire 10 lines
11-29 21:57:54.663  1612  1843 I chatty  : uid=1000(system) android.anim expire 11 lines
11-29 21:57:54.790  1612  3105 I chatty  : uid=1000(system) Binder:1612_D expire 13 lines
11-29 21:57:54.920  1612  1686 I chatty  : uid=1000(system) android.display expire 7 lines
11-29 21:57:55.575  1612  2081 I chatty  : uid=1000(system) Binder:1612_5 expire 10 lines
11-29 21:58:03.459  1612  1664 I chatty  : uid=1000(system) ActivityManager expire 6 lines
11-29 21:58:26.605  1612  1849 I chatty  : uid=1000(system) UEventObserver expire 7 lines
11-29 21:58:39.892   928  1115 E storaged: getDiskStats failed with result NOT_SUPPORTED and size 0
11-29 21:59:09.325  1612  4466 I chatty  : uid=1000(system) Binder:1612_11 expire 2 lines
11-29 21:59:39.894   928  1115 E storaged: getDiskStats failed with result NOT_SUPPORTED and size 0
11-29 22:00:00.023  1612  1612 I chatty  : uid=1000 system_server expire 6 lines
11-29 22:00:13.347  1612  1953 I chatty  : uid=1000(system) InputDispatcher expire 12 lines
11-29 22:00:13.418  1612  5681 I chatty  : uid=1000(system) Binder:1612_18 expire 2 lines
11-29 22:00:18.070  1612  3321 I chatty  : uid=1000(system) Binder:1612_F expire 6 lines
11-29 22:00:18.585  1612  7005 I chatty  : uid=1000(system) Binder:1612_1E expire 4 lines
11-29 22:00:18.786  1612  1976 I chatty  : uid=1000(system) ConnectivitySer expire 10 lines
11-29 22:00:19.762  1612  3104 I chatty  : uid=1000(system) Binder:1612_C expire 12 lines
11-29 22:00:20.457  1612  1671 I chatty  : uid=1000(system) batterystats-wo expire 8 lines
11-29 22:00:20.681  1612  1666 I chatty  : uid=1000(system) ActivityManager expire 5 lines
11-29 22:00:22.955  1612  1627 I chatty  : uid=1000(system) Binder:1612_1 expire 1 line
11-29 22:00:22.962  1612  2318 I chatty  : uid=1000(system) Binder:1612_6 expire 1 line
11-29 22:00:22.965  1612  5413 I chatty  : uid=1000(system) Binder:1612_14 expire 1 line
11-29 22:00:22.967  1612  6921 I chatty  : uid=1000(system) Binder:1612_1D expire 7 lines
11-29 22:00:24.048  1612  2865 I chatty  : uid=1000(system) Binder:1612_9 expire 5 lines
11-29 22:00:39.896   928  1115 E storaged: getDiskStats failed with result NOT_SUPPORTED and size 0
11-29 22:01:20.943  1612  6899 I chatty  : uid=1000(system) Binder:1612_1C expire 10 lines
11-29 22:01:39.898   928  1115 E storaged: getDiskStats failed with result NOT_SUPPORTED and size 0
11-29 22:02:39.903   928  1115 E storaged: getDiskStats failed with result NOT_SUPPORTED and size 0
11-29 22:03:04.508  1612  1663 I chatty  : uid=1000(system) android.bg expire 1 line
11-29 22:03:25.223  1612  3104 I chatty  : uid=1000(system) Binder:1612_C expire 10 lines
11-29 22:03:39.905   928  1115 E storaged: getDiskStats failed with result NOT_SUPPORTED and size 0
11-29 22:03:52.909  1612  1976 I chatty  : uid=1000(system) ConnectivitySer expire 3 lines
11-29 22:03:55.957  1612  8739 I chatty  : uid=1000(system) Binder:1612_1F expire 2 lines
11-29 22:04:22.238  1612  5296 I chatty  : uid=1000(system) Binder:1612_13 expire 8 lines
11-29 22:04:22.479  1612  1843 I chatty  : uid=1000(system) android.anim expire 10 lines
11-29 22:04:39.907   928  1115 E storaged: getDiskStats failed with result NOT_SUPPORTED and size 0
11-29 22:04:56.620  1612  3104 I chatty  : uid=1000(system) Binder:1612_C expire 1 line
11-29 22:04:56.671  1612  3105 I chatty  : uid=1000(system) Binder:1612_D expire 1 line
11-29 22:04:56.711  1612  1843 I chatty  : uid=1000(system) android.anim expire 11 lines
11-29 22:04:56.745  1612  2081 I chatty  : uid=1000(system) Binder:1612_5 expire 14 lines
11-29 22:04:56.752  1612  1686 I chatty  : uid=1000(system) android.display expire 8 lines
11-29 22:05:06.611  1612  1664 I chatty  : uid=1000(system) ActivityManager expire 13 lines
11-29 22:05:36.684  1612  1849 I chatty  : uid=1000(system) UEventObserver expire 7 lines
11-29 22:05:39.908   928  1115 E storaged: getDiskStats failed with result NOT_SUPPORTED and size 0
11-29 22:06:06.864  1612  8739 I chatty  : uid=1000(system) Binder:1612_1F expire 12 lines
11-29 22:06:07.009  1612  6899 I chatty  : uid=1000(system) Binder:1612_1C expire 1 line
11-29 22:06:07.045  1612  1666 I chatty  : uid=1000(system) ActivityManager expire 5 lines
11-29 22:06:07.657  1612  2318 I chatty  : uid=1000(system) Binder:1612_6 expire 3 lines
11-29 22:06:08.835  1612  1628 I chatty  : uid=1000(system) Binder:1612_2 expire 7 lines
11-29 22:06:16.365  1612  1671 I chatty  : uid=1000(system) batterystats-wo expire 3 lines
11-29 22:06:37.731  1612  3104 I chatty  : uid=1000(system) Binder:1612_C expire 2 lines
11-29 22:06:37.737  1612  5413 I chatty  : uid=1000(system) Binder:1612_14 expire 6 lines
11-29 22:06:37.781  1612  1976 I chatty  : uid=1000(system) ConnectivitySer expire 6 lines
11-29 22:06:37.877  1612  2802 I chatty  : uid=1000(system) Binder:1612_8 expire 3 lines
11-29 22:06:37.883  1612  5506 I chatty  : uid=1000(system) Binder:1612_15 expire 1 line
11-29 22:06:39.912   928  1115 E storaged: getDiskStats failed with result NOT_SUPPORTED and size 0
11-29 22:06:42.675  1612  3105 I chatty  : uid=1000(system) Binder:1612_D expire 12 lines
11-29 22:06:42.716  1612  2865 I chatty  : uid=1000(system) Binder:1612_9 expire 3 lines
11-29 22:06:48.585  1612  1627 I chatty  : uid=1000(system) Binder:1612_1 expire 2 lines
11-29 22:06:48.658  1612  8808 I chatty  : uid=1000(system) Binder:1612_20 expire 4 lines
11-29 22:06:48.923  1612  6634 I chatty  : uid=1000(system) Binder:1612_1B expire 2 lines
11-29 22:06:48.937  1612  7005 I chatty  : uid=1000(system) Binder:1612_1E expire 7 lines
11-29 22:06:48.938  1612  4594 I chatty  : uid=1000(system) Binder:1612_12 expire 3 lines
11-29 22:06:48.938  1612  1997 I chatty  : uid=1000(system) Binder:1612_4 expire 4 lines
11-29 22:06:49.299  1612  6565 I chatty  : uid=1000(system) Binder:1612_1A expire 5 lines
11-29 22:06:58.403  7579  7599 E SchedPolicy: set_timerslack_ns write failed: Operation not permitted
11-29 22:06:58.873  7579  7633 E SchedPolicy: set_timerslack_ns write failed: Operation not permitted
11-29 22:07:02.972  7579  7661 E SchedPolicy: set_timerslack_ns write failed: Operation not permitted
11-29 22:07:03.387  1612  1843 I chatty  : uid=1000(system) android.anim expire 17 lines
11-29 22:07:03.972  1612  1664 I chatty  : uid=1000(system) ActivityManager expire 1 line
11-29 22:07:39.914   928  1115 E storaged: getDiskStats failed with result NOT_SUPPORTED and size 0
11-29 22:08:39.919   928  1115 E storaged: getDiskStats failed with result NOT_SUPPORTED and size 0
11-29 22:09:01.338  1612  5607 I chatty  : uid=1000(system) Binder:1612_17 expire 1 line
11-29 22:09:38.820  1612  3317 I chatty  : uid=1000(system) Binder:1612_E expire 1 line
11-29 22:09:39.922   928  1115 E storaged: getDiskStats failed with result NOT_SUPPORTED and size 0
11-29 22:10:16.116  1612  2081 I chatty  : uid=1000(system) Binder:1612_5 expire 9 lines
11-29 22:10:17.484  1612  1665 I chatty  : uid=1000(system) android.ui expire 6 lines
11-29 22:10:18.031  1612  1612 I chatty  : uid=1000 system_server expire 1 line
11-29 22:10:20.509  1612  5681 I chatty  : uid=1000(system) Binder:1612_18 expire 2 lines
11-29 22:10:21.414  1612  1686 I chatty  : uid=1000(system) android.display expire 14 lines
11-29 22:10:21.418  1612  3105 I chatty  : uid=1000(system) Binder:1612_D expire 10 lines
11-29 22:10:21.421  1612  1664 I chatty  : uid=1000(system) ActivityManager expire 19 lines
11-29 22:10:30.520  1612  7005 I chatty  : uid=1000(system) Binder:1612_1E expire 11 lines
11-29 22:10:30.836  1612  1843 I chatty  : uid=1000(system) android.anim expire 10 lines
11-29 22:10:31.316  1612  1612 I chatty  : uid=1000 system_server expire 9 lines
11-29 22:10:31.840  1612  2081 I chatty  : uid=1000(system) Binder:1612_5 expire 1 line
11-29 22:10:31.917  1612  1628 I chatty  : uid=1000(system) Binder:1612_2 expire 9 lines
11-29 22:10:32.309  1612  1665 I chatty  : uid=1000(system) android.ui expire 8 lines
11-29 22:10:32.394  1612  2879 I chatty  : uid=1000(system) Binder:1612_B expire 17 lines
11-29 22:10:33.168  1612  3322 I chatty  : uid=1000(system) Binder:1612_10 expire 5 lines
11-29 22:10:39.941   928  1115 E storaged: getDiskStats failed with result NOT_SUPPORTED and size 0
11-29 22:10:43.887  1612  1849 I chatty  : uid=1000(system) UEventObserver expire 10 lines
11-29 22:11:19.493  1612  1976 I chatty  : uid=1000(system) ConnectivitySer expire 3 lines
11-29 22:11:39.949   928  1115 E storaged: getDiskStats failed with result NOT_SUPPORTED and size 0
11-29 22:11:50.298  1612  5537 I chatty  : uid=1000(system) Binder:1612_16 expire 7 lines
11-29 22:11:51.392  1612  7005 I chatty  : uid=1000(system) Binder:1612_1E expire 11 lines
11-29 22:12:39.951   928  1115 E storaged: getDiskStats failed with result NOT_SUPPORTED and size 0
11-29 22:12:44.916  1612  1666 I chatty  : uid=1000(system) ActivityManager expire 5 lines
11-29 22:12:45.167  1612  1671 I chatty  : uid=1000(system) batterystats-wo expire 3 lines
11-29 22:13:33.852  1612  1843 I chatty  : uid=1000(system) android.anim expire 11 lines
11-29 22:13:39.953   928  1115 E storaged: getDiskStats failed with result NOT_SUPPORTED and size 0
11-29 22:14:21.225  1612  7005 I chatty  : uid=1000(system) Binder:1612_1E expire 4 lines
11-29 22:14:39.957   928  1115 E storaged: getDiskStats failed with result NOT_SUPPORTED and size 0
11-29 22:15:40.266   928  1115 E storaged: getDiskStats failed with result NOT_SUPPORTED and size 0
11-29 22:15:56.689  1612  3105 I chatty  : uid=1000(system) Binder:1612_D expire 4 lines
11-29 22:15:58.441  8488  8511 E SchedPolicy: set_timerslack_ns write failed: Operation not permitted
11-29 22:16:07.235  8488  8601 E SchedPolicy: set_timerslack_ns write failed: Operation not permitted
11-29 22:16:09.241  8488  8545 E ActivityThread: Failed to find provider info for com.android.launcher3.cornermark.unreadbadge
11-29 22:16:09.321  8622  8649 E ActivityThread: Failed to find provider info for com.facebook.appmanager.nekodirect
11-29 22:16:40.270   928  1115 E storaged: getDiskStats failed with result NOT_SUPPORTED and size 0
11-29 22:17:40.282   928  1115 E storaged: getDiskStats failed with result NOT_SUPPORTED and size 0
11-29 22:18:06.197  1612  1849 I chatty  : uid=1000(system) UEventObserver expire 3 lines
11-29 22:18:40.284   928  1115 E storaged: getDiskStats failed with result NOT_SUPPORTED and size 0
11-29 22:19:40.286   928  1115 E storaged: getDiskStats failed with result NOT_SUPPORTED and size 0
11-29 22:19:51.062  1612  1843 I chatty  : uid=1000(system) android.anim expire 4 lines
11-29 22:19:52.703  1612  6565 I chatty  : uid=1000(system) Binder:1612_1A expire 2 lines
11-29 22:19:54.186  1612  1843 I WindowManager:   SURFACE show Surface(name=com.motorola.launcher3/com.android.launcher3.CustomizationPanelLauncher)/@0x2792cc8: com.motorola.launcher3/com.android.launcher3.CustomizationPanelLauncher
11-29 22:19:54.219  1612  1686 I LaunchCheckinHandler: Displayed com.motorola.launcher3/com.android.launcher3.CustomizationPanelLauncher,wp,wa,2569
11-29 22:19:54.284  1612  1628 I WindowManager:   SURFACE SIZE set 1261x1440: com.android.systemui.ImageWallpaper
11-29 22:19:54.573  1612  1843 I WindowManager:   SURFACE show Surface(name=com.android.systemui.ImageWallpaper)/@0x84e90e1: com.android.systemui.ImageWallpaper
11-29 22:19:54.596  1612  1843 I WindowManager: Screen frozen for +2s732ms due to Window{3c08356 u0 com.android.systemui.ImageWallpaper}
11-29 22:19:54.763  1612  1628 I WindowManager:   SURFACE SIZE set 720x48: StatusBar
11-29 22:19:54.888  1612  6634 I WindowManager:   SURFACE SIZE set 720x17: ScreenDecorOverlay
11-29 22:19:54.913  1612  6634 I WindowManager:   SURFACE SIZE set 720x17: ScreenDecorOverlayBottom
11-29 22:19:55.721  1612  5537 I ActivityManager: Killing 7345:com.supercell.clashofclans/u0a258 (adj 900): remove task
11-29 22:19:55.724  1612  5537 I ActivityManager: Killing 8219:com.android.chrome:sandboxed_process0/u0a258i601 (adj 900): remove task
11-29 22:19:55.787  1612  5537 W ActivityManager: Scheduling restart of crashed service com.supercell.clashofclans/org.chromium.content.app.SandboxedProcessService0 in 1000ms
11-29 22:19:56.069  1612  3105 I WindowManager: WIN DEATH: Window{5b9ce20 u0 com.supercell.clashofclans/com.supercell.titan.GameApp}
11-29 22:19:56.094  1612  1686 W ActivityManager: setHasOverlayUi called on unknown pid: 7345
11-29 22:19:56.506  1612  5506 I ActivityManager: Killing 7159:com.tao.wiz/u0a281 (adj 900): remove task
11-29 22:19:56.605  1612  6899 I WindowManager: WIN DEATH: Window{fcb1f22 u0 com.tao.wiz/com.tao.wiz.front.activities.main.MainActivity}
11-29 22:19:56.635  1612  1686 W ActivityManager: setHasOverlayUi called on unknown pid: 7159
11-29 22:19:57.767  1612  1953 I ActivityManager: START u0 {act=android.intent.action.MAIN cat=[android.intent.category.HOME] flg=0x10200000 cmp=com.motorola.launcher3/com.android.launcher3.CustomizationPanelLauncher (has extras)} from uid 1000
11-29 22:19:59.126  1612  1666 I ActivityManager: Start proc 8858:com.google.android.youtube.player/u0a126 for service com.google.android.youtube/.api.service.YouTubeService
11-29 22:19:59.211  1612  1628 D ActivityManager: ActivityStack{c34a4c4 stackId=0 type=home mode=fullscreen visible=true translucent=false, 1 tasks} occludes Keyguard on display 0
11-29 22:19:59.241  1612  1628 V WindowManager: Focus changed from Window{7d44979 u0 com.motorola.launcher3/com.android.launcher3.CustomizationPanelLauncher} to Window{e7554bc u0 com.motorola.launcher3/com.android.launcher3.CustomizationPanelLauncher}
11-29 22:19:59.984  1612  1628 I ActivityManager: START u0 {act=com.google.android.googlequicksearchbox.GOOGLE_SEARCH flg=0x10000000 pkg=com.google.android.googlequicksearchbox cmp=com.google.android.googlequicksearchbox/.GoogleSearchGatewayInternal (has extras)} from uid 10090
11-29 22:20:00.079  1612  4594 D ActivityManager: ActivityStack{358ea79 stackId=191 type=standard mode=fullscreen visible=true translucent=true, 1 tasks} occludes Keyguard on display 0
11-29 22:20:00.081  1612  4594 D ActivityManager: ActivityStack{358ea79 stackId=191 type=standard mode=fullscreen visible=true translucent=true, 1 tasks} occludes Keyguard on display 0
11-29 22:20:00.093  1612  4594 V WindowManager: Focus changed from Window{e7554bc u0 com.motorola.launcher3/com.android.launcher3.CustomizationPanelLauncher} to null
11-29 22:20:00.096  1612  4594 D ActivityManager: ActivityStack{358ea79 stackId=191 type=standard mode=fullscreen visible=true translucent=true, 1 tasks} occludes Keyguard on display 0
11-29 22:20:00.098  1612  4594 D ActivityManager: ActivityStack{358ea79 stackId=191 type=standard mode=fullscreen visible=true translucent=true, 1 tasks} occludes Keyguard on display 0
11-29 22:20:00.221  1612  3104 I ActivityManager: START u0 {act=com.google.android.googlequicksearchbox.GOOGLE_SEARCH dat=ga:/data?tab_type=2&go_back_to_discover_feed_from_srp=false flg=0x10008000 cmp=com.google.android.googlequicksearchbox/.InternalGoogleAppActivityEntrypoint (has extras)} from uid 10090
11-29 22:20:00.281  1612  3104 D ActivityManager: ActivityStack{aae1c04 stackId=192 type=standard mode=fullscreen visible=true translucent=false, 1 tasks} occludes Keyguard on display 0
11-29 22:20:00.299  1612  3104 I chatty  : uid=1000(system) Binder:1612_C identical 2 lines
11-29 22:20:00.301  1612  3104 D ActivityManager: ActivityStack{aae1c04 stackId=192 type=standard mode=fullscreen visible=true translucent=false, 1 tasks} occludes Keyguard on display 0
11-29 22:20:00.682  1612  1666 I ActivityManager: Start proc 8897:com.android.chrome/u0a138 for service com.android.chrome/org.chromium.chrome.browser.customtabs.CustomTabsConnectionService
11-29 22:20:00.737  1612  4594 D ActivityManager: ActivityStack{aae1c04 stackId=192 type=standard mode=fullscreen visible=true translucent=false, 1 tasks} occludes Keyguard on display 0
11-29 22:20:00.822  1612  3104 E WindowManager: App trying to use insecure INPUT_FEATURE_NO_INPUT_CHANNEL flag. Ignoring
11-29 22:20:00.900  1612  3104 V WindowManager: Focus changed from null to Window{912031b u0 com.google.android.googlequicksearchbox/com.google.android.googlequicksearchbox.InternalGoogleAppActivityEntrypoint}
11-29 22:20:01.154  1612  1843 I WindowManager: Window drawn AppWindowToken{1486fb1 token=Token{17c3258 ActivityRecord{6464b3b u0 com.google.android.googlequicksearchbox/.InternalGoogleAppActivityEntrypoint t188}}}
11-29 22:20:01.157  1612  1843 I WindowManager:   SURFACE show Surface(name=com.google.android.googlequicksearchbox/com.google.android.googlequicksearchbox.InternalGoogleAppActivityEntrypoint)/@0x6d449bf: com.google.android.googlequicksearchbox/com.google.android.googlequicksearchbox.InternalGoogleAppActivityEntrypoint
11-29 22:20:01.174  1612  1686 I LaunchCheckinHandler: Displayed com.google.android.googlequicksearchbox/.InternalGoogleAppActivityEntrypoint,wp,ca,895
11-29 22:20:01.643  1612  1666 I ActivityManager: Start proc 8938:com.google.process.gapps/u0a58 for content provider com.google.android.gsf/.settings.GoogleSettingsProvider
11-29 22:20:01.737  1612  6634 D ActivityManager: ActivityStack{aae1c04 stackId=192 type=standard mode=fullscreen visible=true translucent=false, 1 tasks} occludes Keyguard on display 0
11-29 22:20:01.939  1612  1666 I ActivityManager: Start proc 8962:com.android.chrome:sandboxed_process0/u0i602 for webview_service com.google.android.googlequicksearchbox/org.chromium.content.app.SandboxedProcessService0
11-29 22:20:01.964  1612  1666 I ActivityManager: Start proc 8981:com.android.chrome:sandboxed_process0/u0i603 for webview_service com.google.android.googlequicksearchbox/org.chromium.content.app.SandboxedProcessService0
11-29 22:20:01.967  1612  3104 D ActivityManager: ActivityStack{aae1c04 stackId=192 type=standard mode=fullscreen visible=true translucent=false, 1 tasks} occludes Keyguard on display 0
11-29 22:20:01.969  1612  3104 I ActivityManager: Killing 8962:com.android.chrome:sandboxed_process0/u0a90i602 (adj 900): isolated not needed
11-29 22:20:02.015  1612  6634 D ActivityManager: ActivityStack{aae1c04 stackId=192 type=standard mode=fullscreen visible=true translucent=false, 1 tasks} occludes Keyguard on display 0
11-29 22:20:02.104  1612  6634 D ConnectivityService: requestNetwork for uid/pid:10126/8858 NetworkRequest [ TRACK_DEFAULT id=1607, [ Capabilities: INTERNET&NOT_RESTRICTED&TRUSTED Unwanted:  Uid: 10126] ]
11-29 22:20:02.337  1612  6634 D ActivityManager: ActivityStack{aae1c04 stackId=192 type=standard mode=fullscreen visible=true translucent=false, 1 tasks} occludes Keyguard on display 0
11-29 22:20:03.200  1612  1843 I WindowManager:   SURFACE show Surface(name=InputMethod)/@0x5384bd1: InputMethod
11-29 22:20:03.409  1612  5296 D ConnectivityService: requestNetwork for uid/pid:10126/8858 NetworkRequest [ TRACK_DEFAULT id=1609, [ Capabilities: INTERNET&NOT_RESTRICTED&TRUSTED Unwanted:  Uid: 10126] ]
11-29 22:20:03.930  1612  1612 W Looper  : Slow dispatch took 201ms main h=com.android.server.notification.NotificationManagerService$WorkerHandler c=null m=3
11-29 22:20:04.048  1612  1612 W Looper  : Slow dispatch took 118ms main h=com.android.server.notification.NotificationManagerService$WorkerHandler c=null m=3
11-29 22:20:04.049  1612  1612 W Looper  : Slow delivery took 301ms main h=com.android.server.job.JobSchedulerService$JobHandler c=null m=3
11-29 22:20:04.101  1612  1612 W Looper  : Drained
11-29 22:20:04.134  1612  5296 D ConnectivityService: requestNetwork for uid/pid:10090/6890 NetworkRequest [ TRACK_DEFAULT id=1610, [ Capabilities: INTERNET&NOT_RESTRICTED&TRUSTED Unwanted:  Uid: 10090] ]
11-29 22:20:04.880  1612  1976 D ConnectivityService: releasing NetworkRequest [ TRACK_DEFAULT id=1610, [ Capabilities: INTERNET&NOT_RESTRICTED&TRUSTED Unwanted:  Uid: 10090] ] (release request)
11-29 22:20:04.899  1612  5296 I ActivityManager: Killing 8981:com.android.chrome:sandboxed_process0/u0a90i603 (adj 0): isolated not needed
11-29 22:20:11.479  1612  1612 W Looper  : Slow dispatch took 100ms main h=android.os.Handler c=android.app.AlarmManager$ListenerWrapper@b33994 m=0
11-29 22:20:11.969  1612  1628 D ConnectivityService: requestNetwork for uid/pid:10090/6890 NetworkRequest [ TRACK_DEFAULT id=1612, [ Capabilities: INTERNET&NOT_RESTRICTED&TRUSTED Unwanted:  Uid: 10090] ]
11-29 22:20:12.219  1612  1849 D BatteryService: uevent={POWER_SUPPLY_VOLTAGE_NOW=3532236, POWER_SUPPLY_CHARGING_ENABLED=1, POWER_SUPPLY_HEALTH=Good, POWER_SUPPLY_TECHNOLOGY=Li-ion, POWER_SUPPLY_INPUT_CURRENT_MAX=1000000, POWER_SUPPLY_CHARGE_FULL_DESIGN=3019000, SEQNUM=180551, POWER_SUPPLY_INPUT_CURRENT_SETTLED=1, POWER_SUPPLY_STATUS=Discharging, POWER_SUPPLY_BATTERY_CHARGING_ENABLED=1, POWER_SUPPLY_CYCLE_COUNT=79, POWER_SUPPLY_FLASH_ACTIVE=0, POWER_SUPPLY_SAFETY_TIMER_ENABLED=0, POWER_SUPPLY_CAPACITY=12, DEVPATH=/devices/platform/soc/200f000.qcom,spmi/spmi-0/spmi0-02/200f000.qcom,spmi:qcom,pmi8940@2:qcom,qpnp-smbcharger/power_supply/battery, POWER_SUPPLY_VOLTAGE_MAX_DESIGN=4400000, POWER_SUPPLY_CHARGE_TYPE=N/A, POWER_SUPPLY_FLASH_CURRENT_MAX=0, POWER_SUPPLY_CHARGE_RATE=None, POWER_SUPPLY_CURRENT_NOW=676265, POWER_SUPPLY_SYSTEM_TEMP_LEVEL=0, POWER_SUPPLY_PRESENT=1, POWER_SUPPLY_CHARGE_FULL=2724000, SUBSYSTEM=power_supply, POWER_SUPPLY_TEMP_HOTSPOT=0, POWER_SUPPLY_TEMP=337, ACTION=change, POWER_SUPPLY_AGE=90, POWER_SUPPLY_NAME=battery, POWER_SUPPLY_CONSTANT_CHARGE_CURRENT_MAX=1600000, POWER_SUPPLY_VOLTAGE_MAX=4400, POWER_SUPPLY_CHARGE_COUNTER=365029, POWER_SUPPLY_NUM_SYSTEM_TEMP_LEVELS=7}
