11-29 19:51:23.032  1612  1686 I chatty  : uid=1000(system) android.display expire 2 lines
11-29 19:51:24.730  1612  5537 I chatty  : uid=1000(system) Binder:1612_16 expire 5 lines
11-29 19:51:24.734  1612  5506 I chatty  : uid=1000(system) Binder:1612_15 expire 8 lines
11-29 19:51:25.786  1612  1666 I chatty  : uid=1000(system) ActivityManager expire 10 lines
11-29 19:51:26.933 23029 23062 E SchedPolicy: set_timerslack_ns write failed: Operation not permitted
11-29 19:51:32.769  1612  1685 I chatty  : uid=1000(system) android.io expire 1 line
11-29 19:51:32.781  1612  1664 I chatty  : uid=1000(system) ActivityManager expire 14 lines
11-29 19:51:32.885  1612  1612 I chatty  : uid=1000 system_server expire 15 lines
11-29 19:51:32.987  1612  1671 I chatty  : uid=1000(system) batterystats-wo expire 3 lines
11-29 19:51:33.063  1612  1663 I chatty  : uid=1000(system) android.bg expire 3 lines
11-29 19:51:33.085  1612  8808 I chatty  : uid=1000(system) Binder:1612_20 expire 8 lines
11-29 19:51:33.203  1612  2448 I chatty  : uid=1000(system) Binder:1612_7 expire 12 lines
11-29 19:51:33.254  1612  1627 I chatty  : uid=1000(system) Binder:1612_1 expire 1 line
11-29 19:51:34.400 23183 23183 D ActivityThread: Loading provider com.google.android.gm.sapi: com.google.android.gm.sapi.SapiUiProvider
11-29 19:51:34.859 23174 23238 E SchedPolicy: set_timerslack_ns write failed: Operation not permitted
11-29 19:51:35.553 23183 23183 W ActivityThread: serviceCreate starts in 2298 ms, CreateServiceData = CreateServiceData{token=android.os.BinderProxy@3a3b24e className=com.android.mail.job.NotifyDatasetChangedJob$NotifyDatasetChangedJobService packageName=com.google.android.gm intent=null}
11-29 19:51:35.563 23183 23183 W ActivityThread: serviceCreate starts in 2303 ms, CreateServiceData = CreateServiceData{token=android.os.BinderProxy@b8ca55a className=com.google.android.gm.job.ProviderCreatedJob$ProviderCreatedJobService packageName=com.google.android.gm intent=null}
11-29 19:51:35.965 23174 23174 W ActivityThread: serviceCreate starts in 2744 ms, CreateServiceData = CreateServiceData{token=android.os.BinderProxy@2213fed className=com.facebook.analytics2.logger.LollipopUploadService packageName=com.facebook.orca intent=null}
11-29 19:51:36.173  1612  6899 I chatty  : uid=1000(system) Binder:1612_1C expire 8 lines
11-29 19:51:37.553  1612  5681 I chatty  : uid=1000(system) Binder:1612_18 expire 4 lines
11-29 19:51:37.806 23192 23192 W ActivityThread: serviceCreate starts in 4542 ms, CreateServiceData = CreateServiceData{token=android.os.BinderProxy@49b6634 className=androidx.work.impl.background.systemjob.SystemJobService packageName=com.google.android.youtube intent=null}
11-29 19:51:38.889  1612  2865 I chatty  : uid=1000(system) Binder:1612_9 expire 2 lines
11-29 19:51:40.160 23174 23339 E SchedPolicy: set_timerslack_ns write failed: Operation not permitted
11-29 19:51:40.523  1612  1666 I chatty  : uid=1000(system) ActivityManager expire 3 lines
11-29 19:51:42.270 31758 31758 W ActivityThread: serviceStart lasts for 2062 ms, ServiceArgsData = ServiceArgsData{token=android.os.BinderProxy@19a46e2 startId=178 args=Intent { act=Orca.START cmp=com.facebook.services/com.facebook.oxygen.services.fbns.PreloadedFbnsService (has extras) }}
11-29 19:51:44.292  1612  2802 I chatty  : uid=1000(system) Binder:1612_8 expire 2 lines
11-29 19:51:44.811 23905 23944 E ActivityThread: Failed to find provider info for com.facebook.appmanager.nekodirect
11-29 19:51:45.167 23174 23339 E SchedPolicy: set_timerslack_ns write failed: Operation not permitted
11-29 19:51:45.181 23174 23339 E SchedPolicy: set_timerslack_ns write failed: Operation not permitted
11-29 19:51:45.319 23029 23098 E ActivityThread: Failed to find provider info for com.android.launcher3.cornermark.unreadbadge
11-29 19:51:46.936  1612  2318 I chatty  : uid=1000(system) Binder:1612_6 expire 1 line
11-29 19:51:47.796 23665 23665 W ActivityThread: serviceCreate starts in 8500 ms, CreateServiceData = CreateServiceData{token=android.os.BinderProxy@f041b6b className=com.squareup.cash.integration.analytics.JobBatchScheduler$Service packageName=com.squareup.cash intent=null}
11-29 19:51:47.801 23665 23665 W ActivityThread: serviceCreate starts in 8452 ms, CreateServiceData = CreateServiceData{token=android.os.BinderProxy@4dc76c8 className=androidx.work.impl.background.systemjob.SystemJobService packageName=com.squareup.cash intent=null}
11-29 19:51:48.057  1612  8739 I chatty  : uid=1000(system) Binder:1612_1F expire 3 lines
11-29 19:51:50.298  1612  3317 I chatty  : uid=1000(system) Binder:1612_E expire 1 line
11-29 19:51:52.830   928  1115 E storaged: getDiskStats failed with result NOT_SUPPORTED and size 0
11-29 19:51:55.919  1612  1953 I chatty  : uid=1000(system) InputDispatcher expire 1 line
11-29 19:52:00.007  1612  1664 I chatty  : uid=1000(system) ActivityManager expire 1 line
11-29 19:52:00.366  1612  1612 I chatty  : uid=1000 system_server expire 3 lines
11-29 19:52:01.075  2008  2008 V DeadZone: consuming errant click: (390.4577,5.0631104)
11-29 19:52:01.076  2008  2008 V DeadZone: consuming errant click: (390.4577,5.0631104)
11-29 19:52:03.744  1612  1665 I chatty  : uid=1000(system) android.ui expire 2 lines
11-29 19:52:03.979  1612  1690 I chatty  : uid=1000(system) PowerManagerSer expire 3 lines
11-29 19:52:04.835  1612  3322 I chatty  : uid=1000(system) Binder:1612_10 expire 1 line
11-29 19:52:04.835  1612  5681 I chatty  : uid=1000(system) Binder:1612_18 expire 2 lines
11-29 19:52:04.835  1612  1976 I chatty  : uid=1000(system) ConnectivitySer expire 10 lines
11-29 19:52:04.835  1612  5506 I chatty  : uid=1000(system) Binder:1612_15 expire 13 lines
11-29 19:52:05.508  1612  3104 I chatty  : uid=1000(system) Binder:1612_C expire 1 line
11-29 19:52:06.164  1612  1666 I chatty  : uid=1000(system) ActivityManager expire 8 lines
11-29 19:52:06.271  1612  1847 I chatty  : uid=1000(system) Binder:1612_3 expire 3 lines
11-29 19:52:07.544  1612  5296 I chatty  : uid=1000(system) Binder:1612_13 expire 4 lines
11-29 19:52:07.602  1612  6377 I chatty  : uid=1000(system) Binder:1612_19 expire 5 lines
11-29 19:52:07.642  1612  1671 I chatty  : uid=1000(system) batterystats-wo expire 5 lines
11-29 19:52:07.679  1612  8739 I chatty  : uid=1000(system) Binder:1612_1F expire 15 lines
11-29 19:52:08.324  1612  2318 I chatty  : uid=1000(system) Binder:1612_6 expire 1 line
11-29 19:52:09.683  1612  1849 I chatty  : uid=1000(system) UEventObserver expire 11 lines
11-29 19:52:18.060  1612  2081 I chatty  : uid=1000(system) Binder:1612_5 expire 1 line
11-29 19:52:27.919  1612  1663 I chatty  : uid=1000(system) android.bg expire 8 lines
11-29 19:52:36.735  1612  2865 I chatty  : uid=1000(system) Binder:1612_9 expire 2 lines
11-29 19:52:36.735  1612  2802 I chatty  : uid=1000(system) Binder:1612_8 expire 1 line
11-29 19:52:52.833   928  1115 E storaged: getDiskStats failed with result NOT_SUPPORTED and size 0
11-29 19:52:57.783  1612  1612 I chatty  : uid=1000 system_server expire 10 lines
11-29 19:53:47.617  1612  3317 I chatty  : uid=1000(system) Binder:1612_E expire 1 line
11-29 19:53:52.834   928  1115 E storaged: getDiskStats failed with result NOT_SUPPORTED and size 0
11-29 19:54:08.119  1612  1664 I chatty  : uid=1000(system) ActivityManager expire 14 lines
11-29 19:54:09.228  1612  3105 I chatty  : uid=1000(system) Binder:1612_D expire 5 lines
11-29 19:54:33.164  1612  1843 I chatty  : uid=1000(system) android.anim expire 3 lines
11-29 19:54:52.837   928  1115 E storaged: getDiskStats failed with result NOT_SUPPORTED and size 0
11-29 19:55:47.684  1612  1976 I chatty  : uid=1000(system) ConnectivitySer expire 4 lines
11-29 19:55:52.839   928  1115 E storaged: getDiskStats failed with result NOT_SUPPORTED and size 0
11-29 19:56:17.211  1612  1849 I chatty  : uid=1000(system) UEventObserver expire 8 lines
11-29 19:56:52.842   928  1115 E storaged: getDiskStats failed with result NOT_SUPPORTED and size 0
11-29 19:56:57.773  1612  1612 I chatty  : uid=1000 system_server expire 5 lines
11-29 19:57:04.000  1612  1684 I chatty  : uid=1000(system) android.fg expire 3 lines
11-29 19:57:35.272  1612  1664 I chatty  : uid=1000(system) ActivityManager expire 5 lines
11-29 19:57:48.044  1612  5506 I chatty  : uid=1000(system) Binder:1612_15 expire 5 lines
11-29 19:57:52.843   928  1115 E storaged: getDiskStats failed with result NOT_SUPPORTED and size 0
11-29 19:58:31.268  1612  1671 I chatty  : uid=1000(system) batterystats-wo expire 3 lines
11-29 19:58:44.902  1612  1849 I chatty  : uid=1000(system) UEventObserver expire 12 lines
11-29 19:58:47.703  1612  5296 I chatty  : uid=1000(system) Binder:1612_13 expire 5 lines
11-29 19:58:47.718  1612  1976 I chatty  : uid=1000(system) ConnectivitySer expire 12 lines
11-29 19:58:52.845   928  1115 E storaged: getDiskStats failed with result NOT_SUPPORTED and size 0
11-29 19:58:58.079  1612  1612 I chatty  : uid=1000 system_server expire 14 lines
11-29 19:58:58.257  1612  1663 I chatty  : uid=1000(system) android.bg expire 8 lines
11-29 19:59:47.709  1612  1628 I chatty  : uid=1000(system) Binder:1612_2 expire 2 lines
11-29 19:59:52.847   928  1115 E storaged: getDiskStats failed with result NOT_SUPPORTED and size 0
11-29 20:00:47.723  1612  3105 I chatty  : uid=1000(system) Binder:1612_D expire 6 lines
11-29 20:00:52.848   928  1115 E storaged: getDiskStats failed with result NOT_SUPPORTED and size 0
11-29 20:01:53.128   928  1115 E storaged: getDiskStats failed with result NOT_SUPPORTED and size 0
11-29 20:02:36.345  1612  1666 I chatty  : uid=1000(system) ActivityManager expire 15 lines
11-29 20:02:36.460  1612  8739 I chatty  : uid=1000(system) Binder:1612_1F expire 2 lines
11-29 20:02:37.300  1612  1627 I chatty  : uid=1000(system) Binder:1612_1 expire 2 lines
11-29 20:02:37.527  1612  1847 I chatty  : uid=1000(system) Binder:1612_3 expire 4 lines
11-29 20:02:38.628  1612  1664 I chatty  : uid=1000(system) ActivityManager expire 12 lines
11-29 20:02:39.431  1612  2318 I chatty  : uid=1000(system) Binder:1612_6 expire 6 lines
11-29 20:02:40.411 25280 25280 W ActivityThread: serviceCreate starts in 2421 ms, CreateServiceData = CreateServiceData{token=android.os.BinderProxy@9819ca1 className=com.google.android.finsky.developergroupidinfo.DeveloperGroupIdInfoService packageName=com.android.vending intent=null}
11-29 20:02:40.805  1612  6634 I chatty  : uid=1000(system) Binder:1612_1B expire 1 line
11-29 20:02:40.808  1612  5537 I chatty  : uid=1000(system) Binder:1612_16 expire 2 lines
11-29 20:02:41.656  1612  3321 I chatty  : uid=1000(system) Binder:1612_F expire 3 lines
11-29 20:02:41.920  1612  3317 I chatty  : uid=1000(system) Binder:1612_E expire 4 lines
11-29 20:02:42.207  1612  2802 I chatty  : uid=1000(system) Binder:1612_8 expire 1 line
11-29 20:02:42.207  1612  4594 I chatty  : uid=1000(system) Binder:1612_12 expire 2 lines
11-29 20:02:43.266  1612  7005 I chatty  : uid=1000(system) Binder:1612_1E expire 3 lines
11-29 20:02:43.346  1612  4466 I chatty  : uid=1000(system) Binder:1612_11 expire 1 line
11-29 20:02:48.003  1612  8808 I chatty  : uid=1000(system) Binder:1612_20 expire 5 lines
11-29 20:02:50.662  1612  1849 I chatty  : uid=1000(system) UEventObserver expire 3 lines
11-29 20:02:53.130   928  1115 E storaged: getDiskStats failed with result NOT_SUPPORTED and size 0
11-29 20:02:57.874  1612  1612 I chatty  : uid=1000 system_server expire 1 line
11-29 20:02:59.386  1612  6921 I chatty  : uid=1000(system) Binder:1612_1D expire 3 lines
11-29 20:03:12.148  1612  1664 I chatty  : uid=1000(system) ActivityManager expire 5 lines
11-29 20:03:12.263  1612  1976 I chatty  : uid=1000(system) ConnectivitySer expire 2 lines
11-29 20:03:12.273  1612  1666 I chatty  : uid=1000(system) ActivityManager expire 19 lines
11-29 20:03:13.449 25879 25901 E SchedPolicy: set_timerslack_ns write failed: Operation not permitted
11-29 20:03:13.669 25879 25899 E SchedPolicy: set_timerslack_ns write failed: Operation not permitted
11-29 20:03:21.878 25879 25987 E ActivityThread: Failed to find provider info for com.android.launcher3.cornermark.unreadbadge
11-29 20:03:53.131   928  1115 E storaged: getDiskStats failed with result NOT_SUPPORTED and size 0
11-29 20:03:57.940  1612  1612 I chatty  : uid=1000 system_server expire 11 lines
11-29 20:03:57.957  1612  1663 I chatty  : uid=1000(system) android.bg expire 6 lines
11-29 20:04:00.577  1612  1849 I chatty  : uid=1000(system) UEventObserver expire 11 lines
11-29 20:04:47.835  1612  6377 I chatty  : uid=1000(system) Binder:1612_19 expire 4 lines
11-29 20:04:47.850  1612  1976 I chatty  : uid=1000(system) ConnectivitySer expire 10 lines
11-29 20:04:53.132   928  1115 E storaged: getDiskStats failed with result NOT_SUPPORTED and size 0
11-29 20:05:47.896  1612  8808 I chatty  : uid=1000(system) Binder:1612_20 expire 3 lines
11-29 20:05:53.133   928  1115 E storaged: getDiskStats failed with result NOT_SUPPORTED and size 0
11-29 20:06:47.851  1612  6921 I chatty  : uid=1000(system) Binder:1612_1D expire 2 lines
11-29 20:06:53.135   928  1115 E storaged: getDiskStats failed with result NOT_SUPPORTED and size 0
11-29 20:07:40.908  1612  1627 I chatty  : uid=1000(system) Binder:1612_1 expire 10 lines
11-29 20:07:53.136   928  1115 E storaged: getDiskStats failed with result NOT_SUPPORTED and size 0
11-29 20:07:57.862  1612  1849 I chatty  : uid=1000(system) UEventObserver expire 10 lines
11-29 20:08:13.088  1612  1671 I chatty  : uid=1000(system) batterystats-wo expire 4 lines
11-29 20:08:13.408  1612  3317 I chatty  : uid=1000(system) Binder:1612_E expire 3 lines
11-29 20:08:14.237  1612  1690 I chatty  : uid=1000(system) PowerManagerSer expire 2 lines
11-29 20:08:14.380  1612  1686 I chatty  : uid=1000(system) android.display expire 1 line
11-29 20:08:14.583  1612  3104 I chatty  : uid=1000(system) Binder:1612_C expire 1 line
11-29 20:08:14.669  1612  2081 I chatty  : uid=1000(system) Binder:1612_5 expire 3 lines
11-29 20:08:15.122 26200 26200 W ActivityThread: serviceStart starts in 2073 ms, ServiceArgsData = ServiceArgsData{token=android.os.BinderProxy@1f61236 startId=1 args=Intent { act=com.google.android.gms.security.snet.ACTION_IDLE_MODE cat=[targeted_intent_op_prefix:.security.snet.SnetLaunchChimeraIntentService] cmp=com.google.android.gms/.chimera.SnetIntentOperationService (has extras) }}
11-29 20:08:15.488  1612  5296 I chatty  : uid=1000(system) Binder:1612_13 expire 1 line
11-29 20:08:16.254  1612  3322 I chatty  : uid=1000(system) Binder:1612_10 expire 4 lines
11-29 20:08:16.395  1612  5607 I chatty  : uid=1000(system) Binder:1612_17 expire 4 lines
11-29 20:08:17.226 26393 26393 E SchedPolicy: set_timerslack_ns write failed: Operation not permitted
11-29 20:08:17.707  1612  1628 I chatty  : uid=1000(system) Binder:1612_2 expire 1 line
11-29 20:08:20.381  1612  6565 I chatty  : uid=1000(system) Binder:1612_1A expire 1 line
11-29 20:08:20.626  1612  2876 I chatty  : uid=1000(system) Binder:1612_A expire 7 lines
11-29 20:08:24.946  1612  3105 I chatty  : uid=1000(system) Binder:1612_D expire 3 lines
11-29 20:08:25.009  1612  2802 I chatty  : uid=1000(system) Binder:1612_8 expire 1 line
11-29 20:08:25.977  1612  2865 I chatty  : uid=1000(system) Binder:1612_9 expire 3 lines
11-29 20:08:27.025  1612  5681 I chatty  : uid=1000(system) Binder:1612_18 expire 4 lines
11-29 20:08:29.019  1612  1612 I chatty  : uid=1000 system_server expire 3 lines
11-29 20:08:30.796  1612  1685 I chatty  : uid=1000(system) android.io expire 1 line
11-29 20:08:31.194  1612  1671 I chatty  : uid=1000(system) batterystats-wo expire 4 lines
11-29 20:08:31.241  1612  1663 I chatty  : uid=1000(system) android.bg expire 1 line
11-29 20:08:31.475  1612  1666 I chatty  : uid=1000(system) ActivityManager expire 15 lines
11-29 20:08:31.547  1612  6377 I chatty  : uid=1000(system) Binder:1612_19 expire 1 line
11-29 20:08:32.041  1612  7005 I chatty  : uid=1000(system) Binder:1612_1E expire 3 lines
11-29 20:08:32.773  1612  3322 I chatty  : uid=1000(system) Binder:1612_10 expire 15 lines
11-29 20:08:32.992  1612  1612 I chatty  : uid=1000 system_server expire 9 lines
11-29 20:08:33.274  1612  1849 I chatty  : uid=1000(system) UEventObserver expire 2 lines
11-29 20:08:33.629  1612  2876 I chatty  : uid=1000(system) Binder:1612_A expire 3 lines
11-29 20:08:34.256  1612  3317 I chatty  : uid=1000(system) Binder:1612_E expire 6 lines
11-29 20:08:34.342  1612  6921 I chatty  : uid=1000(system) Binder:1612_1D expire 6 lines
11-29 20:08:34.831  1612  2081 I chatty  : uid=1000(system) Binder:1612_5 expire 9 lines
11-29 20:08:34.918  1612  3105 I chatty  : uid=1000(system) Binder:1612_D expire 2 lines
11-29 20:08:34.918  1612  8739 I chatty  : uid=1000(system) Binder:1612_1F expire 2 lines
11-29 20:08:34.919  1612  1976 I chatty  : uid=1000(system) ConnectivitySer expire 2 lines
11-29 20:08:36.410  1612  1843 I chatty  : uid=1000(system) android.anim expire 8 lines
11-29 20:08:37.376  1612  2865 I chatty  : uid=1000(system) Binder:1612_9 expire 5 lines
11-29 20:08:38.102  1612  1686 I chatty  : uid=1000(system) android.display expire 1 line
11-29 20:08:38.103  1612  1684 I chatty  : uid=1000(system) android.fg expire 6 lines
11-29 20:08:40.532  1612  3104 I chatty  : uid=1000(system) Binder:1612_C expire 2 lines
11-29 20:08:42.941 27371 27371 D ActivityThread: Loading provider com.google.android.gm.sapi: com.google.android.gm.sapi.SapiUiProvider
11-29 20:08:47.689  1612  2802 I chatty  : uid=1000(system) Binder:1612_8 expire 3 lines
11-29 20:08:48.936  1612  1664 I chatty  : uid=1000(system) ActivityManager expire 15 lines
11-29 20:08:49.407  1612  6565 I chatty  : uid=1000(system) Binder:1612_1A expire 1 line
11-29 20:08:53.143   928  1115 E storaged: getDiskStats failed with result NOT_SUPPORTED and size 0
11-29 20:08:54.141  1612  3322 I chatty  : uid=1000(system) Binder:1612_10 expire 2 lines
11-29 20:08:58.993  1612  1628 I chatty  : uid=1000(system) Binder:1612_2 expire 1 line
11-29 20:08:58.994  1612  1976 I chatty  : uid=1000(system) ConnectivitySer expire 1 line
11-29 20:09:00.005  1612  1612 I chatty  : uid=1000 system_server expire 5 lines
11-29 20:09:05.506  1612  1849 I chatty  : uid=1000(system) UEventObserver expire 80 lines
11-29 20:09:08.994  1612  3317 I chatty  : uid=1000(system) Binder:1612_E expire 2 lines
11-29 20:09:13.055  1612  4466 I chatty  : uid=1000(system) Binder:1612_11 expire 1 line
11-29 20:09:14.187  1612  1671 I chatty  : uid=1000(system) batterystats-wo expire 5 lines
11-29 20:09:14.211  1612  1664 I chatty  : uid=1000(system) ActivityManager expire 8 lines
11-29 20:09:15.039  1612  1685 I chatty  : uid=1000(system) android.io expire 1 line
11-29 20:09:15.126  1612  1663 I chatty  : uid=1000(system) android.bg expire 3 lines
11-29 20:09:28.800  1612  1849 I chatty  : uid=1000(system) UEventObserver expire 81 lines
11-29 20:09:37.666  1612  1664 I chatty  : uid=1000(system) ActivityManager expire 16 lines
11-29 20:09:37.690  1612  1612 I chatty  : uid=1000 system_server expire 4 lines
11-29 20:09:37.702  1612  1671 I chatty  : uid=1000(system) batterystats-wo expire 8 lines
11-29 20:09:38.534  1612  1685 I chatty  : uid=1000(system) android.io expire 2 lines
11-29 20:09:50.170  1612  6377 I chatty  : uid=1000(system) Binder:1612_19 expire 1 line
11-29 20:09:50.394  1612  1976 I chatty  : uid=1000(system) ConnectivitySer expire 1 line
11-29 20:09:53.148   928  1115 E storaged: getDiskStats failed with result NOT_SUPPORTED and size 0
11-29 20:09:53.405  1612  1849 I chatty  : uid=1000(system) UEventObserver expire 3 lines
11-29 20:09:54.649  1612  1664 I chatty  : uid=1000(system) ActivityManager expire 11 lines
11-29 20:09:54.670  1612  1849 I chatty  : uid=1000(system) UEventObserver expire 22 lines
11-29 20:09:54.687  1612  1612 I chatty  : uid=1000 system_server expire 4 lines
11-29 20:09:54.734  1612  1671 I chatty  : uid=1000(system) batterystats-wo expire 6 lines
11-29 20:09:55.538  1612  1666 I chatty  : uid=1000(system) ActivityManager expire 4 lines
11-29 20:09:55.611  1612  2802 I chatty  : uid=1000(system) Binder:1612_8 expire 8 lines
11-29 20:09:55.899  1612  1997 I chatty  : uid=1000(system) Binder:1612_4 expire 1 line
11-29 20:09:55.964  1612  4594 I chatty  : uid=1000(system) Binder:1612_12 expire 1 line
11-29 20:09:55.964  1612  1976 I chatty  : uid=1000(system) ConnectivitySer expire 1 line
11-29 20:09:57.740  1612  1685 I chatty  : uid=1000(system) android.io expire 2 lines
11-29 20:09:57.822  1612  1663 I chatty  : uid=1000(system) android.bg expire 1 line
11-29 20:10:13.511  1612  5537 I chatty  : uid=1000(system) Binder:1612_16 expire 3 lines
11-29 20:10:14.767  1612  3104 I chatty  : uid=1000(system) Binder:1612_C expire 9 lines
11-29 20:10:14.945  1612  1628 I chatty  : uid=1000(system) Binder:1612_2 expire 3 lines
11-29 20:10:15.464  1612  3321 I chatty  : uid=1000(system) Binder:1612_F expire 2 lines
11-29 20:10:53.150   928  1115 E storaged: getDiskStats failed with result NOT_SUPPORTED and size 0
11-29 20:10:56.088  1612  5413 I chatty  : uid=1000(system) Binder:1612_14 expire 3 lines
11-29 20:10:56.162  1612  1843 I chatty  : uid=1000(system) android.anim expire 8 lines
11-29 20:10:58.303  1612  5296 I chatty  : uid=1000(system) Binder:1612_13 expire 4 lines
11-29 20:10:59.592  1612  1686 I chatty  : uid=1000(system) android.display expire 3 lines
11-29 20:11:01.959  1612  1953 I chatty  : uid=1000(system) InputDispatcher expire 1 line
11-29 20:11:07.947  1612  2879 I chatty  : uid=1000(system) Binder:1612_B expire 1 line
11-29 20:11:08.168  1612  3105 I chatty  : uid=1000(system) Binder:1612_D expire 7 lines
11-29 20:11:08.547  1612  3317 I chatty  : uid=1000(system) Binder:1612_E expire 3 lines
11-29 20:11:12.562  1612  1665 I chatty  : uid=1000(system) android.ui expire 6 lines
11-29 20:11:16.719  1612  1849 I chatty  : uid=1000(system) UEventObserver expire 3 lines
11-29 20:11:16.826  1612  1664 I chatty  : uid=1000(system) ActivityManager expire 6 lines
11-29 20:11:16.933  1612  1612 I chatty  : uid=1000 system_server expire 4 lines
11-29 20:11:16.968  1612  1671 I chatty  : uid=1000(system) batterystats-wo expire 3 lines
11-29 20:11:16.990  1612  1849 I chatty  : uid=1000(system) UEventObserver expire 41 lines
11-29 20:11:17.060  1612  1663 I chatty  : uid=1000(system) android.bg expire 2 lines
11-29 20:11:53.141  1612  1666 I chatty  : uid=1000(system) ActivityManager expire 2 lines
11-29 20:11:53.161   928  1115 E storaged: getDiskStats failed with result NOT_SUPPORTED and size 0
11-29 20:11:53.208  1612  6899 I chatty  : uid=1000(system) Binder:1612_1C expire 2 lines
11-29 20:11:54.496 28164 28184 E SchedPolicy: set_timerslack_ns write failed: Operation not permitted
11-29 20:11:54.853 28164 28186 E SchedPolicy: set_timerslack_ns write failed: Operation not permitted
11-29 20:11:55.049  1612  5413 I chatty  : uid=1000(system) Binder:1612_14 expire 3 lines
11-29 20:12:00.434  1612  6634 I chatty  : uid=1000(system) Binder:1612_1B expire 5 lines
11-29 20:12:00.501  1612  5537 I chatty  : uid=1000(system) Binder:1612_16 expire 3 lines
11-29 20:12:03.405 28164 28237 E ActivityThread: Failed to find provider info for com.android.launcher3.cornermark.unreadbadge
11-29 20:12:03.532 28322 28350 E ActivityThread: Failed to find provider info for com.facebook.appmanager.nekodirect
11-29 20:12:36.363 23174 28417 E SchedPolicy: set_timerslack_ns write failed: Operation not permitted
11-29 20:12:42.008 23174 28419 E SchedPolicy: set_timerslack_ns write failed: Operation not permitted
11-29 20:12:53.166   928  1115 E storaged: getDiskStats failed with result NOT_SUPPORTED and size 0
11-29 20:13:53.168   928  1115 E storaged: getDiskStats failed with result NOT_SUPPORTED and size 0
11-29 20:13:53.179  1612  1849 I chatty  : uid=1000(system) UEventObserver expire 43 lines
11-29 20:13:57.157  1612  1843 I chatty  : uid=1000(system) android.anim expire 2 lines
11-29 20:13:59.430  1612  1849 I chatty  : uid=1000(system) UEventObserver expire 83 lines
11-29 20:14:00.769  1612  5506 I chatty  : uid=1000(system) Binder:1612_15 expire 3 lines
11-29 20:14:00.944  1612  1666 I chatty  : uid=1000(system) ActivityManager expire 3 lines
11-29 20:14:03.122  1612  1671 I chatty  : uid=1000(system) batterystats-wo expire 5 lines
11-29 20:14:05.564  1612  1664 I chatty  : uid=1000(system) ActivityManager expire 14 lines
11-29 20:14:05.585  1612  6634 I chatty  : uid=1000(system) Binder:1612_1B expire 1 line
11-29 20:14:07.904  1612  1612 I chatty  : uid=1000 system_server expire 4 lines
11-29 20:14:23.131  1612  6565 I chatty  : uid=1000(system) Binder:1612_1A expire 1 line
11-29 20:14:23.220  1612  5607 I chatty  : uid=1000(system) Binder:1612_17 expire 1 line
11-29 20:14:23.221  1612  1976 I chatty  : uid=1000(system) ConnectivitySer expire 1 line
11-29 20:14:34.108  1612  1685 I chatty  : uid=1000(system) android.io expire 1 line
11-29 20:14:34.224  1612  1663 I chatty  : uid=1000(system) android.bg expire 1 line
11-29 20:14:34.356  1612  5537 I chatty  : uid=1000(system) Binder:1612_16 expire 2 lines
11-29 20:14:43.255  1612  3105 I chatty  : uid=1000(system) Binder:1612_D expire 2 lines
11-29 20:14:48.046  1612  1612 I chatty  : uid=1000 system_server expire 10 lines
11-29 20:14:48.125  1612  2865 I chatty  : uid=1000(system) Binder:1612_9 expire 7 lines
11-29 20:14:48.188  1612  1666 I chatty  : uid=1000(system) ActivityManager expire 7 lines
11-29 20:14:48.263  1612  5413 I chatty  : uid=1000(system) Binder:1612_14 expire 3 lines
11-29 20:14:48.826  1612  1663 I chatty  : uid=1000(system) android.bg expire 2 lines
11-29 20:14:48.969  1612  5537 I chatty  : uid=1000(system) Binder:1612_16 expire 6 lines
11-29 20:14:50.821  1612  1843 I chatty  : uid=1000(system) android.anim expire 7 lines
11-29 20:14:53.178   928  1115 E storaged: getDiskStats failed with result NOT_SUPPORTED and size 0
11-29 20:14:55.409  1612  1665 I chatty  : uid=1000(system) android.ui expire 12 lines
11-29 20:14:55.551  1612  6634 I chatty  : uid=1000(system) Binder:1612_1B expire 3 lines
11-29 20:14:56.127  1612  8739 I chatty  : uid=1000(system) Binder:1612_1F expire 2 lines
11-29 20:14:58.188  1612  1849 I chatty  : uid=1000(system) UEventObserver expire 14 lines
11-29 20:15:18.053  1612  5681 I chatty  : uid=1000(system) Binder:1612_18 expire 3 lines
11-29 20:15:23.717  1612  1627 I chatty  : uid=1000(system) Binder:1612_1 expire 3 lines
11-29 20:15:26.150  1612  1976 I chatty  : uid=1000(system) ConnectivitySer expire 6 lines
11-29 20:15:26.152  1612  1847 I chatty  : uid=1000(system) Binder:1612_3 expire 5 lines
11-29 20:15:27.467  1612  4466 I chatty  : uid=1000(system) Binder:1612_11 expire 2 lines
11-29 20:15:28.864  1612  6565 I chatty  : uid=1000(system) Binder:1612_1A expire 5 lines
11-29 20:15:36.769  1612  1664 I chatty  : uid=1000(system) ActivityManager expire 13 lines
11-29 20:15:37.001  1612  1671 I chatty  : uid=1000(system) batterystats-wo expire 4 lines
11-29 20:15:38.658  1612  2318 I chatty  : uid=1000(system) Binder:1612_6 expire 2 lines
11-29 20:15:40.751  1612  1685 I chatty  : uid=1000(system) android.io expire 1 line
11-29 20:15:40.788  1612  6377 I chatty  : uid=1000(system) Binder:1612_19 expire 2 lines
11-29 20:15:40.791  1612  3322 I chatty  : uid=1000(system) Binder:1612_10 expire 1 line
11-29 20:15:47.936  1612  2802 I chatty  : uid=1000(system) Binder:1612_8 expire 4 lines
11-29 20:15:48.161  1612  5506 I chatty  : uid=1000(system) Binder:1612_15 expire 10 lines
11-29 20:15:53.191   928  1115 E storaged: getDiskStats failed with result NOT_SUPPORTED and size 0
11-29 20:16:23.463  1612  1849 I chatty  : uid=1000(system) UEventObserver expire 4 lines
11-29 20:16:33.728  1612  1665 I chatty  : uid=1000(system) android.ui expire 9 lines
11-29 20:16:53.197   928  1115 E storaged: getDiskStats failed with result NOT_SUPPORTED and size 0
11-29 20:17:05.180  1612  1849 I chatty  : uid=1000(system) UEventObserver expire 10 lines
11-29 20:17:45.383  1612  2318 I chatty  : uid=1000(system) Binder:1612_6 expire 5 lines
11-29 20:17:48.417  1612  5607 I chatty  : uid=1000(system) Binder:1612_17 expire 9 lines
11-29 20:17:53.206   928  1115 E storaged: getDiskStats failed with result NOT_SUPPORTED and size 0
11-29 20:18:29.405  1612  1612 I chatty  : uid=1000 system_server expire 9 lines
11-29 20:18:30.994  1612  1976 I chatty  : uid=1000(system) ConnectivitySer expire 2 lines
11-29 20:18:39.526  1612  5506 I chatty  : uid=1000(system) Binder:1612_15 expire 5 lines
11-29 20:18:39.677  1612  1666 I chatty  : uid=1000(system) ActivityManager expire 4 lines
11-29 20:18:39.744  1612  1627 I chatty  : uid=1000(system) Binder:1612_1 expire 8 lines
11-29 20:18:53.211   928  1115 E storaged: getDiskStats failed with result NOT_SUPPORTED and size 0
11-29 20:19:01.534  1612  1843 I chatty  : uid=1000(system) android.anim expire 9 lines
11-29 20:19:53.216   928  1115 E storaged: getDiskStats failed with result NOT_SUPPORTED and size 0
11-29 20:19:58.305  1612  1849 I chatty  : uid=1000(system) UEventObserver expire 12 lines
11-29 20:20:25.704  1612  1664 I chatty  : uid=1000(system) ActivityManager expire 9 lines
11-29 20:20:53.218   928  1115 E storaged: getDiskStats failed with result NOT_SUPPORTED and size 0
11-29 20:21:14.749  1612  1671 I chatty  : uid=1000(system) batterystats-wo expire 6 lines
11-29 20:21:53.219   928  1115 E storaged: getDiskStats failed with result NOT_SUPPORTED and size 0
11-29 20:22:23.030  1612  2802 I chatty  : uid=1000(system) Binder:1612_8 expire 2 lines
11-29 20:22:23.252  1612  6565 I chatty  : uid=1000(system) Binder:1612_1A expire 5 lines
11-29 20:22:53.221   928  1115 E storaged: getDiskStats failed with result NOT_SUPPORTED and size 0
11-29 20:22:54.007  1612  1849 I chatty  : uid=1000(system) UEventObserver expire 24 lines
11-29 20:23:38.499  1612  1685 I chatty  : uid=1000(system) android.io expire 1 line
11-29 20:23:38.609  1612  1663 I chatty  : uid=1000(system) android.bg expire 2 lines
11-29 20:23:38.702  1612  1849 I chatty  : uid=1000(system) UEventObserver expire 16 lines
11-29 20:23:38.851  1612  1671 I chatty  : uid=1000(system) batterystats-wo expire 2 lines
11-29 20:23:39.258  1612  1664 I chatty  : uid=1000(system) ActivityManager expire 3 lines
11-29 20:23:53.232   928  1115 E storaged: getDiskStats failed with result NOT_SUPPORTED and size 0
11-29 20:24:30.616  1612  1843 I chatty  : uid=1000(system) android.anim expire 15 lines
11-29 20:24:31.628  1612  5537 I chatty  : uid=1000(system) Binder:1612_16 expire 14 lines
11-29 20:24:31.833  1612  1849 I chatty  : uid=1000(system) UEventObserver expire 6 lines
11-29 20:24:32.035  1612  3321 I chatty  : uid=1000(system) Binder:1612_F expire 1 line
11-29 20:24:32.036 22051 22051 E SchedPolicy: set_timerslack_ns write failed: Operation not permitted
11-29 20:24:32.036 22051 22051 E SchedPolicy: set_timerslack_ns write failed: Operation not permitted
11-29 20:24:32.112  1612  1997 I chatty  : uid=1000(system) Binder:1612_4 expire 1 line
11-29 20:24:32.206 22051 22051 E SchedPolicy: set_timerslack_ns write failed: Operation not permitted
11-29 20:24:32.415  1612  1686 I chatty  : uid=1000(system) android.display expire 7 lines
11-29 20:24:33.049  1612  2865 I chatty  : uid=1000(system) Binder:1612_9 expire 6 lines
11-29 20:24:33.342  1612  6377 I chatty  : uid=1000(system) Binder:1612_19 expire 2 lines
11-29 20:24:33.696  1612  5681 I chatty  : uid=1000(system) Binder:1612_18 expire 2 lines
11-29 20:24:33.773  1612  1612 I chatty  : uid=1000 system_server expire 7 lines
11-29 20:24:33.784  1612  1665 I chatty  : uid=1000(system) android.ui expire 7 lines
11-29 20:24:33.855 22051 22051 E SchedPolicy: set_timerslack_ns write failed: Operation not permitted
11-29 20:24:33.856 22051 22051 E SchedPolicy: set_timerslack_ns write failed: Operation not permitted
11-29 20:24:33.884  1612  4466 I chatty  : uid=1000(system) Binder:1612_11 expire 2 lines
11-29 20:24:33.901  1612  6565 I chatty  : uid=1000(system) Binder:1612_1A expire 1 line
11-29 20:24:33.904  1612  1976 I chatty  : uid=1000(system) ConnectivitySer expire 1 line
11-29 20:24:33.905  1612  3322 I chatty  : uid=1000(system) Binder:1612_10 expire 6 lines
11-29 20:24:33.959 22051 22051 E SchedPolicy: set_timerslack_ns write failed: Operation not permitted
11-29 20:24:34.598  1612  2318 I chatty  : uid=1000(system) Binder:1612_6 expire 4 lines
11-29 20:24:35.203  1612  1666 I chatty  : uid=1000(system) ActivityManager expire 6 lines
11-29 20:24:35.746 29774 29774 E SchedPolicy: set_timerslack_ns write failed: Operation not permitted
11-29 20:24:40.848  1612  3104 I chatty  : uid=1000(system) Binder:1612_C expire 3 lines
11-29 20:24:40.862  1612  8739 I chatty  : uid=1000(system) Binder:1612_1F expire 7 lines
11-29 20:24:40.967  1612  6634 I chatty  : uid=1000(system) Binder:1612_1B expire 2 lines
11-29 20:24:40.971  1612  2081 I chatty  : uid=1000(system) Binder:1612_5 expire 10 lines
11-29 20:24:42.279  1612  1665 I chatty  : uid=1000(system) android.ui expire 1 line
11-29 20:24:42.290  1612  1849 I chatty  : uid=1000(system) UEventObserver expire 11 lines
11-29 20:24:42.308  1612  3104 I chatty  : uid=1000(system) Binder:1612_C expire 9 lines
11-29 20:24:42.656  1612  1666 I chatty  : uid=1000(system) ActivityManager expire 13 lines
11-29 20:24:43.393  1612  8739 I chatty  : uid=1000(system) Binder:1612_1F expire 2 lines
11-29 20:24:44.060  1612  1843 I chatty  : uid=1000(system) android.anim expire 13 lines
11-29 20:24:48.551  1612  3322 I chatty  : uid=1000(system) Binder:1612_10 expire 13 lines
11-29 20:24:53.242   928  1115 E storaged: getDiskStats failed with result NOT_SUPPORTED and size 0
11-29 20:25:15.181  1612  1627 I chatty  : uid=1000(system) Binder:1612_1 expire 2 lines
11-29 20:25:30.901  1612  5413 I chatty  : uid=1000(system) Binder:1612_14 expire 5 lines
11-29 20:25:31.211  1612  3317 I chatty  : uid=1000(system) Binder:1612_E expire 7 lines
11-29 20:25:53.244   928  1115 E storaged: getDiskStats failed with result NOT_SUPPORTED and size 0
11-29 20:25:57.332  1612  1849 I chatty  : uid=1000(system) UEventObserver expire 19 lines
11-29 20:26:04.312  1612  6377 I chatty  : uid=1000(system) Binder:1612_19 expire 9 lines
11-29 20:26:04.615  1612  4466 I chatty  : uid=1000(system) Binder:1612_11 expire 2 lines
11-29 20:26:04.949  1612  1686 I chatty  : uid=1000(system) android.display expire 1 line
11-29 20:26:04.997  1612  1664 I chatty  : uid=1000(system) ActivityManager expire 2 lines
11-29 20:26:05.351  1612  1976 I chatty  : uid=1000(system) ConnectivitySer expire 1 line
11-29 20:26:14.883  1612  1849 I chatty  : uid=1000(system) UEventObserver expire 96 lines
11-29 20:26:19.148  1612  6377 I chatty  : uid=1000(system) Binder:1612_19 expire 2 lines
11-29 20:26:34.590  1612  3322 I chatty  : uid=1000(system) Binder:1612_10 expire 2 lines
11-29 20:26:34.688  1612  1612 I chatty  : uid=1000 system_server expire 3 lines
11-29 20:26:34.700  1612  1843 I chatty  : uid=1000(system) android.anim expire 2 lines
11-29 20:26:42.844  1612  1664 I chatty  : uid=1000(system) ActivityManager expire 4 lines
11-29 20:26:53.256   928  1115 E storaged: getDiskStats failed with result NOT_SUPPORTED and size 0
11-29 20:27:01.181  1612  1665 I chatty  : uid=1000(system) android.ui expire 4 lines
11-29 20:27:01.593  1612  2081 I chatty  : uid=1000(system) Binder:1612_5 expire 2 lines
11-29 20:27:01.960  1612  5413 I chatty  : uid=1000(system) Binder:1612_14 expire 5 lines
11-29 20:27:02.316  1612  6377 I chatty  : uid=1000(system) Binder:1612_19 expire 9 lines
11-29 20:27:02.407  1612  1843 I chatty  : uid=1000(system) android.anim expire 5 lines
11-29 20:27:13.528  1612  1849 I chatty  : uid=1000(system) UEventObserver expire 17 lines
11-29 20:27:53.262   928  1115 E storaged: getDiskStats failed with result NOT_SUPPORTED and size 0
11-29 20:28:02.170  1612  1664 I chatty  : uid=1000(system) ActivityManager expire 11 lines
11-29 20:28:02.340  1612  1612 I chatty  : uid=1000 system_server expire 9 lines
11-29 20:28:17.687  1612  2081 I chatty  : uid=1000(system) Binder:1612_5 expire 4 lines
11-29 20:28:17.785  1612  6565 I chatty  : uid=1000(system) Binder:1612_1A expire 5 lines
11-29 20:28:18.901  2008  2008 V DeadZone: consuming errant click: (94.934074,141.80305)
11-29 20:28:18.901  2008  2008 V DeadZone: consuming errant click: (94.934074,141.80305)
11-29 20:28:19.645  1612  1665 I chatty  : uid=1000(system) android.ui expire 5 lines
11-29 20:28:19.766  1612  1690 I chatty  : uid=1000(system) PowerManagerSer expire 9 lines
11-29 20:28:19.805  1612  1671 I chatty  : uid=1000(system) batterystats-wo expire 10 lines
11-29 20:28:19.839  1612  1686 I chatty  : uid=1000(system) android.display expire 5 lines
11-29 20:28:19.945  1612  4466 I chatty  : uid=1000(system) Binder:1612_11 expire 3 lines
11-29 20:28:20.083  1612  1976 I chatty  : uid=1000(system) ConnectivitySer expire 2 lines
11-29 20:28:28.059  1612  3104 I chatty  : uid=1000(system) Binder:1612_C expire 6 lines
11-29 20:28:29.689  1612  1685 I chatty  : uid=1000(system) android.io expire 1 line
11-29 20:28:29.847  1612  1663 I chatty  : uid=1000(system) android.bg expire 1 line
11-29 20:28:30.201  1612  1666 I chatty  : uid=1000(system) ActivityManager expire 9 lines
11-29 20:28:52.016  1612  6634 I chatty  : uid=1000(system) Binder:1612_1B expire 1 line
11-29 20:28:53.263   928  1115 E storaged: getDiskStats failed with result NOT_SUPPORTED and size 0
11-29 20:28:53.719  1612  1849 I chatty  : uid=1000(system) UEventObserver expire 22 lines
11-29 20:28:55.674  1612  2879 I chatty  : uid=1000(system) Binder:1612_B expire 3 lines
11-29 20:28:57.665  2008  2008 V DeadZone: consuming errant click: (59.958363,208.71013)
11-29 20:28:57.665  2008  2008 V DeadZone: consuming errant click: (59.958363,208.71013)
11-29 20:29:00.447  1612  4594 I chatty  : uid=1000(system) Binder:1612_12 expire 4 lines
11-29 20:29:01.243  1612  1997 I chatty  : uid=1000(system) Binder:1612_4 expire 7 lines
11-29 20:29:07.184  1612  1664 I chatty  : uid=1000(system) ActivityManager expire 5 lines
11-29 20:29:17.068  1612  6899 I chatty  : uid=1000(system) Binder:1612_1C expire 11 lines
11-29 20:29:19.472  1612  2802 I chatty  : uid=1000(system) Binder:1612_8 expire 8 lines
11-29 20:29:21.572  1612  1843 I chatty  : uid=1000(system) android.anim expire 9 lines
11-29 20:29:25.002  1612  1664 I chatty  : uid=1000(system) ActivityManager expire 13 lines
11-29 20:29:33.096  1612  3104 I chatty  : uid=1000(system) Binder:1612_C expire 14 lines
11-29 20:29:47.969  1612  1666 I chatty  : uid=1000(system) ActivityManager expire 11 lines
11-29 20:29:50.796  1612  3321 I chatty  : uid=1000(system) Binder:1612_F expire 8 lines
11-29 20:29:51.523  1612  3105 I chatty  : uid=1000(system) Binder:1612_D expire 6 lines
11-29 20:29:51.976  1612  2865 I chatty  : uid=1000(system) Binder:1612_9 expire 6 lines
11-29 20:29:52.551 30956 30956 W ActivityThread: serviceCreate starts in 2106 ms, CreateServiceData = CreateServiceData{token=android.os.BinderProxy@2202e87 className=com.google.android.finsky.billing.iab.InAppBillingService packageName=com.android.vending intent=null}
11-29 20:29:53.267   928  1115 E storaged: getDiskStats failed with result NOT_SUPPORTED and size 0
11-29 20:29:53.519  1612  6899 I chatty  : uid=1000(system) Binder:1612_1C expire 1 line
11-29 20:30:01.848  1612  1849 I chatty  : uid=1000(system) UEventObserver expire 10 lines
11-29 20:30:01.870  1612  1664 I chatty  : uid=1000(system) ActivityManager expire 11 lines
11-29 20:30:01.930  1612  1685 I chatty  : uid=1000(system) android.io expire 1 line
11-29 20:30:02.132  1612  1671 I chatty  : uid=1000(system) batterystats-wo expire 14 lines
11-29 20:30:02.134  1612  1612 I chatty  : uid=1000 system_server expire 5 lines
11-29 20:30:02.288  1612  1663 I chatty  : uid=1000(system) android.bg expire 1 line
11-29 20:30:09.157  1612  4594 I chatty  : uid=1000(system) Binder:1612_12 expire 1 line
11-29 20:30:53.268   928  1115 E storaged: getDiskStats failed with result NOT_SUPPORTED and size 0
11-29 20:30:55.388  1612  1849 I chatty  : uid=1000(system) UEventObserver expire 10 lines
11-29 20:30:58.138  1612  5537 I chatty  : uid=1000(system) Binder:1612_16 expire 2 lines
11-29 20:31:53.269   928  1115 E storaged: getDiskStats failed with result NOT_SUPPORTED and size 0
11-29 20:32:06.876  1612  1671 I chatty  : uid=1000(system) batterystats-wo expire 14 lines
11-29 20:32:06.932  1612  3322 I chatty  : uid=1000(system) Binder:1612_10 expire 1 line
11-29 20:32:06.932  1612  1976 I chatty  : uid=1000(system) ConnectivitySer expire 1 line
11-29 20:32:07.197  1612  1627 I chatty  : uid=1000(system) Binder:1612_1 expire 4 lines
11-29 20:32:07.477  1612  8739 I chatty  : uid=1000(system) Binder:1612_1F expire 7 lines
11-29 20:32:49.749  1612  2318 I chatty  : uid=1000(system) Binder:1612_6 expire 1 line
11-29 20:32:53.271   928  1115 E storaged: getDiskStats failed with result NOT_SUPPORTED and size 0
11-29 20:33:43.828  1612  6377 I chatty  : uid=1000(system) Binder:1612_19 expire 4 lines
11-29 20:33:53.273   928  1115 E storaged: getDiskStats failed with result NOT_SUPPORTED and size 0
11-29 20:34:43.433  1612  7005 I chatty  : uid=1000(system) Binder:1612_1E expire 10 lines
11-29 20:34:43.496  1612  1671 I chatty  : uid=1000(system) batterystats-wo expire 14 lines
11-29 20:34:53.276   928  1115 E storaged: getDiskStats failed with result NOT_SUPPORTED and size 0
11-29 20:34:59.332  1612  7005 I chatty  : uid=1000(system) Binder:1612_1E expire 12 lines
11-29 20:34:59.416  1612  1843 I chatty  : uid=1000(system) android.anim expire 11 lines
11-29 20:35:00.517  1612  1612 I chatty  : uid=1000 system_server expire 5 lines
11-29 20:35:03.919  1612  1664 I chatty  : uid=1000(system) ActivityManager expire 23 lines
11-29 20:35:06.022  1612  1849 I chatty  : uid=1000(system) UEventObserver expire 8 lines
11-29 20:35:06.960  1612  2318 I chatty  : uid=1000(system) Binder:1612_6 expire 11 lines
11-29 20:35:08.554  1612  8739 I chatty  : uid=1000(system) Binder:1612_1F expire 11 lines
11-29 20:35:28.968  1612  1666 I chatty  : uid=1000(system) ActivityManager expire 10 lines
11-29 20:35:29.441  1612  2865 I chatty  : uid=1000(system) Binder:1612_9 expire 13 lines
11-29 20:35:37.069  1612  2879 I chatty  : uid=1000(system) Binder:1612_B expire 11 lines
11-29 20:35:53.277   928  1115 E storaged: getDiskStats failed with result NOT_SUPPORTED and size 0
11-29 20:36:53.278   928  1115 E storaged: getDiskStats failed with result NOT_SUPPORTED and size 0
11-29 20:37:46.569  1612  1671 I chatty  : uid=1000(system) batterystats-wo expire 18 lines
11-29 20:37:46.595  1612  1663 I chatty  : uid=1000(system) android.bg expire 5 lines
11-29 20:37:46.724  1612  2318 I chatty  : uid=1000(system) Binder:1612_6 expire 9 lines
11-29 20:37:53.280   928  1115 E storaged: getDiskStats failed with result NOT_SUPPORTED and size 0
11-29 20:37:54.962  1612  8739 I chatty  : uid=1000(system) Binder:1612_1F expire 10 lines
11-29 20:37:55.114  1612  1666 I chatty  : uid=1000(system) ActivityManager expire 9 lines
11-29 20:38:20.661  1612  2865 I chatty  : uid=1000(system) Binder:1612_9 expire 5 lines
11-29 20:38:53.282   928  1115 E storaged: getDiskStats failed with result NOT_SUPPORTED and size 0
11-29 20:39:20.744  1612  5681 I chatty  : uid=1000(system) Binder:1612_18 expire 12 lines
11-29 20:39:53.283   928  1115 E storaged: getDiskStats failed with result NOT_SUPPORTED and size 0
11-29 20:40:04.541  1612  1843 I chatty  : uid=1000(system) android.anim expire 3 lines
11-29 20:40:04.645  1612  1671 I chatty  : uid=1000(system) batterystats-wo expire 5 lines
11-29 20:40:43.450  1612  1664 I chatty  : uid=1000(system) ActivityManager expire 4 lines
11-29 20:40:53.285   928  1115 E storaged: getDiskStats failed with result NOT_SUPPORTED and size 0
11-29 20:41:53.286   928  1115 E storaged: getDiskStats failed with result NOT_SUPPORTED and size 0
11-29 20:42:32.631  1612  7005 I chatty  : uid=1000(system) Binder:1612_1E expire 5 lines
11-29 20:42:32.785  1612  1666 I chatty  : uid=1000(system) ActivityManager expire 3 lines
11-29 20:42:32.787  1612  1843 I chatty  : uid=1000(system) android.anim expire 11 lines
11-29 20:42:32.857  1612  2879 I chatty  : uid=1000(system) Binder:1612_B expire 12 lines
11-29 20:42:32.857  1612  1671 I chatty  : uid=1000(system) batterystats-wo expire 10 lines
11-29 20:42:48.303  1612  2865 I chatty  : uid=1000(system) Binder:1612_9 expire 5 lines
11-29 20:42:49.040  1612  1627 I chatty  : uid=1000(system) Binder:1612_1 expire 3 lines
11-29 20:42:50.517  1612  2081 I chatty  : uid=1000(system) Binder:1612_5 expire 14 lines
11-29 20:42:53.287   928  1115 E storaged: getDiskStats failed with result NOT_SUPPORTED and size 0
11-29 20:42:55.920  1612  1664 I chatty  : uid=1000(system) ActivityManager expire 10 lines
11-29 20:43:17.546  1612  1849 I chatty  : uid=1000(system) UEventObserver expire 10 lines
11-29 20:43:53.290   928  1115 E storaged: getDiskStats failed with result NOT_SUPPORTED and size 0
11-29 20:44:31.867  1612  1663 I chatty  : uid=1000(system) android.bg expire 1 line
11-29 20:44:53.291   928  1115 E storaged: getDiskStats failed with result NOT_SUPPORTED and size 0
11-29 20:45:18.564  1612  2318 I chatty  : uid=1000(system) Binder:1612_6 expire 5 lines
11-29 20:45:19.300  1612  5681 I chatty  : uid=1000(system) Binder:1612_18 expire 1 line
11-29 20:45:31.873  1612  6377 I chatty  : uid=1000(system) Binder:1612_19 expire 3 lines
11-29 20:45:53.293   928  1115 E storaged: getDiskStats failed with result NOT_SUPPORTED and size 0
11-29 20:46:53.295   928  1115 E storaged: getDiskStats failed with result NOT_SUPPORTED and size 0
11-29 20:47:53.297   928  1115 E storaged: getDiskStats failed with result NOT_SUPPORTED and size 0
11-29 20:48:53.298   928  1115 E storaged: getDiskStats failed with result NOT_SUPPORTED and size 0
11-29 20:49:53.299   928  1115 E storaged: getDiskStats failed with result NOT_SUPPORTED and size 0
11-29 20:50:53.301   928  1115 E storaged: getDiskStats failed with result NOT_SUPPORTED and size 0
11-29 20:51:01.622  1612  1612 I chatty  : uid=1000 system_server expire 12 lines
11-29 20:51:01.813  1612  1686 I chatty  : uid=1000(system) android.display expire 7 lines
11-29 20:51:02.180  1612  1665 I chatty  : uid=1000(system) android.ui expire 5 lines
11-29 20:51:03.003  1612  8739 I chatty  : uid=1000(system) Binder:1612_1F expire 1 line
11-29 20:51:03.195  1612  1628 I chatty  : uid=1000(system) Binder:1612_2 expire 3 lines
11-29 20:51:53.302   928  1115 E storaged: getDiskStats failed with result NOT_SUPPORTED and size 0
11-29 20:52:48.809  1612  3322 I chatty  : uid=1000(system) Binder:1612_10 expire 10 lines
11-29 20:52:53.304   928  1115 E storaged: getDiskStats failed with result NOT_SUPPORTED and size 0
11-29 20:53:08.227 22051 22051 E SchedPolicy: set_timerslack_ns write failed: Operation not permitted
11-29 20:53:08.227 22051 22051 E SchedPolicy: set_timerslack_ns write failed: Operation not permitted
11-29 20:53:08.281  1612  2879 I chatty  : uid=1000(system) Binder:1612_B expire 1 line
11-29 20:53:08.373 22051 22051 E SchedPolicy: set_timerslack_ns write failed: Operation not permitted
11-29 20:53:08.717  1612  1664 I chatty  : uid=1000(system) ActivityManager expire 13 lines
11-29 20:53:09.048  1612  1976 I chatty  : uid=1000(system) ConnectivitySer expire 3 lines
11-29 20:53:10.049  1612  8808 I chatty  : uid=1000(system) Binder:1612_20 expire 1 line
11-29 20:53:10.129  1612  1671 I chatty  : uid=1000(system) batterystats-wo expire 14 lines
11-29 20:53:10.133 22051 22051 E SchedPolicy: set_timerslack_ns write failed: Operation not permitted
11-29 20:53:10.133 22051 22051 E SchedPolicy: set_timerslack_ns write failed: Operation not permitted
11-29 20:53:10.149  1612  6899 I chatty  : uid=1000(system) Binder:1612_1C expire 1 line
11-29 20:53:10.167  1612  1997 I chatty  : uid=1000(system) Binder:1612_4 expire 1 line
11-29 20:53:10.190  1612  5537 I chatty  : uid=1000(system) Binder:1612_16 expire 1 line
11-29 20:53:10.331 22051 22051 E SchedPolicy: set_timerslack_ns write failed: Operation not permitted
11-29 20:53:10.371  1612  3104 I chatty  : uid=1000(system) Binder:1612_C expire 1 line
11-29 20:53:10.372  1612  5296 I chatty  : uid=1000(system) Binder:1612_13 expire 1 line
11-29 20:53:10.406  1612  3322 I chatty  : uid=1000(system) Binder:1612_10 expire 4 lines
11-29 20:53:10.627  1612  2802 I chatty  : uid=1000(system) Binder:1612_8 expire 2 lines
11-29 20:53:10.657  1612  1843 I chatty  : uid=1000(system) android.anim expire 3 lines
11-29 20:53:10.682  1612  4594 I chatty  : uid=1000(system) Binder:1612_12 expire 6 lines
11-29 20:53:31.942  1612  1849 I chatty  : uid=1000(system) UEventObserver expire 4 lines
11-29 20:53:53.307   928  1115 E storaged: getDiskStats failed with result NOT_SUPPORTED and size 0
11-29 20:54:53.314   928  1115 E storaged: getDiskStats failed with result NOT_SUPPORTED and size 0
11-29 20:55:53.315   928  1115 E storaged: getDiskStats failed with result NOT_SUPPORTED and size 0
11-29 20:56:53.316   928  1115 E storaged: getDiskStats failed with result NOT_SUPPORTED and size 0
11-29 20:57:09.675  1612  1690 I chatty  : uid=1000(system) PowerManagerSer expire 4 lines
11-29 20:57:09.983  1612  1671 I chatty  : uid=1000(system) batterystats-wo expire 6 lines
11-29 21:02:11.149  1612  4594 I chatty  : uid=1000(system) Binder:1612_12 expire 4 lines
11-29 21:02:11.175  1612  1684 I chatty  : uid=1000(system) android.fg expire 7 lines
11-29 21:02:11.430  1612  2318 I chatty  : uid=1000(system) Binder:1612_6 expire 15 lines
11-29 21:02:41.144  1612  1954 I chatty  : uid=1000(system) InputReader expire 1 line
11-29 21:02:41.145  1612  1612 I chatty  : uid=1000 system_server expire 12 lines
11-29 21:02:41.193  1612  1686 I chatty  : uid=1000(system) android.display expire 7 lines
11-29 21:02:41.527  1612  1665 I chatty  : uid=1000(system) android.ui expire 2 lines
